<?xml version="1.0" encoding="utf-8"?>
<TestRun id="fa10d01b-4e59-4b14-a82c-f2e18a80a846" name="123@DESKTOP-SR3Q9NW 2026-09-07 19:59:24" runUser="DESKTOP-SR3Q9NW\123" xmlns="http://microsoft.com/schemas/VisualStudio/TeamTest/2010">
  <Times creation="2026-09-07T19:59:24.8968374+09:00" queuing="2026-09-07T19:59:24.8968375+09:00" start="2026-09-07T19:59:24.5436724+09:00" finish="2026-09-07T19:59:25.6748212+09:00" />
  <TestSettings name="default" id="725bfa82-cb66-4327-8eb7-1816c4e339c7">
    <Deployment runDeploymentRoot="123_DESKTOP-SR3Q9NW_2026-09-07_19_59_24" />
  </TestSettings>
  <Results>
    <UnitTestResult executionId="e052b715-e87b-4c57-8cf2-6ca1f6b8c66e" testId="848940b1-abab-d1dd-e2d4-4d08bbc9d04c" testName="PlannerEvidenceCapture.Tests.CaptureOutputScopeTests.JunctionAncestorAndInjectedJunctionSinkAreRejected" computerName="DESKTOP-SR3Q9NW" duration="00:00:00.0038810" startTime="2026-09-07T19:59:24.8868503+09:00" endTime="2026-09-07T19:59:24.8868504+09:00" testType="13cdc9d9-ddb5-4fa4-a97d-d965ccfc6d4b" outcome="Passed" testListId="8c84fa94-04c1-424b-9868-57a2d4851a1d" relativeResultsDirectory="e052b715-e87b-4c57-8cf2-6ca1f6b8c66e" />
    <UnitTestResult executionId="22ec8b2d-1edf-4e55-a0e1-fd8a67f7f8e6" testId="78733b86-6553-702b-5b78-e8bea337a817" testName="PlannerEvidenceCapture.Tests.CapturePixelContractTests.ValidateRejectsEmptyImageTile" computerName="DESKTOP-SR3Q9NW" duration="00:00:00.0001657" startTime="2026-09-07T19:59:24.8830034+09:00" endTime="2026-09-07T19:59:24.8830034+09:00" testType="13cdc9d9-ddb5-4fa4-a97d-d965ccfc6d4b" outcome="Passed" testListId="8c84fa94-04c1-424b-9868-57a2d4851a1d" relativeResultsDirectory="22ec8b2d-1edf-4e55-a0e1-fd8a67f7f8e6" />
    <UnitTestResult executionId="4fea7c52-bf95-4e33-809b-d13b4da28f3c" testId="aca4c4fa-4fc8-62a4-8af4-403dc538916c" testName="PlannerEvidenceCapture.Tests.CaptureSourceFingerprintTests.ComputeIsDeterministicAndInputOrderStable" computerName="DESKTOP-SR3Q9NW" duration="00:00:00.0044514" startTime="2026-09-07T19:59:24.8823696+09:00" endTime="2026-09-07T19:59:24.8823696+09:00" testType="13cdc9d9-ddb5-4fa4-a97d-d965ccfc6d4b" outcome="Passed" testListId="8c84fa94-04c1-424b-9868-57a2d4851a1d" relativeResultsDirectory="4fea7c52-bf95-4e33-809b-d13b4da28f3c" />
    <UnitTestResult executionId="c65fb31d-81a6-4ca6-a6b1-b3d2d9a13f37" testId="15a6d1c2-bc5b-c039-9599-f98f7a710f58" testName="PlannerEvidenceCapture.Tests.CaptureOutputScopeTests.OutputWritesAreCreateNewAndContained" computerName="DESKTOP-SR3Q9NW" duration="00:00:00.0023484" startTime="2026-09-07T19:59:24.8835136+09:00" endTime="2026-09-07T19:59:24.8835136+09:00" testType="13cdc9d9-ddb5-4fa4-a97d-d965ccfc6d4b" outcome="Passed" testListId="8c84fa94-04c1-424b-9868-57a2d4851a1d" relativeResultsDirectory="c65fb31d-81a6-4ca6-a6b1-b3d2d9a13f37" />
    <UnitTestResult executionId="82b4723c-2147-4041-bb86-5a34ab02ade6" testId="37dd5e02-edb8-4635-d2da-22277fa36199" testName="PlannerEvidenceCapture.Tests.CaptureOutputScopeTests.RejectsSymbolicLinkParentWithoutWritingToTarget" computerName="DESKTOP-SR3Q9NW" duration="00:00:00.0010000" startTime="2026-09-07T19:59:24.8889681+09:00" endTime="2026-09-07T19:59:24.8889682+09:00" testType="13cdc9d9-ddb5-4fa4-a97d-d965ccfc6d4b" outcome="NotExecuted" testListId="8c84fa94-04c1-424b-9868-57a2d4851a1d" relativeResultsDirectory="82b4723c-2147-4041-bb86-5a34ab02ade6">
      <Output>
        <ErrorInfo>
          <Message>Host lacks CreateSymbolicLink privilege; no elevation or policy change. Reparse mask is covered with fake attributes.</Message>
        </ErrorInfo>
      </Output>
    </UnitTestResult>
    <UnitTestResult executionId="f7dc9e19-da65-4476-923d-ab38dff64a6e" testId="ca73831b-1b58-c86d-20c6-a2abbf90a6a3" testName="PlannerEvidenceCapture.Tests.CapturePreflightTests.ActualBundledMetadataPassesLexicalPreflightWithoutWpf" computerName="DESKTOP-SR3Q9NW" duration="00:00:00.2360913" startTime="2026-09-07T19:59:25.6309505+09:00" endTime="2026-09-07T19:59:25.6309507+09:00" testType="13cdc9d9-ddb5-4fa4-a97d-d965ccfc6d4b" outcome="Passed" testListId="8c84fa94-04c1-424b-9868-57a2d4851a1d" relativeResultsDirectory="f7dc9e19-da65-4476-923d-ab38dff64a6e" />
    <UnitTestResult executionId="11d904cc-a0e5-46fd-863a-1da12d114ed5" testId="54d20e25-7d87-af05-1005-f725a3083597" testName="PlannerEvidenceCapture.Tests.CapturePreflightTests.UnsafeImageInputsAreRejectedWithoutImageFactoryOrIo(id: &quot;rawcode:../x&quot;, fallback: &quot;&quot;)" computerName="DESKTOP-SR3Q9NW" duration="00:00:00.0000112" startTime="2026-09-07T19:59:25.3946908+09:00" endTime="2026-09-07T19:59:25.3946909+09:00" testType="13cdc9d9-ddb5-4fa4-a97d-d965ccfc6d4b" outcome="Passed" testListId="8c84fa94-04c1-424b-9868-57a2d4851a1d" relativeResultsDirectory="11d904cc-a0e5-46fd-863a-1da12d114ed5" />
    <UnitTestResult executionId="f61a8ff6-bc46-40ba-b39c-b97d981a1f1d" testId="0e89d11e-3bc5-4781-7c2e-cb1dd9d0ce19" testName="PlannerEvidenceCapture.Tests.CaptureOutputScopeTests.ReservedDeviceNamesAreRejectedBeforeFileOpen(name: &quot;COM1.json&quot;)" computerName="DESKTOP-SR3Q9NW" duration="00:00:00.0010796" startTime="2026-09-07T19:59:24.8832314+09:00" endTime="2026-09-07T19:59:24.8832315+09:00" testType="13cdc9d9-ddb5-4fa4-a97d-d965ccfc6d4b" outcome="Passed" testListId="8c84fa94-04c1-424b-9868-57a2d4851a1d" relativeResultsDirectory="f61a8ff6-bc46-40ba-b39c-b97d981a1f1d" />
    <UnitTestResult executionId="638a50ef-1c8e-47c2-99e4-c0c5c3b96eb6" testId="11d45351-d1cf-0b26-8041-f1852aefa518" testName="PlannerEvidenceCapture.Tests.CapturePreflightTests.JournalModesAreAcceptedAfterFixtureSeam(flag: &quot;--coach-app&quot;)" computerName="DESKTOP-SR3Q9NW" duration="00:00:00.0025645" startTime="2026-09-07T19:59:24.8678932+09:00" endTime="2026-09-07T19:59:24.8679048+09:00" testType="13cdc9d9-ddb5-4fa4-a97d-d965ccfc6d4b" outcome="Passed" testListId="8c84fa94-04c1-424b-9868-57a2d4851a1d" relativeResultsDirectory="638a50ef-1c8e-47c2-99e4-c0c5c3b96eb6" />
    <UnitTestResult executionId="aca22b3e-0044-4e09-806e-ba0ba0b1859b" testId="469b7b52-3871-f664-690e-5282a89cbf2e" testName="PlannerEvidenceCapture.Tests.CaptureSourceFingerprintTests.CaptureVariantsCoverEveryPendingStateAtSupportedScales" computerName="DESKTOP-SR3Q9NW" duration="00:00:00.0163362" startTime="2026-09-07T19:59:24.8877478+09:00" endTime="2026-09-07T19:59:24.8877479+09:00" testType="13cdc9d9-ddb5-4fa4-a97d-d965ccfc6d4b" outcome="Passed" testListId="8c84fa94-04c1-424b-9868-57a2d4851a1d" relativeResultsDirectory="aca22b3e-0044-4e09-806e-ba0ba0b1859b" />
    <UnitTestResult executionId="23e16835-f4d0-45bc-8252-87dcfcabf5ad" testId="7bfd89ec-7d28-9502-2349-8741c87554b7" testName="PlannerEvidenceCapture.Tests.CaptureOutputScopeTests.RejectsNonLocalAbsolutePathsBeforeIo(output: &quot;C:relative&quot;)" computerName="DESKTOP-SR3Q9NW" duration="00:00:00.0004036" startTime="2026-09-07T19:59:24.8829893+09:00" endTime="2026-09-07T19:59:24.8829894+09:00" testType="13cdc9d9-ddb5-4fa4-a97d-d965ccfc6d4b" outcome="Passed" testListId="8c84fa94-04c1-424b-9868-57a2d4851a1d" relativeResultsDirectory="23e16835-f4d0-45bc-8252-87dcfcabf5ad" />
    <UnitTestResult executionId="db54c20e-5ff1-44e9-812c-a6d16e227027" testId="b93f9eb9-892d-30b0-7dc4-32701130504e" testName="PlannerEvidenceCapture.Tests.CapturePreflightTests.UnsafeImageInputsAreRejectedWithoutImageFactoryOrIo(id: &quot;luffy_common&quot;, fallback: &quot;C:\\fake\\sentinel.png&quot;)" computerName="DESKTOP-SR3Q9NW" duration="00:00:00.0002048" startTime="2026-09-07T19:59:25.3940679+09:00" endTime="2026-09-07T19:59:25.3940679+09:00" testType="13cdc9d9-ddb5-4fa4-a97d-d965ccfc6d4b" outcome="Passed" testListId="8c84fa94-04c1-424b-9868-57a2d4851a1d" relativeResultsDirectory="db54c20e-5ff1-44e9-812c-a6d16e227027" />
    <UnitTestResult executionId="3736653a-8e93-46dd-9e52-b2718a7e0f6a" testId="c28f37f5-7822-e649-7078-c9200360de70" testName="PlannerEvidenceCapture.Tests.CaptureOutputScopeTests.RejectsAllReparseTagsAndNonDirectoriesWithoutPathProbe(attributes: ReparsePoint)" computerName="DESKTOP-SR3Q9NW" duration="00:00:00.0005871" startTime="2026-09-07T19:59:24.8833447+09:00" endTime="2026-09-07T19:59:24.8833447+09:00" testType="13cdc9d9-ddb5-4fa4-a97d-d965ccfc6d4b" outcome="Passed" testListId="8c84fa94-04c1-424b-9868-57a2d4851a1d" relativeResultsDirectory="3736653a-8e93-46dd-9e52-b2718a7e0f6a" />
    <UnitTestResult executionId="d56f6369-415c-4782-8b91-389c55ac5b45" testId="80ed0787-6303-b04d-e553-2b9f024bce55" testName="PlannerEvidenceCapture.Tests.CaptureOutputScopeTests.RunDirectoryCannotBeRenamedWhileScopeIsAlive" computerName="DESKTOP-SR3Q9NW" duration="00:00:00.0014864" startTime="2026-09-07T19:59:24.8832765+09:00" endTime="2026-09-07T19:59:24.8832765+09:00" testType="13cdc9d9-ddb5-4fa4-a97d-d965ccfc6d4b" outcome="Passed" testListId="8c84fa94-04c1-424b-9868-57a2d4851a1d" relativeResultsDirectory="d56f6369-415c-4782-8b91-389c55ac5b45" />
    <UnitTestResult executionId="229133e9-c75b-4c52-bb72-ed17a0aec101" testId="d0349b58-901d-69f9-c98a-c73bb8f47869" testName="PlannerEvidenceCapture.Tests.CaptureIsolationSourceTests.AllCaptureWritesRouteThroughScopeAndPreflightPrecedesApp" computerName="DESKTOP-SR3Q9NW" duration="00:00:00.0215314" startTime="2026-09-07T19:59:24.9001582+09:00" endTime="2026-09-07T19:59:24.9001588+09:00" testType="13cdc9d9-ddb5-4fa4-a97d-d965ccfc6d4b" outcome="Passed" testListId="8c84fa94-04c1-424b-9868-57a2d4851a1d" relativeResultsDirectory="229133e9-c75b-4c52-bb72-ed17a0aec101" />
    <UnitTestResult executionId="78cbbac7-f7dd-4c9d-93d7-c6e95194b895" testId="42ac3b77-9d75-99b9-2173-44f801b6b3e2" testName="PlannerEvidenceCapture.Tests.CaptureOutputScopeTests.RejectsDotSegmentsInsteadOfNormalizingThemIntoApprovedRoot" computerName="DESKTOP-SR3Q9NW" duration="00:00:00.0005959" startTime="2026-09-07T19:59:24.8909864+09:00" endTime="2026-09-07T19:59:24.8909865+09:00" testType="13cdc9d9-ddb5-4fa4-a97d-d965ccfc6d4b" outcome="Passed" testListId="8c84fa94-04c1-424b-9868-57a2d4851a1d" relativeResultsDirectory="78cbbac7-f7dd-4c9d-93d7-c6e95194b895" />
    <UnitTestResult executionId="58947a27-26fc-4bd5-bc4b-bce4bc46703a" testId="3cdffcc5-14e3-a162-d7f8-d08facb3439c" testName="PlannerEvidenceCapture.Tests.CapturePixelContractTests.ValidateAcceptsOpaquePopulatedBorderedFrame" computerName="DESKTOP-SR3Q9NW" duration="00:00:00.0017474" startTime="2026-09-07T19:59:24.8830204+09:00" endTime="2026-09-07T19:59:24.8830204+09:00" testType="13cdc9d9-ddb5-4fa4-a97d-d965ccfc6d4b" outcome="Passed" testListId="8c84fa94-04c1-424b-9868-57a2d4851a1d" relativeResultsDirectory="58947a27-26fc-4bd5-bc4b-bce4bc46703a" />
    <UnitTestResult executionId="51c15802-0489-4f2f-8d2d-547725465dc5" testId="39d4295f-22df-487c-e998-caf3aaa8d445" testName="PlannerEvidenceCapture.Tests.CaptureOutputScopeTests.NestedOutputsAreOwnedAndPinnedAndScopeDisposalClosesWriters" computerName="DESKTOP-SR3Q9NW" duration="00:00:00.0023128" startTime="2026-09-07T19:59:24.8833275+09:00" endTime="2026-09-07T19:59:24.8833276+09:00" testType="13cdc9d9-ddb5-4fa4-a97d-d965ccfc6d4b" outcome="Passed" testListId="8c84fa94-04c1-424b-9868-57a2d4851a1d" relativeResultsDirectory="51c15802-0489-4f2f-8d2d-547725465dc5" />
    <UnitTestResult executionId="aaf4fc21-9411-4795-9f21-a7b1d9748201" testId="dfeb214a-8fdf-ad34-96a8-1e2b6f4fc3e6" testName="PlannerEvidenceCapture.Tests.CapturePreflightTests.LiveAndUnguardedJournalModesAreRejectedBeforeApp(flag: &quot;--bullet-guide-live&quot;)" computerName="DESKTOP-SR3Q9NW" duration="00:00:00.0001005" startTime="2026-09-07T19:59:24.8823431+09:00" endTime="2026-09-07T19:59:24.8823432+09:00" testType="13cdc9d9-ddb5-4fa4-a97d-d965ccfc6d4b" outcome="Passed" testListId="8c84fa94-04c1-424b-9868-57a2d4851a1d" relativeResultsDirectory="aaf4fc21-9411-4795-9f21-a7b1d9748201" />
    <UnitTestResult executionId="e8b3e434-a77d-4e1d-893d-41d8e7e60054" testId="9c5eedcb-4f0f-faf1-697e-da6446999cc4" testName="PlannerEvidenceCapture.Tests.CapturePixelContractTests.ValidateRejectsMissingBorder" computerName="DESKTOP-SR3Q9NW" duration="00:00:00.0001499" startTime="2026-09-07T19:59:24.8823114+09:00" endTime="2026-09-07T19:59:24.8823114+09:00" testType="13cdc9d9-ddb5-4fa4-a97d-d965ccfc6d4b" outcome="Passed" testListId="8c84fa94-04c1-424b-9868-57a2d4851a1d" relativeResultsDirectory="e8b3e434-a77d-4e1d-893d-41d8e7e60054" />
    <UnitTestResult executionId="f2773a9a-afb5-48b5-8927-0cf648380b85" testId="1e0a3317-eef3-68c1-bf4a-1677129e08c3" testName="PlannerEvidenceCapture.Tests.CapturePreflightTests.UnknownButLexicallySafeFixtureIdIsRejectedByBundledAllowlist" computerName="DESKTOP-SR3Q9NW" duration="00:00:00.0003560" startTime="2026-09-07T19:59:25.3947506+09:00" endTime="2026-09-07T19:59:25.3947506+09:00" testType="13cdc9d9-ddb5-4fa4-a97d-d965ccfc6d4b" outcome="Passed" testListId="8c84fa94-04c1-424b-9868-57a2d4851a1d" relativeResultsDirectory="f2773a9a-afb5-48b5-8927-0cf648380b85" />
    <UnitTestResult executionId="70ec6f87-b10d-4999-9c4d-902a33314c27" testId="2a643143-c04d-4cec-4624-5be5540bedf8" testName="PlannerEvidenceCapture.Tests.CaptureSourceFingerprintTests.CanonicalInputsBindOverlayThemeExactlyOnce" computerName="DESKTOP-SR3Q9NW" duration="00:00:00.0028774" startTime="2026-09-07T19:59:24.8830707+09:00" endTime="2026-09-07T19:59:24.8830708+09:00" testType="13cdc9d9-ddb5-4fa4-a97d-d965ccfc6d4b" outcome="Passed" testListId="8c84fa94-04c1-424b-9868-57a2d4851a1d" relativeResultsDirectory="70ec6f87-b10d-4999-9c4d-902a33314c27" />
    <UnitTestResult executionId="8571743c-d0d7-460e-8a34-5e6036f8c46a" testId="9bd3e4dc-7b3c-a04a-004f-400663de7e2a" testName="PlannerEvidenceCapture.Tests.CaptureOutputScopeTests.ReservedDeviceNamesAreRejectedBeforeFileOpen(name: &quot;NUL.txt&quot;)" computerName="DESKTOP-SR3Q9NW" duration="00:00:00.0024181" startTime="2026-09-07T19:59:24.8830458+09:00" endTime="2026-09-07T19:59:24.8830458+09:00" testType="13cdc9d9-ddb5-4fa4-a97d-d965ccfc6d4b" outcome="Passed" testListId="8c84fa94-04c1-424b-9868-57a2d4851a1d" relativeResultsDirectory="8571743c-d0d7-460e-8a34-5e6036f8c46a" />
    <UnitTestResult executionId="8992dd47-3035-4463-b831-e451658d7faa" testId="241fae05-46b6-fe7b-92a8-b09bfdc03567" testName="PlannerEvidenceCapture.Tests.CapturePixelContractTests.FlattenMakesPremultipliedPixelsOpaque" computerName="DESKTOP-SR3Q9NW" duration="00:00:00.0002336" startTime="2026-09-07T19:59:24.8829464+09:00" endTime="2026-09-07T19:59:24.8829464+09:00" testType="13cdc9d9-ddb5-4fa4-a97d-d965ccfc6d4b" outcome="Passed" testListId="8c84fa94-04c1-424b-9868-57a2d4851a1d" relativeResultsDirectory="8992dd47-3035-4463-b831-e451658d7faa" />
    <UnitTestResult executionId="3d0e1149-8f99-4950-8d60-19046d39a0cd" testId="3a00a699-dfdc-625e-9c98-51146d33c72f" testName="PlannerEvidenceCapture.Tests.CapturePixelContractTests.ValidateRejectsMissingLeftStart" computerName="DESKTOP-SR3Q9NW" duration="00:00:00.0040201" startTime="2026-09-07T19:59:24.8694113+09:00" endTime="2026-09-07T19:59:24.8694114+09:00" testType="13cdc9d9-ddb5-4fa4-a97d-d965ccfc6d4b" outcome="Passed" testListId="8c84fa94-04c1-424b-9868-57a2d4851a1d" relativeResultsDirectory="3d0e1149-8f99-4950-8d60-19046d39a0cd" />
    <UnitTestResult executionId="e2ea3d8c-4dca-456c-a526-3c3e0dbaf3cd" testId="d4d25310-0e6c-0c31-52d6-c89ff3f00ed8" testName="PlannerEvidenceCapture.Tests.CaptureOutputScopeTests.ReservedDeviceNamesAreRejectedBeforeFileOpen(name: &quot;CON&quot;)" computerName="DESKTOP-SR3Q9NW" duration="00:00:00.0008595" startTime="2026-09-07T19:59:24.8832601+09:00" endTime="2026-09-07T19:59:24.8832601+09:00" testType="13cdc9d9-ddb5-4fa4-a97d-d965ccfc6d4b" outcome="Passed" testListId="8c84fa94-04c1-424b-9868-57a2d4851a1d" relativeResultsDirectory="e2ea3d8c-4dca-456c-a526-3c3e0dbaf3cd" />
    <UnitTestResult executionId="18e73afc-d9a7-400a-ad82-84d5c9ed04d5" testId="290c080d-a865-7d5d-c2e7-52ce209aef84" testName="PlannerEvidenceCapture.Tests.CaptureOutputScopeTests.ApprovedParentMustAlreadyExist" computerName="DESKTOP-SR3Q9NW" duration="00:00:00.0006228" startTime="2026-09-07T19:59:24.8832927+09:00" endTime="2026-09-07T19:59:24.8832927+09:00" testType="13cdc9d9-ddb5-4fa4-a97d-d965ccfc6d4b" outcome="Passed" testListId="8c84fa94-04c1-424b-9868-57a2d4851a1d" relativeResultsDirectory="18e73afc-d9a7-400a-ad82-84d5c9ed04d5" />
    <UnitTestResult executionId="fb912d3d-6e29-4950-a455-340de35b9f49" testId="feea68fb-9cf7-a25e-3b65-736063739f10" testName="PlannerEvidenceCapture.Tests.CaptureOutputScopeTests.InjectedExistingChildDirectoryIsNotAdopted" computerName="DESKTOP-SR3Q9NW" duration="00:00:00.0014876" startTime="2026-09-07T19:59:24.8883931+09:00" endTime="2026-09-07T19:59:24.8883933+09:00" testType="13cdc9d9-ddb5-4fa4-a97d-d965ccfc6d4b" outcome="Passed" testListId="8c84fa94-04c1-424b-9868-57a2d4851a1d" relativeResultsDirectory="fb912d3d-6e29-4950-a455-340de35b9f49" />
    <UnitTestResult executionId="25288236-6ede-4304-97fa-be53b286b909" testId="e72cdd98-98cd-bd89-7754-50c05c7ce646" testName="PlannerEvidenceCapture.Tests.CaptureOutputScopeTests.RejectsAllReparseTagsAndNonDirectoriesWithoutPathProbe(attributes: Directory | ReparsePoint)" computerName="DESKTOP-SR3Q9NW" duration="00:00:00.0007336" startTime="2026-09-07T19:59:24.8834842+09:00" endTime="2026-09-07T19:59:24.8834842+09:00" testType="13cdc9d9-ddb5-4fa4-a97d-d965ccfc6d4b" outcome="Passed" testListId="8c84fa94-04c1-424b-9868-57a2d4851a1d" relativeResultsDirectory="25288236-6ede-4304-97fa-be53b286b909" />
    <UnitTestResult executionId="e4a98cac-55fc-4d14-9844-a2855bd24848" testId="82ea1eb4-9142-b1fd-4dc5-bf24f901bfdd" testName="PlannerEvidenceCapture.Tests.CaptureOutputScopeTests.ReservedDeviceNamesAreRejectedBeforeFileOpen(name: &quot;LPT1.png&quot;)" computerName="DESKTOP-SR3Q9NW" duration="00:00:00.0009852" startTime="2026-09-07T19:59:24.8832458+09:00" endTime="2026-09-07T19:59:24.8832458+09:00" testType="13cdc9d9-ddb5-4fa4-a97d-d965ccfc6d4b" outcome="Passed" testListId="8c84fa94-04c1-424b-9868-57a2d4851a1d" relativeResultsDirectory="e4a98cac-55fc-4d14-9844-a2855bd24848" />
    <UnitTestResult executionId="487b6749-9043-4f28-8c9f-139173ff6d7e" testId="9c520e64-6b2e-b1a0-ad77-9b371ce68488" testName="PlannerEvidenceCapture.Tests.CaptureSourceFingerprintTests.ComputeChangesWhenOnlyOverlayThemeChanges" computerName="DESKTOP-SR3Q9NW" duration="00:00:00.0014507" startTime="2026-09-07T19:59:24.8892612+09:00" endTime="2026-09-07T19:59:24.8892612+09:00" testType="13cdc9d9-ddb5-4fa4-a97d-d965ccfc6d4b" outcome="Passed" testListId="8c84fa94-04c1-424b-9868-57a2d4851a1d" relativeResultsDirectory="487b6749-9043-4f28-8c9f-139173ff6d7e" />
    <UnitTestResult executionId="5efa650d-b890-469e-b5d5-90eeaaf7fae6" testId="13e576b0-42aa-1f97-3ad8-214f12fd95a6" testName="PlannerEvidenceCapture.Tests.CapturePixelContractTests.ValidateRejectsEmptyBackground" computerName="DESKTOP-SR3Q9NW" duration="00:00:00.0001117" startTime="2026-09-07T19:59:24.8830355+09:00" endTime="2026-09-07T19:59:24.8830356+09:00" testType="13cdc9d9-ddb5-4fa4-a97d-d965ccfc6d4b" outcome="Passed" testListId="8c84fa94-04c1-424b-9868-57a2d4851a1d" relativeResultsDirectory="5efa650d-b890-469e-b5d5-90eeaaf7fae6" />
    <UnitTestResult executionId="6dc94486-2b4b-41da-9b78-faa70997473a" testId="66c21e0c-c331-4c96-70c6-c8d5cfc85be9" testName="PlannerEvidenceCapture.Tests.CapturePreflightTests.FixtureJournalContext_SuppliesMemoryJournalWithoutPath" computerName="DESKTOP-SR3Q9NW" duration="00:00:00.5254615" startTime="2026-09-07T19:59:25.3938279+09:00" endTime="2026-09-07T19:59:25.3938281+09:00" testType="13cdc9d9-ddb5-4fa4-a97d-d965ccfc6d4b" outcome="Passed" testListId="8c84fa94-04c1-424b-9868-57a2d4851a1d" relativeResultsDirectory="6dc94486-2b4b-41da-9b78-faa70997473a" />
    <UnitTestResult executionId="ab8a24e8-cfeb-49cb-b333-347a2edd06c7" testId="e3dedca9-b946-93ee-3698-4aa05a9d69a0" testName="PlannerEvidenceCapture.Tests.CapturePreflightTests.LiveAndUnguardedJournalModesAreRejectedBeforeApp(flag: &quot;--live-quests&quot;)" computerName="DESKTOP-SR3Q9NW" duration="00:00:00.0000179" startTime="2026-09-07T19:59:24.8823562+09:00" endTime="2026-09-07T19:59:24.8823562+09:00" testType="13cdc9d9-ddb5-4fa4-a97d-d965ccfc6d4b" outcome="Passed" testListId="8c84fa94-04c1-424b-9868-57a2d4851a1d" relativeResultsDirectory="ab8a24e8-cfeb-49cb-b333-347a2edd06c7" />
    <UnitTestResult executionId="e37eb491-67cf-4006-b29a-b58a1e89ad34" testId="6a28b470-5001-f1e2-1189-2facb933893f" testName="PlannerEvidenceCapture.Tests.CapturePreflightTests.UnsafeImageInputsAreRejectedWithoutImageFactoryOrIo(id: &quot;luffy_common&quot;, fallback: &quot;file:///C:/fake/sentinel.png&quot;)" computerName="DESKTOP-SR3Q9NW" duration="00:00:00.0000120" startTime="2026-09-07T19:59:25.3943541+09:00" endTime="2026-09-07T19:59:25.3943541+09:00" testType="13cdc9d9-ddb5-4fa4-a97d-d965ccfc6d4b" outcome="Passed" testListId="8c84fa94-04c1-424b-9868-57a2d4851a1d" relativeResultsDirectory="e37eb491-67cf-4006-b29a-b58a1e89ad34" />
    <UnitTestResult executionId="82845b5c-9285-4fdc-bfd7-139eb2099261" testId="79d4431e-957a-1c64-ce86-5a1f149a4341" testName="PlannerEvidenceCapture.Tests.CapturePixelContractTests.ValidateRejectsTransparentEvidence" computerName="DESKTOP-SR3Q9NW" duration="00:00:00.0000987" startTime="2026-09-07T19:59:24.8829730+09:00" endTime="2026-09-07T19:59:24.8829730+09:00" testType="13cdc9d9-ddb5-4fa4-a97d-d965ccfc6d4b" outcome="Passed" testListId="8c84fa94-04c1-424b-9868-57a2d4851a1d" relativeResultsDirectory="82845b5c-9285-4fdc-bfd7-139eb2099261" />
    <UnitTestResult executionId="94bd868c-765d-428b-aa74-926a42df6442" testId="939cdac7-abf3-4bba-494a-8706a46bb921" testName="PlannerEvidenceCapture.Tests.CapturePreflightTests.UnsafeImageInputsAreRejectedWithoutImageFactoryOrIo(id: &quot;\\\\fake-server\\share\\x&quot;, fallback: &quot;&quot;)" computerName="DESKTOP-SR3Q9NW" duration="00:00:00.0001631" startTime="2026-09-07T19:59:25.3942651+09:00" endTime="2026-09-07T19:59:25.3942652+09:00" testType="13cdc9d9-ddb5-4fa4-a97d-d965ccfc6d4b" outcome="Passed" testListId="8c84fa94-04c1-424b-9868-57a2d4851a1d" relativeResultsDirectory="94bd868c-765d-428b-aa74-926a42df6442" />
    <UnitTestResult executionId="2a1f3468-6d3f-474d-8c69-4474a050ea09" testId="5b2da5cb-41da-33f3-9d4e-55597e93b4bd" testName="PlannerEvidenceCapture.Tests.CaptureOutputScopeTests.RejectsNonLocalAbsolutePathsBeforeIo(output: &quot;relative&quot;)" computerName="DESKTOP-SR3Q9NW" duration="00:00:00.0039363" startTime="2026-09-07T19:59:24.8692512+09:00" endTime="2026-09-07T19:59:24.8692512+09:00" testType="13cdc9d9-ddb5-4fa4-a97d-d965ccfc6d4b" outcome="Passed" testListId="8c84fa94-04c1-424b-9868-57a2d4851a1d" relativeResultsDirectory="2a1f3468-6d3f-474d-8c69-4474a050ea09" />
    <UnitTestResult executionId="b6185a13-d48d-4dba-9ac5-2aafcdbfeabe" testId="19ceb9b0-d5cf-d820-1092-c2104703fa19" testName="PlannerEvidenceCapture.Tests.CapturePreflightTests.UnsafeImageInputsAreRejectedWithoutImageFactoryOrIo(id: &quot;luffy_common&quot;, fallback: &quot;\\\\fake-server\\share\\sentinel.png&quot;)" computerName="DESKTOP-SR3Q9NW" duration="00:00:00.0000208" startTime="2026-09-07T19:59:25.3943312+09:00" endTime="2026-09-07T19:59:25.3943312+09:00" testType="13cdc9d9-ddb5-4fa4-a97d-d965ccfc6d4b" outcome="Passed" testListId="8c84fa94-04c1-424b-9868-57a2d4851a1d" relativeResultsDirectory="b6185a13-d48d-4dba-9ac5-2aafcdbfeabe" />
    <UnitTestResult executionId="91c61504-a583-4b94-9166-8afa8c6c5516" testId="e0fda1dc-a855-69a7-1c33-3f561400c7ed" testName="PlannerEvidenceCapture.Tests.CapturePreflightTests.JournalModesAreAcceptedAfterFixtureSeam(flag: &quot;--four-modes&quot;)" computerName="DESKTOP-SR3Q9NW" duration="00:00:00.0000033" startTime="2026-09-07T19:59:24.8693880+09:00" endTime="2026-09-07T19:59:24.8693881+09:00" testType="13cdc9d9-ddb5-4fa4-a97d-d965ccfc6d4b" outcome="Passed" testListId="8c84fa94-04c1-424b-9868-57a2d4851a1d" relativeResultsDirectory="91c61504-a583-4b94-9166-8afa8c6c5516" />
    <UnitTestResult executionId="167054af-a9b4-450a-91b7-aedfb3c9792d" testId="f3698a40-6d92-0404-3105-56fe7b7f6def" testName="PlannerEvidenceCapture.Tests.CaptureIsolationSourceTests.ControlledConstructorsUseExplicitFixtureAndWindowSettings" computerName="DESKTOP-SR3Q9NW" duration="00:00:00.0145637" startTime="2026-09-07T19:59:24.8833118+09:00" endTime="2026-09-07T19:59:24.8833119+09:00" testType="13cdc9d9-ddb5-4fa4-a97d-d965ccfc6d4b" outcome="Passed" testListId="8c84fa94-04c1-424b-9868-57a2d4851a1d" relativeResultsDirectory="167054af-a9b4-450a-91b7-aedfb3c9792d" />
    <UnitTestResult executionId="0aef8beb-1539-43ad-a0dc-0a9d3bbfbd8b" testId="78fd6c8f-41c2-d9ae-0a7c-58dafccdeeb4" testName="PlannerEvidenceCapture.Tests.CaptureOutputScopeTests.RejectsNonLocalAbsolutePathsBeforeIo(output: &quot;\\\\fake-server\\share\\out&quot;)" computerName="DESKTOP-SR3Q9NW" duration="00:00:00.0005837" startTime="2026-09-07T19:59:24.8823283+09:00" endTime="2026-09-07T19:59:24.8823283+09:00" testType="13cdc9d9-ddb5-4fa4-a97d-d965ccfc6d4b" outcome="Passed" testListId="8c84fa94-04c1-424b-9868-57a2d4851a1d" relativeResultsDirectory="0aef8beb-1539-43ad-a0dc-0a9d3bbfbd8b" />
    <UnitTestResult executionId="94a0d6db-f295-4f07-b8ac-b1c274471582" testId="66126302-2ac5-0b9f-b236-9fec83317051" testName="PlannerEvidenceCapture.Tests.CapturePreflightTests.UnsafeImageInputsAreRejectedWithoutImageFactoryOrIo(id: &quot;../sentinel&quot;, fallback: &quot;&quot;)" computerName="DESKTOP-SR3Q9NW" duration="00:00:00.0000180" startTime="2026-09-07T19:59:25.3942997+09:00" endTime="2026-09-07T19:59:25.3942998+09:00" testType="13cdc9d9-ddb5-4fa4-a97d-d965ccfc6d4b" outcome="Passed" testListId="8c84fa94-04c1-424b-9868-57a2d4851a1d" relativeResultsDirectory="94a0d6db-f295-4f07-b8ac-b1c274471582" />
    <UnitTestResult executionId="5d2e3e9b-46d5-4796-8a0e-9da861f39d87" testId="7ae547ed-1ec8-7a32-2471-9d8c71d7d9e7" testName="PlannerEvidenceCapture.Tests.CapturePreflightTests.JournalModesAreAcceptedAfterFixtureSeam(flag: &quot;--coach-finished-rewards&quot;)" computerName="DESKTOP-SR3Q9NW" duration="00:00:00.0001410" startTime="2026-09-07T19:59:24.8693724+09:00" endTime="2026-09-07T19:59:24.8693724+09:00" testType="13cdc9d9-ddb5-4fa4-a97d-d965ccfc6d4b" outcome="Passed" testListId="8c84fa94-04c1-424b-9868-57a2d4851a1d" relativeResultsDirectory="5d2e3e9b-46d5-4796-8a0e-9da861f39d87" />
    <UnitTestResult executionId="56dbebba-f160-4ffa-a5a6-d0f2b24f0248" testId="c40b947d-6a84-09df-4891-ece8762f5611" testName="PlannerEvidenceCapture.Tests.CaptureIsolationSourceTests.JournalCapturesUseFixtureJournalSeamWithoutPathReinjection" computerName="DESKTOP-SR3Q9NW" duration="00:00:00.0024223" startTime="2026-09-07T19:59:24.9026228+09:00" endTime="2026-09-07T19:59:24.9026230+09:00" testType="13cdc9d9-ddb5-4fa4-a97d-d965ccfc6d4b" outcome="Passed" testListId="8c84fa94-04c1-424b-9868-57a2d4851a1d" relativeResultsDirectory="56dbebba-f160-4ffa-a5a6-d0f2b24f0248" />
    <UnitTestResult executionId="ffeeea1b-ae21-4412-8cb9-80ec6b18d57a" testId="6b9cd6b8-ebb8-0fc3-846e-cfe7773f7448" testName="PlannerEvidenceCapture.Tests.CaptureOutputScopeTests.NewOwnedRunRejectsSiblingPrefixAndExistingOutput" computerName="DESKTOP-SR3Q9NW" duration="00:00:00.0018359" startTime="2026-09-07T19:59:24.8903497+09:00" endTime="2026-09-07T19:59:24.8903498+09:00" testType="13cdc9d9-ddb5-4fa4-a97d-d965ccfc6d4b" outcome="Passed" testListId="8c84fa94-04c1-424b-9868-57a2d4851a1d" relativeResultsDirectory="ffeeea1b-ae21-4412-8cb9-80ec6b18d57a" />
    <UnitTestResult executionId="6d156ae5-4391-4d86-b826-c833b8e697f2" testId="67a98265-ad9b-ef1d-c7d7-f16f4034ea34" testName="PlannerEvidenceCapture.Tests.CaptureOutputScopeTests.RejectsAllReparseTagsAndNonDirectoriesWithoutPathProbe(attributes: Normal)" computerName="DESKTOP-SR3Q9NW" duration="00:00:00.0004576" startTime="2026-09-07T19:59:24.8834975+09:00" endTime="2026-09-07T19:59:24.8834976+09:00" testType="13cdc9d9-ddb5-4fa4-a97d-d965ccfc6d4b" outcome="Passed" testListId="8c84fa94-04c1-424b-9868-57a2d4851a1d" relativeResultsDirectory="6d156ae5-4391-4d86-b826-c833b8e697f2" />
    <UnitTestResult executionId="d425e1b8-18b9-4278-92b7-c81842323496" testId="5ad5a59b-d3a8-1455-39ec-b508c89542bc" testName="PlannerEvidenceCapture.Tests.CapturePreflightTests.LiveAndUnguardedJournalModesAreRejectedBeforeApp(flag: &quot;--native-unit-probe&quot;)" computerName="DESKTOP-SR3Q9NW" duration="00:00:00.0004058" startTime="2026-09-07T19:59:24.8822204+09:00" endTime="2026-09-07T19:59:24.8822204+09:00" testType="13cdc9d9-ddb5-4fa4-a97d-d965ccfc6d4b" outcome="Passed" testListId="8c84fa94-04c1-424b-9868-57a2d4851a1d" relativeResultsDirectory="d425e1b8-18b9-4278-92b7-c81842323496" />
  </Results>
  <TestDefinitions>
    <UnitTest name="PlannerEvidenceCapture.Tests.CaptureIsolationSourceTests.ControlledConstructorsUseExplicitFixtureAndWindowSettings" storage="c:\users\123\desktop\dev\orand-overnight-overlay-20260907-111725\tools\plannerevidencecapture.tests\bin\debug\net8.0-windows\plannerevidencecapture.tests.dll" id="f3698a40-6d92-0404-3105-56fe7b7f6def">
      <Execution id="167054af-a9b4-450a-91b7-aedfb3c9792d" />
      <TestMethod codeBase="C:\Users\123\Desktop\dev\orand-overnight-overlay-20260907-111725\tools\PlannerEvidenceCapture.Tests\bin\Debug\net8.0-windows\PlannerEvidenceCapture.Tests.dll" adapterTypeName="executor://xunit/VsTestRunner2/netcoreapp" className="PlannerEvidenceCapture.Tests.CaptureIsolationSourceTests" name="ControlledConstructorsUseExplicitFixtureAndWindowSettings" />
    </UnitTest>
    <UnitTest name="PlannerEvidenceCapture.Tests.CaptureOutputScopeTests.ApprovedParentMustAlreadyExist" storage="c:\users\123\desktop\dev\orand-overnight-overlay-20260907-111725\tools\plannerevidencecapture.tests\bin\debug\net8.0-windows\plannerevidencecapture.tests.dll" id="290c080d-a865-7d5d-c2e7-52ce209aef84">
      <Execution id="18e73afc-d9a7-400a-ad82-84d5c9ed04d5" />
      <TestMethod codeBase="C:\Users\123\Desktop\dev\orand-overnight-overlay-20260907-111725\tools\PlannerEvidenceCapture.Tests\bin\Debug\net8.0-windows\PlannerEvidenceCapture.Tests.dll" adapterTypeName="executor://xunit/VsTestRunner2/netcoreapp" className="PlannerEvidenceCapture.Tests.CaptureOutputScopeTests" name="ApprovedParentMustAlreadyExist" />
    </UnitTest>
    <UnitTest name="PlannerEvidenceCapture.Tests.CaptureOutputScopeTests.ReservedDeviceNamesAreRejectedBeforeFileOpen(name: &quot;NUL.txt&quot;)" storage="c:\users\123\desktop\dev\orand-overnight-overlay-20260907-111725\tools\plannerevidencecapture.tests\bin\debug\net8.0-windows\plannerevidencecapture.tests.dll" id="9bd3e4dc-7b3c-a04a-004f-400663de7e2a">
      <Execution id="8571743c-d0d7-460e-8a34-5e6036f8c46a" />
      <TestMethod codeBase="C:\Users\123\Desktop\dev\orand-overnight-overlay-20260907-111725\tools\PlannerEvidenceCapture.Tests\bin\Debug\net8.0-windows\PlannerEvidenceCapture.Tests.dll" adapterTypeName="executor://xunit/VsTestRunner2/netcoreapp" className="PlannerEvidenceCapture.Tests.CaptureOutputScopeTests" name="ReservedDeviceNamesAreRejectedBeforeFileOpen" />
    </UnitTest>
    <UnitTest name="PlannerEvidenceCapture.Tests.CapturePreflightTests.UnsafeImageInputsAreRejectedWithoutImageFactoryOrIo(id: &quot;\\\\fake-server\\share\\x&quot;, fallback: &quot;&quot;)" storage="c:\users\123\desktop\dev\orand-overnight-overlay-20260907-111725\tools\plannerevidencecapture.tests\bin\debug\net8.0-windows\plannerevidencecapture.tests.dll" id="939cdac7-abf3-4bba-494a-8706a46bb921">
      <Execution id="94bd868c-765d-428b-aa74-926a42df6442" />
      <TestMethod codeBase="C:\Users\123\Desktop\dev\orand-overnight-overlay-20260907-111725\tools\PlannerEvidenceCapture.Tests\bin\Debug\net8.0-windows\PlannerEvidenceCapture.Tests.dll" adapterTypeName="executor://xunit/VsTestRunner2/netcoreapp" className="PlannerEvidenceCapture.Tests.CapturePreflightTests" name="UnsafeImageInputsAreRejectedWithoutImageFactoryOrIo" />
    </UnitTest>
    <UnitTest name="PlannerEvidenceCapture.Tests.CapturePixelContractTests.ValidateRejectsEmptyBackground" storage="c:\users\123\desktop\dev\orand-overnight-overlay-20260907-111725\tools\plannerevidencecapture.tests\bin\debug\net8.0-windows\plannerevidencecapture.tests.dll" id="13e576b0-42aa-1f97-3ad8-214f12fd95a6">
      <Execution id="5efa650d-b890-469e-b5d5-90eeaaf7fae6" />
      <TestMethod codeBase="C:\Users\123\Desktop\dev\orand-overnight-overlay-20260907-111725\tools\PlannerEvidenceCapture.Tests\bin\Debug\net8.0-windows\PlannerEvidenceCapture.Tests.dll" adapterTypeName="executor://xunit/VsTestRunner2/netcoreapp" className="PlannerEvidenceCapture.Tests.CapturePixelContractTests" name="ValidateRejectsEmptyBackground" />
    </UnitTest>
    <UnitTest name="PlannerEvidenceCapture.Tests.CaptureOutputScopeTests.RejectsDotSegmentsInsteadOfNormalizingThemIntoApprovedRoot" storage="c:\users\123\desktop\dev\orand-overnight-overlay-20260907-111725\tools\plannerevidencecapture.tests\bin\debug\net8.0-windows\plannerevidencecapture.tests.dll" id="42ac3b77-9d75-99b9-2173-44f801b6b3e2">
      <Execution id="78cbbac7-f7dd-4c9d-93d7-c6e95194b895" />
      <TestMethod codeBase="C:\Users\123\Desktop\dev\orand-overnight-overlay-20260907-111725\tools\PlannerEvidenceCapture.Tests\bin\Debug\net8.0-windows\PlannerEvidenceCapture.Tests.dll" adapterTypeName="executor://xunit/VsTestRunner2/netcoreapp" className="PlannerEvidenceCapture.Tests.CaptureOutputScopeTests" name="RejectsDotSegmentsInsteadOfNormalizingThemIntoApprovedRoot" />
    </UnitTest>
    <UnitTest name="PlannerEvidenceCapture.Tests.CaptureOutputScopeTests.RunDirectoryCannotBeRenamedWhileScopeIsAlive" storage="c:\users\123\desktop\dev\orand-overnight-overlay-20260907-111725\tools\plannerevidencecapture.tests\bin\debug\net8.0-windows\plannerevidencecapture.tests.dll" id="80ed0787-6303-b04d-e553-2b9f024bce55">
      <Execution id="d56f6369-415c-4782-8b91-389c55ac5b45" />
      <TestMethod codeBase="C:\Users\123\Desktop\dev\orand-overnight-overlay-20260907-111725\tools\PlannerEvidenceCapture.Tests\bin\Debug\net8.0-windows\PlannerEvidenceCapture.Tests.dll" adapterTypeName="executor://xunit/VsTestRunner2/netcoreapp" className="PlannerEvidenceCapture.Tests.CaptureOutputScopeTests" name="RunDirectoryCannotBeRenamedWhileScopeIsAlive" />
    </UnitTest>
    <UnitTest name="PlannerEvidenceCapture.Tests.CaptureOutputScopeTests.RejectsNonLocalAbsolutePathsBeforeIo(output: &quot;relative&quot;)" storage="c:\users\123\desktop\dev\orand-overnight-overlay-20260907-111725\tools\plannerevidencecapture.tests\bin\debug\net8.0-windows\plannerevidencecapture.tests.dll" id="5b2da5cb-41da-33f3-9d4e-55597e93b4bd">
      <Execution id="2a1f3468-6d3f-474d-8c69-4474a050ea09" />
      <TestMethod codeBase="C:\Users\123\Desktop\dev\orand-overnight-overlay-20260907-111725\tools\PlannerEvidenceCapture.Tests\bin\Debug\net8.0-windows\PlannerEvidenceCapture.Tests.dll" adapterTypeName="executor://xunit/VsTestRunner2/netcoreapp" className="PlannerEvidenceCapture.Tests.CaptureOutputScopeTests" name="RejectsNonLocalAbsolutePathsBeforeIo" />
    </UnitTest>
    <UnitTest name="PlannerEvidenceCapture.Tests.CapturePreflightTests.UnsafeImageInputsAreRejectedWithoutImageFactoryOrIo(id: &quot;../sentinel&quot;, fallback: &quot;&quot;)" storage="c:\users\123\desktop\dev\orand-overnight-overlay-20260907-111725\tools\plannerevidencecapture.tests\bin\debug\net8.0-windows\plannerevidencecapture.tests.dll" id="66126302-2ac5-0b9f-b236-9fec83317051">
      <Execution id="94a0d6db-f295-4f07-b8ac-b1c274471582" />
      <TestMethod codeBase="C:\Users\123\Desktop\dev\orand-overnight-overlay-20260907-111725\tools\PlannerEvidenceCapture.Tests\bin\Debug\net8.0-windows\PlannerEvidenceCapture.Tests.dll" adapterTypeName="executor://xunit/VsTestRunner2/netcoreapp" className="PlannerEvidenceCapture.Tests.CapturePreflightTests" name="UnsafeImageInputsAreRejectedWithoutImageFactoryOrIo" />
    </UnitTest>
    <UnitTest name="PlannerEvidenceCapture.Tests.CapturePixelContractTests.ValidateRejectsTransparentEvidence" storage="c:\users\123\desktop\dev\orand-overnight-overlay-20260907-111725\tools\plannerevidencecapture.tests\bin\debug\net8.0-windows\plannerevidencecapture.tests.dll" id="79d4431e-957a-1c64-ce86-5a1f149a4341">
      <Execution id="82845b5c-9285-4fdc-bfd7-139eb2099261" />
      <TestMethod codeBase="C:\Users\123\Desktop\dev\orand-overnight-overlay-20260907-111725\tools\PlannerEvidenceCapture.Tests\bin\Debug\net8.0-windows\PlannerEvidenceCapture.Tests.dll" adapterTypeName="executor://xunit/VsTestRunner2/netcoreapp" className="PlannerEvidenceCapture.Tests.CapturePixelContractTests" name="ValidateRejectsTransparentEvidence" />
    </UnitTest>
    <UnitTest name="PlannerEvidenceCapture.Tests.CapturePreflightTests.UnknownButLexicallySafeFixtureIdIsRejectedByBundledAllowlist" storage="c:\users\123\desktop\dev\orand-overnight-overlay-20260907-111725\tools\plannerevidencecapture.tests\bin\debug\net8.0-windows\plannerevidencecapture.tests.dll" id="1e0a3317-eef3-68c1-bf4a-1677129e08c3">
      <Execution id="f2773a9a-afb5-48b5-8927-0cf648380b85" />
      <TestMethod codeBase="C:\Users\123\Desktop\dev\orand-overnight-overlay-20260907-111725\tools\PlannerEvidenceCapture.Tests\bin\Debug\net8.0-windows\PlannerEvidenceCapture.Tests.dll" adapterTypeName="executor://xunit/VsTestRunner2/netcoreapp" className="PlannerEvidenceCapture.Tests.CapturePreflightTests" name="UnknownButLexicallySafeFixtureIdIsRejectedByBundledAllowlist" />
    </UnitTest>
    <UnitTest name="PlannerEvidenceCapture.Tests.CapturePixelContractTests.ValidateRejectsEmptyImageTile" storage="c:\users\123\desktop\dev\orand-overnight-overlay-20260907-111725\tools\plannerevidencecapture.tests\bin\debug\net8.0-windows\plannerevidencecapture.tests.dll" id="78733b86-6553-702b-5b78-e8bea337a817">
      <Execution id="22ec8b2d-1edf-4e55-a0e1-fd8a67f7f8e6" />
      <TestMethod codeBase="C:\Users\123\Desktop\dev\orand-overnight-overlay-20260907-111725\tools\PlannerEvidenceCapture.Tests\bin\Debug\net8.0-windows\PlannerEvidenceCapture.Tests.dll" adapterTypeName="executor://xunit/VsTestRunner2/netcoreapp" className="PlannerEvidenceCapture.Tests.CapturePixelContractTests" name="ValidateRejectsEmptyImageTile" />
    </UnitTest>
    <UnitTest name="PlannerEvidenceCapture.Tests.CapturePreflightTests.JournalModesAreAcceptedAfterFixtureSeam(flag: &quot;--four-modes&quot;)" storage="c:\users\123\desktop\dev\orand-overnight-overlay-20260907-111725\tools\plannerevidencecapture.tests\bin\debug\net8.0-windows\plannerevidencecapture.tests.dll" id="e0fda1dc-a855-69a7-1c33-3f561400c7ed">
      <Execution id="91c61504-a583-4b94-9166-8afa8c6c5516" />
      <TestMethod codeBase="C:\Users\123\Desktop\dev\orand-overnight-overlay-20260907-111725\tools\PlannerEvidenceCapture.Tests\bin\Debug\net8.0-windows\PlannerEvidenceCapture.Tests.dll" adapterTypeName="executor://xunit/VsTestRunner2/netcoreapp" className="PlannerEvidenceCapture.Tests.CapturePreflightTests" name="JournalModesAreAcceptedAfterFixtureSeam" />
    </UnitTest>
    <UnitTest name="PlannerEvidenceCapture.Tests.CaptureOutputScopeTests.RejectsAllReparseTagsAndNonDirectoriesWithoutPathProbe(attributes: Directory | ReparsePoint)" storage="c:\users\123\desktop\dev\orand-overnight-overlay-20260907-111725\tools\plannerevidencecapture.tests\bin\debug\net8.0-windows\plannerevidencecapture.tests.dll" id="e72cdd98-98cd-bd89-7754-50c05c7ce646">
      <Execution id="25288236-6ede-4304-97fa-be53b286b909" />
      <TestMethod codeBase="C:\Users\123\Desktop\dev\orand-overnight-overlay-20260907-111725\tools\PlannerEvidenceCapture.Tests\bin\Debug\net8.0-windows\PlannerEvidenceCapture.Tests.dll" adapterTypeName="executor://xunit/VsTestRunner2/netcoreapp" className="PlannerEvidenceCapture.Tests.CaptureOutputScopeTests" name="RejectsAllReparseTagsAndNonDirectoriesWithoutPathProbe" />
    </UnitTest>
    <UnitTest name="PlannerEvidenceCapture.Tests.CaptureOutputScopeTests.ReservedDeviceNamesAreRejectedBeforeFileOpen(name: &quot;COM1.json&quot;)" storage="c:\users\123\desktop\dev\orand-overnight-overlay-20260907-111725\tools\plannerevidencecapture.tests\bin\debug\net8.0-windows\plannerevidencecapture.tests.dll" id="0e89d11e-3bc5-4781-7c2e-cb1dd9d0ce19">
      <Execution id="f61a8ff6-bc46-40ba-b39c-b97d981a1f1d" />
      <TestMethod codeBase="C:\Users\123\Desktop\dev\orand-overnight-overlay-20260907-111725\tools\PlannerEvidenceCapture.Tests\bin\Debug\net8.0-windows\PlannerEvidenceCapture.Tests.dll" adapterTypeName="executor://xunit/VsTestRunner2/netcoreapp" className="PlannerEvidenceCapture.Tests.CaptureOutputScopeTests" name="ReservedDeviceNamesAreRejectedBeforeFileOpen" />
    </UnitTest>
    <UnitTest name="PlannerEvidenceCapture.Tests.CaptureOutputScopeTests.RejectsNonLocalAbsolutePathsBeforeIo(output: &quot;C:relative&quot;)" storage="c:\users\123\desktop\dev\orand-overnight-overlay-20260907-111725\tools\plannerevidencecapture.tests\bin\debug\net8.0-windows\plannerevidencecapture.tests.dll" id="7bfd89ec-7d28-9502-2349-8741c87554b7">
      <Execution id="23e16835-f4d0-45bc-8252-87dcfcabf5ad" />
      <TestMethod codeBase="C:\Users\123\Desktop\dev\orand-overnight-overlay-20260907-111725\tools\PlannerEvidenceCapture.Tests\bin\Debug\net8.0-windows\PlannerEvidenceCapture.Tests.dll" adapterTypeName="executor://xunit/VsTestRunner2/netcoreapp" className="PlannerEvidenceCapture.Tests.CaptureOutputScopeTests" name="RejectsNonLocalAbsolutePathsBeforeIo" />
    </UnitTest>
    <UnitTest name="PlannerEvidenceCapture.Tests.CaptureOutputScopeTests.RejectsAllReparseTagsAndNonDirectoriesWithoutPathProbe(attributes: Normal)" storage="c:\users\123\desktop\dev\orand-overnight-overlay-20260907-111725\tools\plannerevidencecapture.tests\bin\debug\net8.0-windows\plannerevidencecapture.tests.dll" id="67a98265-ad9b-ef1d-c7d7-f16f4034ea34">
      <Execution id="6d156ae5-4391-4d86-b826-c833b8e697f2" />
      <TestMethod codeBase="C:\Users\123\Desktop\dev\orand-overnight-overlay-20260907-111725\tools\PlannerEvidenceCapture.Tests\bin\Debug\net8.0-windows\PlannerEvidenceCapture.Tests.dll" adapterTypeName="executor://xunit/VsTestRunner2/netcoreapp" className="PlannerEvidenceCapture.Tests.CaptureOutputScopeTests" name="RejectsAllReparseTagsAndNonDirectoriesWithoutPathProbe" />
    </UnitTest>
    <UnitTest name="PlannerEvidenceCapture.Tests.CaptureOutputScopeTests.RejectsNonLocalAbsolutePathsBeforeIo(output: &quot;\\\\fake-server\\share\\out&quot;)" storage="c:\users\123\desktop\dev\orand-overnight-overlay-20260907-111725\tools\plannerevidencecapture.tests\bin\debug\net8.0-windows\plannerevidencecapture.tests.dll" id="78fd6c8f-41c2-d9ae-0a7c-58dafccdeeb4">
      <Execution id="0aef8beb-1539-43ad-a0dc-0a9d3bbfbd8b" />
      <TestMethod codeBase="C:\Users\123\Desktop\dev\orand-overnight-overlay-20260907-111725\tools\PlannerEvidenceCapture.Tests\bin\Debug\net8.0-windows\PlannerEvidenceCapture.Tests.dll" adapterTypeName="executor://xunit/VsTestRunner2/netcoreapp" className="PlannerEvidenceCapture.Tests.CaptureOutputScopeTests" name="RejectsNonLocalAbsolutePathsBeforeIo" />
    </UnitTest>
    <UnitTest name="PlannerEvidenceCapture.Tests.CapturePreflightTests.LiveAndUnguardedJournalModesAreRejectedBeforeApp(flag: &quot;--native-unit-probe&quot;)" storage="c:\users\123\desktop\dev\orand-overnight-overlay-20260907-111725\tools\plannerevidencecapture.tests\bin\debug\net8.0-windows\plannerevidencecapture.tests.dll" id="5ad5a59b-d3a8-1455-39ec-b508c89542bc">
      <Execution id="d425e1b8-18b9-4278-92b7-c81842323496" />
      <TestMethod codeBase="C:\Users\123\Desktop\dev\orand-overnight-overlay-20260907-111725\tools\PlannerEvidenceCapture.Tests\bin\Debug\net8.0-windows\PlannerEvidenceCapture.Tests.dll" adapterTypeName="executor://xunit/VsTestRunner2/netcoreapp" className="PlannerEvidenceCapture.Tests.CapturePreflightTests" name="LiveAndUnguardedJournalModesAreRejectedBeforeApp" />
    </UnitTest>
    <UnitTest name="PlannerEvidenceCapture.Tests.CapturePreflightTests.JournalModesAreAcceptedAfterFixtureSeam(flag: &quot;--coach-finished-rewards&quot;)" storage="c:\users\123\desktop\dev\orand-overnight-overlay-20260907-111725\tools\plannerevidencecapture.tests\bin\debug\net8.0-windows\plannerevidencecapture.tests.dll" id="7ae547ed-1ec8-7a32-2471-9d8c71d7d9e7">
      <Execution id="5d2e3e9b-46d5-4796-8a0e-9da861f39d87" />
      <TestMethod codeBase="C:\Users\123\Desktop\dev\orand-overnight-overlay-20260907-111725\tools\PlannerEvidenceCapture.Tests\bin\Debug\net8.0-windows\PlannerEvidenceCapture.Tests.dll" adapterTypeName="executor://xunit/VsTestRunner2/netcoreapp" className="PlannerEvidenceCapture.Tests.CapturePreflightTests" name="JournalModesAreAcceptedAfterFixtureSeam" />
    </UnitTest>
    <UnitTest name="PlannerEvidenceCapture.Tests.CapturePixelContractTests.FlattenMakesPremultipliedPixelsOpaque" storage="c:\users\123\desktop\dev\orand-overnight-overlay-20260907-111725\tools\plannerevidencecapture.tests\bin\debug\net8.0-windows\plannerevidencecapture.tests.dll" id="241fae05-46b6-fe7b-92a8-b09bfdc03567">
      <Execution id="8992dd47-3035-4463-b831-e451658d7faa" />
      <TestMethod codeBase="C:\Users\123\Desktop\dev\orand-overnight-overlay-20260907-111725\tools\PlannerEvidenceCapture.Tests\bin\Debug\net8.0-windows\PlannerEvidenceCapture.Tests.dll" adapterTypeName="executor://xunit/VsTestRunner2/netcoreapp" className="PlannerEvidenceCapture.Tests.CapturePixelContractTests" name="FlattenMakesPremultipliedPixelsOpaque" />
    </UnitTest>
    <UnitTest name="PlannerEvidenceCapture.Tests.CaptureOutputScopeTests.ReservedDeviceNamesAreRejectedBeforeFileOpen(name: &quot;CON&quot;)" storage="c:\users\123\desktop\dev\orand-overnight-overlay-20260907-111725\tools\plannerevidencecapture.tests\bin\debug\net8.0-windows\plannerevidencecapture.tests.dll" id="d4d25310-0e6c-0c31-52d6-c89ff3f00ed8">
      <Execution id="e2ea3d8c-4dca-456c-a526-3c3e0dbaf3cd" />
      <TestMethod codeBase="C:\Users\123\Desktop\dev\orand-overnight-overlay-20260907-111725\tools\PlannerEvidenceCapture.Tests\bin\Debug\net8.0-windows\PlannerEvidenceCapture.Tests.dll" adapterTypeName="executor://xunit/VsTestRunner2/netcoreapp" className="PlannerEvidenceCapture.Tests.CaptureOutputScopeTests" name="ReservedDeviceNamesAreRejectedBeforeFileOpen" />
    </UnitTest>
    <UnitTest name="PlannerEvidenceCapture.Tests.CapturePixelContractTests.ValidateRejectsMissingBorder" storage="c:\users\123\desktop\dev\orand-overnight-overlay-20260907-111725\tools\plannerevidencecapture.tests\bin\debug\net8.0-windows\plannerevidencecapture.tests.dll" id="9c5eedcb-4f0f-faf1-697e-da6446999cc4">
      <Execution id="e8b3e434-a77d-4e1d-893d-41d8e7e60054" />
      <TestMethod codeBase="C:\Users\123\Desktop\dev\orand-overnight-overlay-20260907-111725\tools\PlannerEvidenceCapture.Tests\bin\Debug\net8.0-windows\PlannerEvidenceCapture.Tests.dll" adapterTypeName="executor://xunit/VsTestRunner2/netcoreapp" className="PlannerEvidenceCapture.Tests.CapturePixelContractTests" name="ValidateRejectsMissingBorder" />
    </UnitTest>
    <UnitTest name="PlannerEvidenceCapture.Tests.CaptureOutputScopeTests.RejectsSymbolicLinkParentWithoutWritingToTarget" storage="c:\users\123\desktop\dev\orand-overnight-overlay-20260907-111725\tools\plannerevidencecapture.tests\bin\debug\net8.0-windows\plannerevidencecapture.tests.dll" id="37dd5e02-edb8-4635-d2da-22277fa36199">
      <Execution id="82b4723c-2147-4041-bb86-5a34ab02ade6" />
      <TestMethod codeBase="C:\Users\123\Desktop\dev\orand-overnight-overlay-20260907-111725\tools\PlannerEvidenceCapture.Tests\bin\Debug\net8.0-windows\PlannerEvidenceCapture.Tests.dll" adapterTypeName="executor://xunit/VsTestRunner2/netcoreapp" className="PlannerEvidenceCapture.Tests.CaptureOutputScopeTests" name="RejectsSymbolicLinkParentWithoutWritingToTarget" />
    </UnitTest>
    <UnitTest name="PlannerEvidenceCapture.Tests.CaptureOutputScopeTests.InjectedExistingChildDirectoryIsNotAdopted" storage="c:\users\123\desktop\dev\orand-overnight-overlay-20260907-111725\tools\plannerevidencecapture.tests\bin\debug\net8.0-windows\plannerevidencecapture.tests.dll" id="feea68fb-9cf7-a25e-3b65-736063739f10">
      <Execution id="fb912d3d-6e29-4950-a455-340de35b9f49" />
      <TestMethod codeBase="C:\Users\123\Desktop\dev\orand-overnight-overlay-20260907-111725\tools\PlannerEvidenceCapture.Tests\bin\Debug\net8.0-windows\PlannerEvidenceCapture.Tests.dll" adapterTypeName="executor://xunit/VsTestRunner2/netcoreapp" className="PlannerEvidenceCapture.Tests.CaptureOutputScopeTests" name="InjectedExistingChildDirectoryIsNotAdopted" />
    </UnitTest>
    <UnitTest name="PlannerEvidenceCapture.Tests.CaptureOutputScopeTests.NewOwnedRunRejectsSiblingPrefixAndExistingOutput" storage="c:\users\123\desktop\dev\orand-overnight-overlay-20260907-111725\tools\plannerevidencecapture.tests\bin\debug\net8.0-windows\plannerevidencecapture.tests.dll" id="6b9cd6b8-ebb8-0fc3-846e-cfe7773f7448">
      <Execution id="ffeeea1b-ae21-4412-8cb9-80ec6b18d57a" />
      <TestMethod codeBase="C:\Users\123\Desktop\dev\orand-overnight-overlay-20260907-111725\tools\PlannerEvidenceCapture.Tests\bin\Debug\net8.0-windows\PlannerEvidenceCapture.Tests.dll" adapterTypeName="executor://xunit/VsTestRunner2/netcoreapp" className="PlannerEvidenceCapture.Tests.CaptureOutputScopeTests" name="NewOwnedRunRejectsSiblingPrefixAndExistingOutput" />
    </UnitTest>
    <UnitTest name="PlannerEvidenceCapture.Tests.CapturePreflightTests.LiveAndUnguardedJournalModesAreRejectedBeforeApp(flag: &quot;--bullet-guide-live&quot;)" storage="c:\users\123\desktop\dev\orand-overnight-overlay-20260907-111725\tools\plannerevidencecapture.tests\bin\debug\net8.0-windows\plannerevidencecapture.tests.dll" id="dfeb214a-8fdf-ad34-96a8-1e2b6f4fc3e6">
      <Execution id="aaf4fc21-9411-4795-9f21-a7b1d9748201" />
      <TestMethod codeBase="C:\Users\123\Desktop\dev\orand-overnight-overlay-20260907-111725\tools\PlannerEvidenceCapture.Tests\bin\Debug\net8.0-windows\PlannerEvidenceCapture.Tests.dll" adapterTypeName="executor://xunit/VsTestRunner2/netcoreapp" className="PlannerEvidenceCapture.Tests.CapturePreflightTests" name="LiveAndUnguardedJournalModesAreRejectedBeforeApp" />
    </UnitTest>
    <UnitTest name="PlannerEvidenceCapture.Tests.CapturePreflightTests.ActualBundledMetadataPassesLexicalPreflightWithoutWpf" storage="c:\users\123\desktop\dev\orand-overnight-overlay-20260907-111725\tools\plannerevidencecapture.tests\bin\debug\net8.0-windows\plannerevidencecapture.tests.dll" id="ca73831b-1b58-c86d-20c6-a2abbf90a6a3">
      <Execution id="f7dc9e19-da65-4476-923d-ab38dff64a6e" />
      <TestMethod codeBase="C:\Users\123\Desktop\dev\orand-overnight-overlay-20260907-111725\tools\PlannerEvidenceCapture.Tests\bin\Debug\net8.0-windows\PlannerEvidenceCapture.Tests.dll" adapterTypeName="executor://xunit/VsTestRunner2/netcoreapp" className="PlannerEvidenceCapture.Tests.CapturePreflightTests" name="ActualBundledMetadataPassesLexicalPreflightWithoutWpf" />
    </UnitTest>
    <UnitTest name="PlannerEvidenceCapture.Tests.CapturePreflightTests.UnsafeImageInputsAreRejectedWithoutImageFactoryOrIo(id: &quot;luffy_common&quot;, fallback: &quot;C:\\fake\\sentinel.png&quot;)" storage="c:\users\123\desktop\dev\orand-overnight-overlay-20260907-111725\tools\plannerevidencecapture.tests\bin\debug\net8.0-windows\plannerevidencecapture.tests.dll" id="b93f9eb9-892d-30b0-7dc4-32701130504e">
      <Execution id="db54c20e-5ff1-44e9-812c-a6d16e227027" />
      <TestMethod codeBase="C:\Users\123\Desktop\dev\orand-overnight-overlay-20260907-111725\tools\PlannerEvidenceCapture.Tests\bin\Debug\net8.0-windows\PlannerEvidenceCapture.Tests.dll" adapterTypeName="executor://xunit/VsTestRunner2/netcoreapp" className="PlannerEvidenceCapture.Tests.CapturePreflightTests" name="UnsafeImageInputsAreRejectedWithoutImageFactoryOrIo" />
    </UnitTest>
    <UnitTest name="PlannerEvidenceCapture.Tests.CapturePixelContractTests.ValidateRejectsMissingLeftStart" storage="c:\users\123\desktop\dev\orand-overnight-overlay-20260907-111725\tools\plannerevidencecapture.tests\bin\debug\net8.0-windows\plannerevidencecapture.tests.dll" id="3a00a699-dfdc-625e-9c98-51146d33c72f">
      <Execution id="3d0e1149-8f99-4950-8d60-19046d39a0cd" />
      <TestMethod codeBase="C:\Users\123\Desktop\dev\orand-overnight-overlay-20260907-111725\tools\PlannerEvidenceCapture.Tests\bin\Debug\net8.0-windows\PlannerEvidenceCapture.Tests.dll" adapterTypeName="executor://xunit/VsTestRunner2/netcoreapp" className="PlannerEvidenceCapture.Tests.CapturePixelContractTests" name="ValidateRejectsMissingLeftStart" />
    </UnitTest>
    <UnitTest name="PlannerEvidenceCapture.Tests.CaptureIsolationSourceTests.JournalCapturesUseFixtureJournalSeamWithoutPathReinjection" storage="c:\users\123\desktop\dev\orand-overnight-overlay-20260907-111725\tools\plannerevidencecapture.tests\bin\debug\net8.0-windows\plannerevidencecapture.tests.dll" id="c40b947d-6a84-09df-4891-ece8762f5611">
      <Execution id="56dbebba-f160-4ffa-a5a6-d0f2b24f0248" />
      <TestMethod codeBase="C:\Users\123\Desktop\dev\orand-overnight-overlay-20260907-111725\tools\PlannerEvidenceCapture.Tests\bin\Debug\net8.0-windows\PlannerEvidenceCapture.Tests.dll" adapterTypeName="executor://xunit/VsTestRunner2/netcoreapp" className="PlannerEvidenceCapture.Tests.CaptureIsolationSourceTests" name="JournalCapturesUseFixtureJournalSeamWithoutPathReinjection" />
    </UnitTest>
    <UnitTest name="PlannerEvidenceCapture.Tests.CapturePreflightTests.JournalModesAreAcceptedAfterFixtureSeam(flag: &quot;--coach-app&quot;)" storage="c:\users\123\desktop\dev\orand-overnight-overlay-20260907-111725\tools\plannerevidencecapture.tests\bin\debug\net8.0-windows\plannerevidencecapture.tests.dll" id="11d45351-d1cf-0b26-8041-f1852aefa518">
      <Execution id="638a50ef-1c8e-47c2-99e4-c0c5c3b96eb6" />
      <TestMethod codeBase="C:\Users\123\Desktop\dev\orand-overnight-overlay-20260907-111725\tools\PlannerEvidenceCapture.Tests\bin\Debug\net8.0-windows\PlannerEvidenceCapture.Tests.dll" adapterTypeName="executor://xunit/VsTestRunner2/netcoreapp" className="PlannerEvidenceCapture.Tests.CapturePreflightTests" name="JournalModesAreAcceptedAfterFixtureSeam" />
    </UnitTest>
    <UnitTest name="PlannerEvidenceCapture.Tests.CaptureOutputScopeTests.NestedOutputsAreOwnedAndPinnedAndScopeDisposalClosesWriters" storage="c:\users\123\desktop\dev\orand-overnight-overlay-20260907-111725\tools\plannerevidencecapture.tests\bin\debug\net8.0-windows\plannerevidencecapture.tests.dll" id="39d4295f-22df-487c-e998-caf3aaa8d445">
      <Execution id="51c15802-0489-4f2f-8d2d-547725465dc5" />
      <TestMethod codeBase="C:\Users\123\Desktop\dev\orand-overnight-overlay-20260907-111725\tools\PlannerEvidenceCapture.Tests\bin\Debug\net8.0-windows\PlannerEvidenceCapture.Tests.dll" adapterTypeName="executor://xunit/VsTestRunner2/netcoreapp" className="PlannerEvidenceCapture.Tests.CaptureOutputScopeTests" name="NestedOutputsAreOwnedAndPinnedAndScopeDisposalClosesWriters" />
    </UnitTest>
    <UnitTest name="PlannerEvidenceCapture.Tests.CaptureSourceFingerprintTests.ComputeIsDeterministicAndInputOrderStable" storage="c:\users\123\desktop\dev\orand-overnight-overlay-20260907-111725\tools\plannerevidencecapture.tests\bin\debug\net8.0-windows\plannerevidencecapture.tests.dll" id="aca4c4fa-4fc8-62a4-8af4-403dc538916c">
      <Execution id="4fea7c52-bf95-4e33-809b-d13b4da28f3c" />
      <TestMethod codeBase="C:\Users\123\Desktop\dev\orand-overnight-overlay-20260907-111725\tools\PlannerEvidenceCapture.Tests\bin\Debug\net8.0-windows\PlannerEvidenceCapture.Tests.dll" adapterTypeName="executor://xunit/VsTestRunner2/netcoreapp" className="PlannerEvidenceCapture.Tests.CaptureSourceFingerprintTests" name="ComputeIsDeterministicAndInputOrderStable" />
    </UnitTest>
    <UnitTest name="PlannerEvidenceCapture.Tests.CaptureSourceFingerprintTests.CaptureVariantsCoverEveryPendingStateAtSupportedScales" storage="c:\users\123\desktop\dev\orand-overnight-overlay-20260907-111725\tools\plannerevidencecapture.tests\bin\debug\net8.0-windows\plannerevidencecapture.tests.dll" id="469b7b52-3871-f664-690e-5282a89cbf2e">
      <Execution id="aca22b3e-0044-4e09-806e-ba0ba0b1859b" />
      <TestMethod codeBase="C:\Users\123\Desktop\dev\orand-overnight-overlay-20260907-111725\tools\PlannerEvidenceCapture.Tests\bin\Debug\net8.0-windows\PlannerEvidenceCapture.Tests.dll" adapterTypeName="executor://xunit/VsTestRunner2/netcoreapp" className="PlannerEvidenceCapture.Tests.CaptureSourceFingerprintTests" name="CaptureVariantsCoverEveryPendingStateAtSupportedScales" />
    </UnitTest>
    <UnitTest name="PlannerEvidenceCapture.Tests.CaptureSourceFingerprintTests.CanonicalInputsBindOverlayThemeExactlyOnce" storage="c:\users\123\desktop\dev\orand-overnight-overlay-20260907-111725\tools\plannerevidencecapture.tests\bin\debug\net8.0-windows\plannerevidencecapture.tests.dll" id="2a643143-c04d-4cec-4624-5be5540bedf8">
      <Execution id="70ec6f87-b10d-4999-9c4d-902a33314c27" />
      <TestMethod codeBase="C:\Users\123\Desktop\dev\orand-overnight-overlay-20260907-111725\tools\PlannerEvidenceCapture.Tests\bin\Debug\net8.0-windows\PlannerEvidenceCapture.Tests.dll" adapterTypeName="executor://xunit/VsTestRunner2/netcoreapp" className="PlannerEvidenceCapture.Tests.CaptureSourceFingerprintTests" name="CanonicalInputsBindOverlayThemeExactlyOnce" />
    </UnitTest>
    <UnitTest name="PlannerEvidenceCapture.Tests.CaptureOutputScopeTests.RejectsAllReparseTagsAndNonDirectoriesWithoutPathProbe(attributes: ReparsePoint)" storage="c:\users\123\desktop\dev\orand-overnight-overlay-20260907-111725\tools\plannerevidencecapture.tests\bin\debug\net8.0-windows\plannerevidencecapture.tests.dll" id="c28f37f5-7822-e649-7078-c9200360de70">
      <Execution id="3736653a-8e93-46dd-9e52-b2718a7e0f6a" />
      <TestMethod codeBase="C:\Users\123\Desktop\dev\orand-overnight-overlay-20260907-111725\tools\PlannerEvidenceCapture.Tests\bin\Debug\net8.0-windows\PlannerEvidenceCapture.Tests.dll" adapterTypeName="executor://xunit/VsTestRunner2/netcoreapp" className="PlannerEvidenceCapture.Tests.CaptureOutputScopeTests" name="RejectsAllReparseTagsAndNonDirectoriesWithoutPathProbe" />
    </UnitTest>
    <UnitTest name="PlannerEvidenceCapture.Tests.CaptureOutputScopeTests.JunctionAncestorAndInjectedJunctionSinkAreRejected" storage="c:\users\123\desktop\dev\orand-overnight-overlay-20260907-111725\tools\plannerevidencecapture.tests\bin\debug\net8.0-windows\plannerevidencecapture.tests.dll" id="848940b1-abab-d1dd-e2d4-4d08bbc9d04c">
      <Execution id="e052b715-e87b-4c57-8cf2-6ca1f6b8c66e" />
      <TestMethod codeBase="C:\Users\123\Desktop\dev\orand-overnight-overlay-20260907-111725\tools\PlannerEvidenceCapture.Tests\bin\Debug\net8.0-windows\PlannerEvidenceCapture.Tests.dll" adapterTypeName="executor://xunit/VsTestRunner2/netcoreapp" className="PlannerEvidenceCapture.Tests.CaptureOutputScopeTests" name="JunctionAncestorAndInjectedJunctionSinkAreRejected" />
    </UnitTest>
    <UnitTest name="PlannerEvidenceCapture.Tests.CapturePixelContractTests.ValidateAcceptsOpaquePopulatedBorderedFrame" storage="c:\users\123\desktop\dev\orand-overnight-overlay-20260907-111725\tools\plannerevidencecapture.tests\bin\debug\net8.0-windows\plannerevidencecapture.tests.dll" id="3cdffcc5-14e3-a162-d7f8-d08facb3439c">
      <Execution id="58947a27-26fc-4bd5-bc4b-bce4bc46703a" />
      <TestMethod codeBase="C:\Users\123\Desktop\dev\orand-overnight-overlay-20260907-111725\tools\PlannerEvidenceCapture.Tests\bin\Debug\net8.0-windows\PlannerEvidenceCapture.Tests.dll" adapterTypeName="executor://xunit/VsTestRunner2/netcoreapp" className="PlannerEvidenceCapture.Tests.CapturePixelContractTests" name="ValidateAcceptsOpaquePopulatedBorderedFrame" />
    </UnitTest>
    <UnitTest name="PlannerEvidenceCapture.Tests.CapturePreflightTests.UnsafeImageInputsAreRejectedWithoutImageFactoryOrIo(id: &quot;rawcode:../x&quot;, fallback: &quot;&quot;)" storage="c:\users\123\desktop\dev\orand-overnight-overlay-20260907-111725\tools\plannerevidencecapture.tests\bin\debug\net8.0-windows\plannerevidencecapture.tests.dll" id="54d20e25-7d87-af05-1005-f725a3083597">
      <Execution id="11d904cc-a0e5-46fd-863a-1da12d114ed5" />
      <TestMethod codeBase="C:\Users\123\Desktop\dev\orand-overnight-overlay-20260907-111725\tools\PlannerEvidenceCapture.Tests\bin\Debug\net8.0-windows\PlannerEvidenceCapture.Tests.dll" adapterTypeName="executor://xunit/VsTestRunner2/netcoreapp" className="PlannerEvidenceCapture.Tests.CapturePreflightTests" name="UnsafeImageInputsAreRejectedWithoutImageFactoryOrIo" />
    </UnitTest>
    <UnitTest name="PlannerEvidenceCapture.Tests.CapturePreflightTests.LiveAndUnguardedJournalModesAreRejectedBeforeApp(flag: &quot;--live-quests&quot;)" storage="c:\users\123\desktop\dev\orand-overnight-overlay-20260907-111725\tools\plannerevidencecapture.tests\bin\debug\net8.0-windows\plannerevidencecapture.tests.dll" id="e3dedca9-b946-93ee-3698-4aa05a9d69a0">
      <Execution id="ab8a24e8-cfeb-49cb-b333-347a2edd06c7" />
      <TestMethod codeBase="C:\Users\123\Desktop\dev\orand-overnight-overlay-20260907-111725\tools\PlannerEvidenceCapture.Tests\bin\Debug\net8.0-windows\PlannerEvidenceCapture.Tests.dll" adapterTypeName="executor://xunit/VsTestRunner2/netcoreapp" className="PlannerEvidenceCapture.Tests.CapturePreflightTests" name="LiveAndUnguardedJournalModesAreRejectedBeforeApp" />
    </UnitTest>
    <UnitTest name="PlannerEvidenceCapture.Tests.CaptureOutputScopeTests.OutputWritesAreCreateNewAndContained" storage="c:\users\123\desktop\dev\orand-overnight-overlay-20260907-111725\tools\plannerevidencecapture.tests\bin\debug\net8.0-windows\plannerevidencecapture.tests.dll" id="15a6d1c2-bc5b-c039-9599-f98f7a710f58">
      <Execution id="c65fb31d-81a6-4ca6-a6b1-b3d2d9a13f37" />
      <TestMethod codeBase="C:\Users\123\Desktop\dev\orand-overnight-overlay-20260907-111725\tools\PlannerEvidenceCapture.Tests\bin\Debug\net8.0-windows\PlannerEvidenceCapture.Tests.dll" adapterTypeName="executor://xunit/VsTestRunner2/netcoreapp" className="PlannerEvidenceCapture.Tests.CaptureOutputScopeTests" name="OutputWritesAreCreateNewAndContained" />
    </UnitTest>
    <UnitTest name="PlannerEvidenceCapture.Tests.CaptureOutputScopeTests.ReservedDeviceNamesAreRejectedBeforeFileOpen(name: &quot;LPT1.png&quot;)" storage="c:\users\123\desktop\dev\orand-overnight-overlay-20260907-111725\tools\plannerevidencecapture.tests\bin\debug\net8.0-windows\plannerevidencecapture.tests.dll" id="82ea1eb4-9142-b1fd-4dc5-bf24f901bfdd">
      <Execution id="e4a98cac-55fc-4d14-9844-a2855bd24848" />
      <TestMethod codeBase="C:\Users\123\Desktop\dev\orand-overnight-overlay-20260907-111725\tools\PlannerEvidenceCapture.Tests\bin\Debug\net8.0-windows\PlannerEvidenceCapture.Tests.dll" adapterTypeName="executor://xunit/VsTestRunner2/netcoreapp" className="PlannerEvidenceCapture.Tests.CaptureOutputScopeTests" name="ReservedDeviceNamesAreRejectedBeforeFileOpen" />
    </UnitTest>
    <UnitTest name="PlannerEvidenceCapture.Tests.CapturePreflightTests.UnsafeImageInputsAreRejectedWithoutImageFactoryOrIo(id: &quot;luffy_common&quot;, fallback: &quot;file:///C:/fake/sentinel.png&quot;)" storage="c:\users\123\desktop\dev\orand-overnight-overlay-20260907-111725\tools\plannerevidencecapture.tests\bin\debug\net8.0-windows\plannerevidencecapture.tests.dll" id="6a28b470-5001-f1e2-1189-2facb933893f">
      <Execution id="e37eb491-67cf-4006-b29a-b58a1e89ad34" />
      <TestMethod codeBase="C:\Users\123\Desktop\dev\orand-overnight-overlay-20260907-111725\tools\PlannerEvidenceCapture.Tests\bin\Debug\net8.0-windows\PlannerEvidenceCapture.Tests.dll" adapterTypeName="executor://xunit/VsTestRunner2/netcoreapp" className="PlannerEvidenceCapture.Tests.CapturePreflightTests" name="UnsafeImageInputsAreRejectedWithoutImageFactoryOrIo" />
    </UnitTest>
    <UnitTest name="PlannerEvidenceCapture.Tests.CapturePreflightTests.FixtureJournalContext_SuppliesMemoryJournalWithoutPath" storage="c:\users\123\desktop\dev\orand-overnight-overlay-20260907-111725\tools\plannerevidencecapture.tests\bin\debug\net8.0-windows\plannerevidencecapture.tests.dll" id="66c21e0c-c331-4c96-70c6-c8d5cfc85be9">
      <Execution id="6dc94486-2b4b-41da-9b78-faa70997473a" />
      <TestMethod codeBase="C:\Users\123\Desktop\dev\orand-overnight-overlay-20260907-111725\tools\PlannerEvidenceCapture.Tests\bin\Debug\net8.0-windows\PlannerEvidenceCapture.Tests.dll" adapterTypeName="executor://xunit/VsTestRunner2/netcoreapp" className="PlannerEvidenceCapture.Tests.CapturePreflightTests" name="FixtureJournalContext_SuppliesMemoryJournalWithoutPath" />
    </UnitTest>
    <UnitTest name="PlannerEvidenceCapture.Tests.CaptureIsolationSourceTests.AllCaptureWritesRouteThroughScopeAndPreflightPrecedesApp" storage="c:\users\123\desktop\dev\orand-overnight-overlay-20260907-111725\tools\plannerevidencecapture.tests\bin\debug\net8.0-windows\plannerevidencecapture.tests.dll" id="d0349b58-901d-69f9-c98a-c73bb8f47869">
      <Execution id="229133e9-c75b-4c52-bb72-ed17a0aec101" />
      <TestMethod codeBase="C:\Users\123\Desktop\dev\orand-overnight-overlay-20260907-111725\tools\PlannerEvidenceCapture.Tests\bin\Debug\net8.0-windows\PlannerEvidenceCapture.Tests.dll" adapterTypeName="executor://xunit/VsTestRunner2/netcoreapp" className="PlannerEvidenceCapture.Tests.CaptureIsolationSourceTests" name="AllCaptureWritesRouteThroughScopeAndPreflightPrecedesApp" />
    </UnitTest>
    <UnitTest name="PlannerEvidenceCapture.Tests.CapturePreflightTests.UnsafeImageInputsAreRejectedWithoutImageFactoryOrIo(id: &quot;luffy_common&quot;, fallback: &quot;\\\\fake-server\\share\\sentinel.png&quot;)" storage="c:\users\123\desktop\dev\orand-overnight-overlay-20260907-111725\tools\plannerevidencecapture.tests\bin\debug\net8.0-windows\plannerevidencecapture.tests.dll" id="19ceb9b0-d5cf-d820-1092-c2104703fa19">
      <Execution id="b6185a13-d48d-4dba-9ac5-2aafcdbfeabe" />
      <TestMethod codeBase="C:\Users\123\Desktop\dev\orand-overnight-overlay-20260907-111725\tools\PlannerEvidenceCapture.Tests\bin\Debug\net8.0-windows\PlannerEvidenceCapture.Tests.dll" adapterTypeName="executor://xunit/VsTestRunner2/netcoreapp" className="PlannerEvidenceCapture.Tests.CapturePreflightTests" name="UnsafeImageInputsAreRejectedWithoutImageFactoryOrIo" />
    </UnitTest>
    <UnitTest name="PlannerEvidenceCapture.Tests.CaptureSourceFingerprintTests.ComputeChangesWhenOnlyOverlayThemeChanges" storage="c:\users\123\desktop\dev\orand-overnight-overlay-20260907-111725\tools\plannerevidencecapture.tests\bin\debug\net8.0-windows\plannerevidencecapture.tests.dll" id="9c520e64-6b2e-b1a0-ad77-9b371ce68488">
      <Execution id="487b6749-9043-4f28-8c9f-139173ff6d7e" />
      <TestMethod codeBase="C:\Users\123\Desktop\dev\orand-overnight-overlay-20260907-111725\tools\PlannerEvidenceCapture.Tests\bin\Debug\net8.0-windows\PlannerEvidenceCapture.Tests.dll" adapterTypeName="executor://xunit/VsTestRunner2/netcoreapp" className="PlannerEvidenceCapture.Tests.CaptureSourceFingerprintTests" name="ComputeChangesWhenOnlyOverlayThemeChanges" />
    </UnitTest>
  </TestDefinitions>
  <TestEntries>
    <TestEntry testId="848940b1-abab-d1dd-e2d4-4d08bbc9d04c" executionId="e052b715-e87b-4c57-8cf2-6ca1f6b8c66e" testListId="8c84fa94-04c1-424b-9868-57a2d4851a1d" />
    <TestEntry testId="78733b86-6553-702b-5b78-e8bea337a817" executionId="22ec8b2d-1edf-4e55-a0e1-fd8a67f7f8e6" testListId="8c84fa94-04c1-424b-9868-57a2d4851a1d" />
    <TestEntry testId="aca4c4fa-4fc8-62a4-8af4-403dc538916c" executionId="4fea7c52-bf95-4e33-809b-d13b4da28f3c" testListId="8c84fa94-04c1-424b-9868-57a2d4851a1d" />
    <TestEntry testId="15a6d1c2-bc5b-c039-9599-f98f7a710f58" executionId="c65fb31d-81a6-4ca6-a6b1-b3d2d9a13f37" testListId="8c84fa94-04c1-424b-9868-57a2d4851a1d" />
    <TestEntry testId="37dd5e02-edb8-4635-d2da-22277fa36199" executionId="82b4723c-2147-4041-bb86-5a34ab02ade6" testListId="8c84fa94-04c1-424b-9868-57a2d4851a1d" />
    <TestEntry testId="ca73831b-1b58-c86d-20c6-a2abbf90a6a3" executionId="f7dc9e19-da65-4476-923d-ab38dff64a6e" testListId="8c84fa94-04c1-424b-9868-57a2d4851a1d" />
    <TestEntry testId="54d20e25-7d87-af05-1005-f725a3083597" executionId="11d904cc-a0e5-46fd-863a-1da12d114ed5" testListId="8c84fa94-04c1-424b-9868-57a2d4851a1d" />
    <TestEntry testId="0e89d11e-3bc5-4781-7c2e-cb1dd9d0ce19" executionId="f61a8ff6-bc46-40ba-b39c-b97d981a1f1d" testListId="8c84fa94-04c1-424b-9868-57a2d4851a1d" />
    <TestEntry testId="11d45351-d1cf-0b26-8041-f1852aefa518" executionId="638a50ef-1c8e-47c2-99e4-c0c5c3b96eb6" testListId="8c84fa94-04c1-424b-9868-57a2d4851a1d" />
    <TestEntry testId="469b7b52-3871-f664-690e-5282a89cbf2e" executionId="aca22b3e-0044-4e09-806e-ba0ba0b1859b" testListId="8c84fa94-04c1-424b-9868-57a2d4851a1d" />
    <TestEntry testId="7bfd89ec-7d28-9502-2349-8741c87554b7" executionId="23e16835-f4d0-45bc-8252-87dcfcabf5ad" testListId="8c84fa94-04c1-424b-9868-57a2d4851a1d" />
    <TestEntry testId="b93f9eb9-892d-30b0-7dc4-32701130504e" executionId="db54c20e-5ff1-44e9-812c-a6d16e227027" testListId="8c84fa94-04c1-424b-9868-57a2d4851a1d" />
    <TestEntry testId="c28f37f5-7822-e649-7078-c9200360de70" executionId="3736653a-8e93-46dd-9e52-b2718a7e0f6a" testListId="8c84fa94-04c1-424b-9868-57a2d4851a1d" />
    <TestEntry testId="80ed0787-6303-b04d-e553-2b9f024bce55" executionId="d56f6369-415c-4782-8b91-389c55ac5b45" testListId="8c84fa94-04c1-424b-9868-57a2d4851a1d" />
    <TestEntry testId="d0349b58-901d-69f9-c98a-c73bb8f47869" executionId="229133e9-c75b-4c52-bb72-ed17a0aec101" testListId="8c84fa94-04c1-424b-9868-57a2d4851a1d" />
    <TestEntry testId="42ac3b77-9d75-99b9-2173-44f801b6b3e2" executionId="78cbbac7-f7dd-4c9d-93d7-c6e95194b895" testListId="8c84fa94-04c1-424b-9868-57a2d4851a1d" />
    <TestEntry testId="3cdffcc5-14e3-a162-d7f8-d08facb3439c" executionId="58947a27-26fc-4bd5-bc4b-bce4bc46703a" testListId="8c84fa94-04c1-424b-9868-57a2d4851a1d" />
    <TestEntry testId="39d4295f-22df-487c-e998-caf3aaa8d445" executionId="51c15802-0489-4f2f-8d2d-547725465dc5" testListId="8c84fa94-04c1-424b-9868-57a2d4851a1d" />
    <TestEntry testId="dfeb214a-8fdf-ad34-96a8-1e2b6f4fc3e6" executionId="aaf4fc21-9411-4795-9f21-a7b1d9748201" testListId="8c84fa94-04c1-424b-9868-57a2d4851a1d" />
    <TestEntry testId="9c5eedcb-4f0f-faf1-697e-da6446999cc4" executionId="e8b3e434-a77d-4e1d-893d-41d8e7e60054" testListId="8c84fa94-04c1-424b-9868-57a2d4851a1d" />
    <TestEntry testId="1e0a3317-eef3-68c1-bf4a-1677129e08c3" executionId="f2773a9a-afb5-48b5-8927-0cf648380b85" testListId="8c84fa94-04c1-424b-9868-57a2d4851a1d" />
    <TestEntry testId="2a643143-c04d-4cec-4624-5be5540bedf8" executionId="70ec6f87-b10d-4999-9c4d-902a33314c27" testListId="8c84fa94-04c1-424b-9868-57a2d4851a1d" />
    <TestEntry testId="9bd3e4dc-7b3c-a04a-004f-400663de7e2a" executionId="8571743c-d0d7-460e-8a34-5e6036f8c46a" testListId="8c84fa94-04c1-424b-9868-57a2d4851a1d" />
    <TestEntry testId="241fae05-46b6-fe7b-92a8-b09bfdc03567" executionId="8992dd47-3035-4463-b831-e451658d7faa" testListId="8c84fa94-04c1-424b-9868-57a2d4851a1d" />
    <TestEntry testId="3a00a699-dfdc-625e-9c98-51146d33c72f" executionId="3d0e1149-8f99-4950-8d60-19046d39a0cd" testListId="8c84fa94-04c1-424b-9868-57a2d4851a1d" />
    <TestEntry testId="d4d25310-0e6c-0c31-52d6-c89ff3f00ed8" executionId="e2ea3d8c-4dca-456c-a526-3c3e0dbaf3cd" testListId="8c84fa94-04c1-424b-9868-57a2d4851a1d" />
    <TestEntry testId="290c080d-a865-7d5d-c2e7-52ce209aef84" executionId="18e73afc-d9a7-400a-ad82-84d5c9ed04d5" testListId="8c84fa94-04c1-424b-9868-57a2d4851a1d" />
    <TestEntry testId="feea68fb-9cf7-a25e-3b65-736063739f10" executionId="fb912d3d-6e29-4950-a455-340de35b9f49" testListId="8c84fa94-04c1-424b-9868-57a2d4851a1d" />
    <TestEntry testId="e72cdd98-98cd-bd89-7754-50c05c7ce646" executionId="25288236-6ede-4304-97fa-be53b286b909" testListId="8c84fa94-04c1-424b-9868-57a2d4851a1d" />
    <TestEntry testId="82ea1eb4-9142-b1fd-4dc5-bf24f901bfdd" executionId="e4a98cac-55fc-4d14-9844-a2855bd24848" testListId="8c84fa94-04c1-424b-9868-57a2d4851a1d" />
    <TestEntry testId="9c520e64-6b2e-b1a0-ad77-9b371ce68488" executionId="487b6749-9043-4f28-8c9f-139173ff6d7e" testListId="8c84fa94-04c1-424b-9868-57a2d4851a1d" />
    <TestEntry testId="13e576b0-42aa-1f97-3ad8-214f12fd95a6" executionId="5efa650d-b890-469e-b5d5-90eeaaf7fae6" testListId="8c84fa94-04c1-424b-9868-57a2d4851a1d" />
    <TestEntry testId="66c21e0c-c331-4c96-70c6-c8d5cfc85be9" executionId="6dc94486-2b4b-41da-9b78-faa70997473a" testListId="8c84fa94-04c1-424b-9868-57a2d4851a1d" />
    <TestEntry testId="e3dedca9-b946-93ee-3698-4aa05a9d69a0" executionId="ab8a24e8-cfeb-49cb-b333-347a2edd06c7" testListId="8c84fa94-04c1-424b-9868-57a2d4851a1d" />
    <TestEntry testId="6a28b470-5001-f1e2-1189-2facb933893f" executionId="e37eb491-67cf-4006-b29a-b58a1e89ad34" testListId="8c84fa94-04c1-424b-9868-57a2d4851a1d" />
    <TestEntry testId="79d4431e-957a-1c64-ce86-5a1f149a4341" executionId="82845b5c-9285-4fdc-bfd7-139eb2099261" testListId="8c84fa94-04c1-424b-9868-57a2d4851a1d" />
    <TestEntry testId="939cdac7-abf3-4bba-494a-8706a46bb921" executionId="94bd868c-765d-428b-aa74-926a42df6442" testListId="8c84fa94-04c1-424b-9868-57a2d4851a1d" />
    <TestEntry testId="5b2da5cb-41da-33f3-9d4e-55597e93b4bd" executionId="2a1f3468-6d3f-474d-8c69-4474a050ea09" testListId="8c84fa94-04c1-424b-9868-57a2d4851a1d" />
    <TestEntry testId="19ceb9b0-d5cf-d820-1092-c2104703fa19" executionId="b6185a13-d48d-4dba-9ac5-2aafcdbfeabe" testListId="8c84fa94-04c1-424b-9868-57a2d4851a1d" />
    <TestEntry testId="e0fda1dc-a855-69a7-1c33-3f561400c7ed" executionId="91c61504-a583-4b94-9166-8afa8c6c5516" testListId="8c84fa94-04c1-424b-9868-57a2d4851a1d" />
    <TestEntry testId="f3698a40-6d92-0404-3105-56fe7b7f6def" executionId="167054af-a9b4-450a-91b7-aedfb3c9792d" testListId="8c84fa94-04c1-424b-9868-57a2d4851a1d" />
    <TestEntry testId="78fd6c8f-41c2-d9ae-0a7c-58dafccdeeb4" executionId="0aef8beb-1539-43ad-a0dc-0a9d3bbfbd8b" testListId="8c84fa94-04c1-424b-9868-57a2d4851a1d" />
    <TestEntry testId="66126302-2ac5-0b9f-b236-9fec83317051" executionId="94a0d6db-f295-4f07-b8ac-b1c274471582" testListId="8c84fa94-04c1-424b-9868-57a2d4851a1d" />
    <TestEntry testId="7ae547ed-1ec8-7a32-2471-9d8c71d7d9e7" executionId="5d2e3e9b-46d5-4796-8a0e-9da861f39d87" testListId="8c84fa94-04c1-424b-9868-57a2d4851a1d" />
    <TestEntry testId="c40b947d-6a84-09df-4891-ece8762f5611" executionId="56dbebba-f160-4ffa-a5a6-d0f2b24f0248" testListId="8c84fa94-04c1-424b-9868-57a2d4851a1d" />
    <TestEntry testId="6b9cd6b8-ebb8-0fc3-846e-cfe7773f7448" executionId="ffeeea1b-ae21-4412-8cb9-80ec6b18d57a" testListId="8c84fa94-04c1-424b-9868-57a2d4851a1d" />
    <TestEntry testId="67a98265-ad9b-ef1d-c7d7-f16f4034ea34" executionId="6d156ae5-4391-4d86-b826-c833b8e697f2" testListId="8c84fa94-04c1-424b-9868-57a2d4851a1d" />
    <TestEntry testId="5ad5a59b-d3a8-1455-39ec-b508c89542bc" executionId="d425e1b8-18b9-4278-92b7-c81842323496" testListId="8c84fa94-04c1-424b-9868-57a2d4851a1d" />
  </TestEntries>
  <TestLists>
    <TestList name="목록에 없는 결과" id="8c84fa94-04c1-424b-9868-57a2d4851a1d" />
    <TestList name="로드된 모든 결과" id="19431567-8539-422a-85d7-44ee4e166bda" />
  </TestLists>
  <ResultSummary outcome="Completed">
    <Counters total="48" executed="47" passed="47" failed="0" error="0" timeout="0" aborted="0" inconclusive="0" passedButRunAborted="0" notRunnable="0" notExecuted="0" disconnected="0" warning="0" completed="0" inProgress="0" pending="0" />
    <Output>
      <StdOut>[xUnit.net 00:00:00.00] xUnit.net VSTest Adapter v2.8.2+699d445a1a (64-bit .NET 8.0.24)&#xD;
[xUnit.net 00:00:00.03]   Discovering: PlannerEvidenceCapture.Tests&#xD;
[xUnit.net 00:00:00.06]   Discovered:  PlannerEvidenceCapture.Tests&#xD;
[xUnit.net 00:00:00.06]   Starting:    PlannerEvidenceCapture.Tests&#xD;
[xUnit.net 00:00:00.10]       Host lacks CreateSymbolicLink privilege; no elevation or policy change. Reparse mask is covered with fake attributes.&#xD;
테스트 실행에서 ‘PlannerEvidenceCapture.Tests.CaptureOutputScopeTests.RejectsSymbolicLinkParentWithoutWritingToTarget’ 테스트를 건너뛰었습니다.&#xD;
[xUnit.net 00:00:00.85]   Finished:    PlannerEvidenceCapture.Tests&#xD;
</StdOut>
    </Output>
    <RunInfos>
      <RunInfo computerName="DESKTOP-SR3Q9NW" outcome="Warning" timestamp="2026-09-07T19:59:24.9008850+09:00">
        <Text>[xUnit.net 00:00:00.10]     PlannerEvidenceCapture.Tests.CaptureOutputScopeTests.RejectsSymbolicLinkParentWithoutWritingToTarget [SKIP]</Text>
      </RunInfo>
    </RunInfos>
  </ResultSummary>
</TestRun>