<?xml version="1.0" encoding="utf-8"?>
<TestRun id="aec8c6b8-0807-4632-8f7d-f0f9f0a9db2a" name="123@DESKTOP-SR3Q9NW 2026-09-07 19:54:20" runUser="DESKTOP-SR3Q9NW\123" xmlns="http://microsoft.com/schemas/VisualStudio/TeamTest/2010">
  <Times creation="2026-09-07T19:54:20.8359411+09:00" queuing="2026-09-07T19:54:20.8359412+09:00" start="2026-09-07T19:54:20.4656591+09:00" finish="2026-09-07T19:54:21.6278106+09:00" />
  <TestSettings name="default" id="6c18549f-e45c-47d5-8ab4-e2cea0741206">
    <Deployment runDeploymentRoot="123_DESKTOP-SR3Q9NW_2026-09-07_19_54_20" />
  </TestSettings>
  <Results>
    <UnitTestResult executionId="4294f130-e347-40d4-b746-927774180d69" testId="3cdffcc5-14e3-a162-d7f8-d08facb3439c" testName="PlannerEvidenceCapture.Tests.CapturePixelContractTests.ValidateAcceptsOpaquePopulatedBorderedFrame" computerName="DESKTOP-SR3Q9NW" duration="00:00:00.0020427" startTime="2026-09-07T19:54:20.8219996+09:00" endTime="2026-09-07T19:54:20.8219997+09:00" testType="13cdc9d9-ddb5-4fa4-a97d-d965ccfc6d4b" outcome="Passed" testListId="8c84fa94-04c1-424b-9868-57a2d4851a1d" relativeResultsDirectory="4294f130-e347-40d4-b746-927774180d69" />
    <UnitTestResult executionId="576c5dc5-c7e2-4b75-82f1-ba198f7f7101" testId="42ac3b77-9d75-99b9-2173-44f801b6b3e2" testName="PlannerEvidenceCapture.Tests.CaptureOutputScopeTests.RejectsDotSegmentsInsteadOfNormalizingThemIntoApprovedRoot" computerName="DESKTOP-SR3Q9NW" duration="00:00:00.0007316" startTime="2026-09-07T19:54:20.8322080+09:00" endTime="2026-09-07T19:54:20.8322081+09:00" testType="13cdc9d9-ddb5-4fa4-a97d-d965ccfc6d4b" outcome="Passed" testListId="8c84fa94-04c1-424b-9868-57a2d4851a1d" relativeResultsDirectory="576c5dc5-c7e2-4b75-82f1-ba198f7f7101" />
    <UnitTestResult executionId="c9fa90c9-1023-429e-9407-82877104910c" testId="848940b1-abab-d1dd-e2d4-4d08bbc9d04c" testName="PlannerEvidenceCapture.Tests.CaptureOutputScopeTests.JunctionAncestorAndInjectedJunctionSinkAreRejected" computerName="DESKTOP-SR3Q9NW" duration="00:00:00.0045869" startTime="2026-09-07T19:54:20.8274071+09:00" endTime="2026-09-07T19:54:20.8274073+09:00" testType="13cdc9d9-ddb5-4fa4-a97d-d965ccfc6d4b" outcome="Passed" testListId="8c84fa94-04c1-424b-9868-57a2d4851a1d" relativeResultsDirectory="c9fa90c9-1023-429e-9407-82877104910c" />
    <UnitTestResult executionId="01ee02f2-4309-42a6-b5e0-f04e7be9ba99" testId="feea68fb-9cf7-a25e-3b65-736063739f10" testName="PlannerEvidenceCapture.Tests.CaptureOutputScopeTests.InjectedExistingChildDirectoryIsNotAdopted" computerName="DESKTOP-SR3Q9NW" duration="00:00:00.0015691" startTime="2026-09-07T19:54:20.8290548+09:00" endTime="2026-09-07T19:54:20.8290549+09:00" testType="13cdc9d9-ddb5-4fa4-a97d-d965ccfc6d4b" outcome="Passed" testListId="8c84fa94-04c1-424b-9868-57a2d4851a1d" relativeResultsDirectory="01ee02f2-4309-42a6-b5e0-f04e7be9ba99" />
    <UnitTestResult executionId="349ec2d9-0405-4b33-a2dc-72d256e50eb0" testId="c40b947d-6a84-09df-4891-ece8762f5611" testName="PlannerEvidenceCapture.Tests.CaptureIsolationSourceTests.JournalCapturesUseFixtureJournalSeamWithoutPathReinjection" computerName="DESKTOP-SR3Q9NW" duration="00:00:00.0026430" startTime="2026-09-07T19:54:20.8427253+09:00" endTime="2026-09-07T19:54:20.8427253+09:00" testType="13cdc9d9-ddb5-4fa4-a97d-d965ccfc6d4b" outcome="Passed" testListId="8c84fa94-04c1-424b-9868-57a2d4851a1d" relativeResultsDirectory="349ec2d9-0405-4b33-a2dc-72d256e50eb0" />
    <UnitTestResult executionId="5427e1b2-32c2-46e2-81ce-23cdeb5ef802" testId="80ed0787-6303-b04d-e553-2b9f024bce55" testName="PlannerEvidenceCapture.Tests.CaptureOutputScopeTests.RunDirectoryCannotBeRenamedWhileScopeIsAlive" computerName="DESKTOP-SR3Q9NW" duration="00:00:00.0015893" startTime="2026-09-07T19:54:20.8222587+09:00" endTime="2026-09-07T19:54:20.8222587+09:00" testType="13cdc9d9-ddb5-4fa4-a97d-d965ccfc6d4b" outcome="Passed" testListId="8c84fa94-04c1-424b-9868-57a2d4851a1d" relativeResultsDirectory="5427e1b2-32c2-46e2-81ce-23cdeb5ef802" />
    <UnitTestResult executionId="4abf9154-8a82-4f68-88b6-ed4c6079c9de" testId="67a98265-ad9b-ef1d-c7d7-f16f4034ea34" testName="PlannerEvidenceCapture.Tests.CaptureOutputScopeTests.RejectsAllReparseTagsAndNonDirectoriesWithoutPathProbe(attributes: Normal)" computerName="DESKTOP-SR3Q9NW" duration="00:00:00.0003720" startTime="2026-09-07T19:54:20.8224780+09:00" endTime="2026-09-07T19:54:20.8224780+09:00" testType="13cdc9d9-ddb5-4fa4-a97d-d965ccfc6d4b" outcome="Passed" testListId="8c84fa94-04c1-424b-9868-57a2d4851a1d" relativeResultsDirectory="4abf9154-8a82-4f68-88b6-ed4c6079c9de" />
    <UnitTestResult executionId="ed3d3b89-5c54-44bf-ad21-3ba887e9a042" testId="9c5eedcb-4f0f-faf1-697e-da6446999cc4" testName="PlannerEvidenceCapture.Tests.CapturePixelContractTests.ValidateRejectsMissingBorder" computerName="DESKTOP-SR3Q9NW" duration="00:00:00.0001684" startTime="2026-09-07T19:54:20.8212794+09:00" endTime="2026-09-07T19:54:20.8212795+09:00" testType="13cdc9d9-ddb5-4fa4-a97d-d965ccfc6d4b" outcome="Passed" testListId="8c84fa94-04c1-424b-9868-57a2d4851a1d" relativeResultsDirectory="ed3d3b89-5c54-44bf-ad21-3ba887e9a042" />
    <UnitTestResult executionId="43e0f104-793e-496d-a89d-873ec0ab587d" testId="13e576b0-42aa-1f97-3ad8-214f12fd95a6" testName="PlannerEvidenceCapture.Tests.CapturePixelContractTests.ValidateRejectsEmptyBackground" computerName="DESKTOP-SR3Q9NW" duration="00:00:00.0001158" startTime="2026-09-07T19:54:20.8220143+09:00" endTime="2026-09-07T19:54:20.8220143+09:00" testType="13cdc9d9-ddb5-4fa4-a97d-d965ccfc6d4b" outcome="Passed" testListId="8c84fa94-04c1-424b-9868-57a2d4851a1d" relativeResultsDirectory="43e0f104-793e-496d-a89d-873ec0ab587d" />
    <UnitTestResult executionId="8d3b8361-ae0b-4426-9c72-ad2ff053415e" testId="0e89d11e-3bc5-4781-7c2e-cb1dd9d0ce19" testName="PlannerEvidenceCapture.Tests.CaptureOutputScopeTests.ReservedDeviceNamesAreRejectedBeforeFileOpen(name: &quot;COM1.json&quot;)" computerName="DESKTOP-SR3Q9NW" duration="00:00:00.0011791" startTime="2026-09-07T19:54:20.8220707+09:00" endTime="2026-09-07T19:54:20.8220707+09:00" testType="13cdc9d9-ddb5-4fa4-a97d-d965ccfc6d4b" outcome="Passed" testListId="8c84fa94-04c1-424b-9868-57a2d4851a1d" relativeResultsDirectory="8d3b8361-ae0b-4426-9c72-ad2ff053415e" />
    <UnitTestResult executionId="ba6ef7bb-df90-4ced-b1eb-5d25e1be707b" testId="6a28b470-5001-f1e2-1189-2facb933893f" testName="PlannerEvidenceCapture.Tests.CapturePreflightTests.UnsafeImageInputsAreRejectedWithoutImageFactoryOrIo(id: &quot;luffy_common&quot;, fallback: &quot;file:///C:/fake/sentinel.png&quot;)" computerName="DESKTOP-SR3Q9NW" duration="00:00:00.0000118" startTime="2026-09-07T19:54:21.3339999+09:00" endTime="2026-09-07T19:54:21.3339999+09:00" testType="13cdc9d9-ddb5-4fa4-a97d-d965ccfc6d4b" outcome="Passed" testListId="8c84fa94-04c1-424b-9868-57a2d4851a1d" relativeResultsDirectory="ba6ef7bb-df90-4ced-b1eb-5d25e1be707b" />
    <UnitTestResult executionId="4752de20-c594-426b-b9ef-ffbb85959f50" testId="241fae05-46b6-fe7b-92a8-b09bfdc03567" testName="PlannerEvidenceCapture.Tests.CapturePixelContractTests.FlattenMakesPremultipliedPixelsOpaque" computerName="DESKTOP-SR3Q9NW" duration="00:00:00.0002376" startTime="2026-09-07T19:54:20.8213374+09:00" endTime="2026-09-07T19:54:20.8213375+09:00" testType="13cdc9d9-ddb5-4fa4-a97d-d965ccfc6d4b" outcome="Passed" testListId="8c84fa94-04c1-424b-9868-57a2d4851a1d" relativeResultsDirectory="4752de20-c594-426b-b9ef-ffbb85959f50" />
    <UnitTestResult executionId="76c634a2-faf8-4152-aa24-29493e1b1efd" testId="d4d25310-0e6c-0c31-52d6-c89ff3f00ed8" testName="PlannerEvidenceCapture.Tests.CaptureOutputScopeTests.ReservedDeviceNamesAreRejectedBeforeFileOpen(name: &quot;CON&quot;)" computerName="DESKTOP-SR3Q9NW" duration="00:00:00.0012047" startTime="2026-09-07T19:54:20.8222415+09:00" endTime="2026-09-07T19:54:20.8222415+09:00" testType="13cdc9d9-ddb5-4fa4-a97d-d965ccfc6d4b" outcome="Passed" testListId="8c84fa94-04c1-424b-9868-57a2d4851a1d" relativeResultsDirectory="76c634a2-faf8-4152-aa24-29493e1b1efd" />
    <UnitTestResult executionId="18ac38b7-ce02-46e9-a4c0-99981175576f" testId="66126302-2ac5-0b9f-b236-9fec83317051" testName="PlannerEvidenceCapture.Tests.CapturePreflightTests.UnsafeImageInputsAreRejectedWithoutImageFactoryOrIo(id: &quot;../sentinel&quot;, fallback: &quot;&quot;)" computerName="DESKTOP-SR3Q9NW" duration="00:00:00.0000179" startTime="2026-09-07T19:54:21.3339410+09:00" endTime="2026-09-07T19:54:21.3339410+09:00" testType="13cdc9d9-ddb5-4fa4-a97d-d965ccfc6d4b" outcome="Passed" testListId="8c84fa94-04c1-424b-9868-57a2d4851a1d" relativeResultsDirectory="18ac38b7-ce02-46e9-a4c0-99981175576f" />
    <UnitTestResult executionId="64cc23d0-3174-4a7a-915c-e676ee059461" testId="78733b86-6553-702b-5b78-e8bea337a817" testName="PlannerEvidenceCapture.Tests.CapturePixelContractTests.ValidateRejectsEmptyImageTile" computerName="DESKTOP-SR3Q9NW" duration="00:00:00.0001558" startTime="2026-09-07T19:54:20.8219665+09:00" endTime="2026-09-07T19:54:20.8219665+09:00" testType="13cdc9d9-ddb5-4fa4-a97d-d965ccfc6d4b" outcome="Passed" testListId="8c84fa94-04c1-424b-9868-57a2d4851a1d" relativeResultsDirectory="64cc23d0-3174-4a7a-915c-e676ee059461" />
    <UnitTestResult executionId="491be8aa-80e4-4435-9a8d-d5a1138b0b6a" testId="2a643143-c04d-4cec-4624-5be5540bedf8" testName="PlannerEvidenceCapture.Tests.CaptureSourceFingerprintTests.CanonicalInputsBindOverlayThemeExactlyOnce" computerName="DESKTOP-SR3Q9NW" duration="00:00:00.0031439" startTime="2026-09-07T19:54:20.8220494+09:00" endTime="2026-09-07T19:54:20.8220494+09:00" testType="13cdc9d9-ddb5-4fa4-a97d-d965ccfc6d4b" outcome="Passed" testListId="8c84fa94-04c1-424b-9868-57a2d4851a1d" relativeResultsDirectory="491be8aa-80e4-4435-9a8d-d5a1138b0b6a" />
    <UnitTestResult executionId="64481851-f515-44e6-af46-72704b0b0b7e" testId="39d4295f-22df-487c-e998-caf3aaa8d445" testName="PlannerEvidenceCapture.Tests.CaptureOutputScopeTests.NestedOutputsAreOwnedAndPinnedAndScopeDisposalClosesWriters" computerName="DESKTOP-SR3Q9NW" duration="00:00:00.0025504" startTime="2026-09-07T19:54:20.8223064+09:00" endTime="2026-09-07T19:54:20.8223064+09:00" testType="13cdc9d9-ddb5-4fa4-a97d-d965ccfc6d4b" outcome="Passed" testListId="8c84fa94-04c1-424b-9868-57a2d4851a1d" relativeResultsDirectory="64481851-f515-44e6-af46-72704b0b0b7e" />
    <UnitTestResult executionId="475c20ad-e331-46a3-915b-987473705cbf" testId="aca4c4fa-4fc8-62a4-8af4-403dc538916c" testName="PlannerEvidenceCapture.Tests.CaptureSourceFingerprintTests.ComputeIsDeterministicAndInputOrderStable" computerName="DESKTOP-SR3Q9NW" duration="00:00:00.0049045" startTime="2026-09-07T19:54:20.8219437+09:00" endTime="2026-09-07T19:54:20.8219438+09:00" testType="13cdc9d9-ddb5-4fa4-a97d-d965ccfc6d4b" outcome="Passed" testListId="8c84fa94-04c1-424b-9868-57a2d4851a1d" relativeResultsDirectory="475c20ad-e331-46a3-915b-987473705cbf" />
    <UnitTestResult executionId="60e2a8e2-0684-4c8f-b4a7-698ac65f7ff8" testId="b93f9eb9-892d-30b0-7dc4-32701130504e" testName="PlannerEvidenceCapture.Tests.CapturePreflightTests.UnsafeImageInputsAreRejectedWithoutImageFactoryOrIo(id: &quot;luffy_common&quot;, fallback: &quot;C:\\fake\\sentinel.png&quot;)" computerName="DESKTOP-SR3Q9NW" duration="00:00:00.0002067" startTime="2026-09-07T19:54:21.3337193+09:00" endTime="2026-09-07T19:54:21.3337193+09:00" testType="13cdc9d9-ddb5-4fa4-a97d-d965ccfc6d4b" outcome="Passed" testListId="8c84fa94-04c1-424b-9868-57a2d4851a1d" relativeResultsDirectory="60e2a8e2-0684-4c8f-b4a7-698ac65f7ff8" />
    <UnitTestResult executionId="10a799dc-987d-40da-8d66-0f8b0b3e57c3" testId="939cdac7-abf3-4bba-494a-8706a46bb921" testName="PlannerEvidenceCapture.Tests.CapturePreflightTests.UnsafeImageInputsAreRejectedWithoutImageFactoryOrIo(id: &quot;\\\\fake-server\\share\\x&quot;, fallback: &quot;&quot;)" computerName="DESKTOP-SR3Q9NW" duration="00:00:00.0001565" startTime="2026-09-07T19:54:21.3339019+09:00" endTime="2026-09-07T19:54:21.3339019+09:00" testType="13cdc9d9-ddb5-4fa4-a97d-d965ccfc6d4b" outcome="Passed" testListId="8c84fa94-04c1-424b-9868-57a2d4851a1d" relativeResultsDirectory="10a799dc-987d-40da-8d66-0f8b0b3e57c3" />
    <UnitTestResult executionId="cf22a68b-a019-4577-abf9-eaffbf600aaa" testId="9c520e64-6b2e-b1a0-ad77-9b371ce68488" testName="PlannerEvidenceCapture.Tests.CaptureSourceFingerprintTests.ComputeChangesWhenOnlyOverlayThemeChanges" computerName="DESKTOP-SR3Q9NW" duration="00:00:00.0013971" startTime="2026-09-07T19:54:20.8280066+09:00" endTime="2026-09-07T19:54:20.8280067+09:00" testType="13cdc9d9-ddb5-4fa4-a97d-d965ccfc6d4b" outcome="Passed" testListId="8c84fa94-04c1-424b-9868-57a2d4851a1d" relativeResultsDirectory="cf22a68b-a019-4577-abf9-eaffbf600aaa" />
    <UnitTestResult executionId="857ee76f-1425-4d5d-8e7e-d62a8ff2b9a2" testId="ca73831b-1b58-c86d-20c6-a2abbf90a6a3" testName="PlannerEvidenceCapture.Tests.CapturePreflightTests.ActualBundledMetadataPassesLexicalPreflightWithoutWpf" computerName="DESKTOP-SR3Q9NW" duration="00:00:00.2447157" startTime="2026-09-07T19:54:21.5792205+09:00" endTime="2026-09-07T19:54:21.5792208+09:00" testType="13cdc9d9-ddb5-4fa4-a97d-d965ccfc6d4b" outcome="Passed" testListId="8c84fa94-04c1-424b-9868-57a2d4851a1d" relativeResultsDirectory="857ee76f-1425-4d5d-8e7e-d62a8ff2b9a2" />
    <UnitTestResult executionId="74d354f2-f64a-4eb4-a8f7-d9b85a895aea" testId="dfeb214a-8fdf-ad34-96a8-1e2b6f4fc3e6" testName="PlannerEvidenceCapture.Tests.CapturePreflightTests.LiveAndUnguardedJournalModesAreRejectedBeforeApp(flag: &quot;--bullet-guide-live&quot;)" computerName="DESKTOP-SR3Q9NW" duration="00:00:00.0000894" startTime="2026-09-07T19:54:20.8212976+09:00" endTime="2026-09-07T19:54:20.8212977+09:00" testType="13cdc9d9-ddb5-4fa4-a97d-d965ccfc6d4b" outcome="Passed" testListId="8c84fa94-04c1-424b-9868-57a2d4851a1d" relativeResultsDirectory="74d354f2-f64a-4eb4-a8f7-d9b85a895aea" />
    <UnitTestResult executionId="3b6e207f-3d8e-45b7-8ac4-80d17003dd9b" testId="f3698a40-6d92-0404-3105-56fe7b7f6def" testName="PlannerEvidenceCapture.Tests.CaptureIsolationSourceTests.ControlledConstructorsUseExplicitFixtureAndWindowSettings" computerName="DESKTOP-SR3Q9NW" duration="00:00:00.0153674" startTime="2026-09-07T19:54:20.8222903+09:00" endTime="2026-09-07T19:54:20.8222904+09:00" testType="13cdc9d9-ddb5-4fa4-a97d-d965ccfc6d4b" outcome="Passed" testListId="8c84fa94-04c1-424b-9868-57a2d4851a1d" relativeResultsDirectory="3b6e207f-3d8e-45b7-8ac4-80d17003dd9b" />
    <UnitTestResult executionId="0cfbb78f-1929-448d-a7e5-03dfe1568aaf" testId="5b2da5cb-41da-33f3-9d4e-55597e93b4bd" testName="PlannerEvidenceCapture.Tests.CaptureOutputScopeTests.RejectsNonLocalAbsolutePathsBeforeIo(output: &quot;relative&quot;)" computerName="DESKTOP-SR3Q9NW" duration="00:00:00.0043729" startTime="2026-09-07T19:54:20.8081250+09:00" endTime="2026-09-07T19:54:20.8081250+09:00" testType="13cdc9d9-ddb5-4fa4-a97d-d965ccfc6d4b" outcome="Passed" testListId="8c84fa94-04c1-424b-9868-57a2d4851a1d" relativeResultsDirectory="0cfbb78f-1929-448d-a7e5-03dfe1568aaf" />
    <UnitTestResult executionId="c72c3998-8a6b-4b76-8dda-9a71d306c453" testId="7bfd89ec-7d28-9502-2349-8741c87554b7" testName="PlannerEvidenceCapture.Tests.CaptureOutputScopeTests.RejectsNonLocalAbsolutePathsBeforeIo(output: &quot;C:relative&quot;)" computerName="DESKTOP-SR3Q9NW" duration="00:00:00.0004313" startTime="2026-09-07T19:54:20.8219844+09:00" endTime="2026-09-07T19:54:20.8219844+09:00" testType="13cdc9d9-ddb5-4fa4-a97d-d965ccfc6d4b" outcome="Passed" testListId="8c84fa94-04c1-424b-9868-57a2d4851a1d" relativeResultsDirectory="c72c3998-8a6b-4b76-8dda-9a71d306c453" />
    <UnitTestResult executionId="33cb9bf6-9bab-4165-b558-721012c4f0e9" testId="9bd3e4dc-7b3c-a04a-004f-400663de7e2a" testName="PlannerEvidenceCapture.Tests.CaptureOutputScopeTests.ReservedDeviceNamesAreRejectedBeforeFileOpen(name: &quot;NUL.txt&quot;)" computerName="DESKTOP-SR3Q9NW" duration="00:00:00.0025029" startTime="2026-09-07T19:54:20.8220244+09:00" endTime="2026-09-07T19:54:20.8220244+09:00" testType="13cdc9d9-ddb5-4fa4-a97d-d965ccfc6d4b" outcome="Passed" testListId="8c84fa94-04c1-424b-9868-57a2d4851a1d" relativeResultsDirectory="33cb9bf6-9bab-4165-b558-721012c4f0e9" />
    <UnitTestResult executionId="695ee966-035d-4762-b632-624f494aacef" testId="7ae547ed-1ec8-7a32-2471-9d8c71d7d9e7" testName="PlannerEvidenceCapture.Tests.CapturePreflightTests.JournalModesAreAcceptedAfterFixtureSeam(flag: &quot;--coach-finished-rewards&quot;)" computerName="DESKTOP-SR3Q9NW" duration="00:00:00.0001462" startTime="2026-09-07T19:54:20.8082282+09:00" endTime="2026-09-07T19:54:20.8082282+09:00" testType="13cdc9d9-ddb5-4fa4-a97d-d965ccfc6d4b" outcome="Passed" testListId="8c84fa94-04c1-424b-9868-57a2d4851a1d" relativeResultsDirectory="695ee966-035d-4762-b632-624f494aacef" />
    <UnitTestResult executionId="3d13fd5e-a9f6-44e1-b54d-ed6a0678db5e" testId="e0fda1dc-a855-69a7-1c33-3f561400c7ed" testName="PlannerEvidenceCapture.Tests.CapturePreflightTests.JournalModesAreAcceptedAfterFixtureSeam(flag: &quot;--four-modes&quot;)" computerName="DESKTOP-SR3Q9NW" duration="00:00:00.0000031" startTime="2026-09-07T19:54:20.8082705+09:00" endTime="2026-09-07T19:54:20.8082705+09:00" testType="13cdc9d9-ddb5-4fa4-a97d-d965ccfc6d4b" outcome="Passed" testListId="8c84fa94-04c1-424b-9868-57a2d4851a1d" relativeResultsDirectory="3d13fd5e-a9f6-44e1-b54d-ed6a0678db5e" />
    <UnitTestResult executionId="f5598754-3c6f-425f-acc1-018d145e3c90" testId="e72cdd98-98cd-bd89-7754-50c05c7ce646" testName="PlannerEvidenceCapture.Tests.CaptureOutputScopeTests.RejectsAllReparseTagsAndNonDirectoriesWithoutPathProbe(attributes: Directory | ReparsePoint)" computerName="DESKTOP-SR3Q9NW" duration="00:00:00.0005725" startTime="2026-09-07T19:54:20.8223383+09:00" endTime="2026-09-07T19:54:20.8223383+09:00" testType="13cdc9d9-ddb5-4fa4-a97d-d965ccfc6d4b" outcome="Passed" testListId="8c84fa94-04c1-424b-9868-57a2d4851a1d" relativeResultsDirectory="f5598754-3c6f-425f-acc1-018d145e3c90" />
    <UnitTestResult executionId="b089432b-c199-4645-966f-61bae0c6d875" testId="79d4431e-957a-1c64-ce86-5a1f149a4341" testName="PlannerEvidenceCapture.Tests.CapturePixelContractTests.ValidateRejectsTransparentEvidence" computerName="DESKTOP-SR3Q9NW" duration="00:00:00.0001055" startTime="2026-09-07T19:54:20.8213547+09:00" endTime="2026-09-07T19:54:20.8213547+09:00" testType="13cdc9d9-ddb5-4fa4-a97d-d965ccfc6d4b" outcome="Passed" testListId="8c84fa94-04c1-424b-9868-57a2d4851a1d" relativeResultsDirectory="b089432b-c199-4645-966f-61bae0c6d875" />
    <UnitTestResult executionId="dc0e30c3-5eb6-48f5-b141-a8d12d15b171" testId="54d20e25-7d87-af05-1005-f725a3083597" testName="PlannerEvidenceCapture.Tests.CapturePreflightTests.UnsafeImageInputsAreRejectedWithoutImageFactoryOrIo(id: &quot;rawcode:../x&quot;, fallback: &quot;&quot;)" computerName="DESKTOP-SR3Q9NW" duration="00:00:00.0000113" startTime="2026-09-07T19:54:21.3340204+09:00" endTime="2026-09-07T19:54:21.3340204+09:00" testType="13cdc9d9-ddb5-4fa4-a97d-d965ccfc6d4b" outcome="Passed" testListId="8c84fa94-04c1-424b-9868-57a2d4851a1d" relativeResultsDirectory="dc0e30c3-5eb6-48f5-b141-a8d12d15b171" />
    <UnitTestResult executionId="72228014-8543-4771-8f63-4d6996c02150" testId="d0349b58-901d-69f9-c98a-c73bb8f47869" testName="PlannerEvidenceCapture.Tests.CaptureIsolationSourceTests.AllCaptureWritesRouteThroughScopeAndPreflightPrecedesApp" computerName="DESKTOP-SR3Q9NW" duration="00:00:00.0220169" startTime="2026-09-07T19:54:20.8400309+09:00" endTime="2026-09-07T19:54:20.8400310+09:00" testType="13cdc9d9-ddb5-4fa4-a97d-d965ccfc6d4b" outcome="Passed" testListId="8c84fa94-04c1-424b-9868-57a2d4851a1d" relativeResultsDirectory="72228014-8543-4771-8f63-4d6996c02150" />
    <UnitTestResult executionId="e7361766-20f7-41b1-9ba8-36e1ba4f6227" testId="11d45351-d1cf-0b26-8041-f1852aefa518" testName="PlannerEvidenceCapture.Tests.CapturePreflightTests.JournalModesAreAcceptedAfterFixtureSeam(flag: &quot;--coach-app&quot;)" computerName="DESKTOP-SR3Q9NW" duration="00:00:00.0028181" startTime="2026-09-07T19:54:20.8067463+09:00" endTime="2026-09-07T19:54:20.8067551+09:00" testType="13cdc9d9-ddb5-4fa4-a97d-d965ccfc6d4b" outcome="Passed" testListId="8c84fa94-04c1-424b-9868-57a2d4851a1d" relativeResultsDirectory="e7361766-20f7-41b1-9ba8-36e1ba4f6227" />
    <UnitTestResult executionId="492b815b-8028-4a68-a344-47dc84a43fa8" testId="c28f37f5-7822-e649-7078-c9200360de70" testName="PlannerEvidenceCapture.Tests.CaptureOutputScopeTests.RejectsAllReparseTagsAndNonDirectoriesWithoutPathProbe(attributes: ReparsePoint)" computerName="DESKTOP-SR3Q9NW" duration="00:00:00.0006732" startTime="2026-09-07T19:54:20.8223247+09:00" endTime="2026-09-07T19:54:20.8223248+09:00" testType="13cdc9d9-ddb5-4fa4-a97d-d965ccfc6d4b" outcome="Passed" testListId="8c84fa94-04c1-424b-9868-57a2d4851a1d" relativeResultsDirectory="492b815b-8028-4a68-a344-47dc84a43fa8" />
    <UnitTestResult executionId="a31eac9c-bf11-42f4-a6da-07ffb5b8d98f" testId="3a00a699-dfdc-625e-9c98-51146d33c72f" testName="PlannerEvidenceCapture.Tests.CapturePixelContractTests.ValidateRejectsMissingLeftStart" computerName="DESKTOP-SR3Q9NW" duration="00:00:00.0042979" startTime="2026-09-07T19:54:20.8082923+09:00" endTime="2026-09-07T19:54:20.8082924+09:00" testType="13cdc9d9-ddb5-4fa4-a97d-d965ccfc6d4b" outcome="Passed" testListId="8c84fa94-04c1-424b-9868-57a2d4851a1d" relativeResultsDirectory="a31eac9c-bf11-42f4-a6da-07ffb5b8d98f" />
    <UnitTestResult executionId="938d96a0-93b6-4ed0-8f7d-256659c445be" testId="15a6d1c2-bc5b-c039-9599-f98f7a710f58" testName="PlannerEvidenceCapture.Tests.CaptureOutputScopeTests.OutputWritesAreCreateNewAndContained" computerName="DESKTOP-SR3Q9NW" duration="00:00:00.0022648" startTime="2026-09-07T19:54:20.8227671+09:00" endTime="2026-09-07T19:54:20.8227671+09:00" testType="13cdc9d9-ddb5-4fa4-a97d-d965ccfc6d4b" outcome="Passed" testListId="8c84fa94-04c1-424b-9868-57a2d4851a1d" relativeResultsDirectory="938d96a0-93b6-4ed0-8f7d-256659c445be" />
    <UnitTestResult executionId="f0abcbcb-4427-49e7-bd8d-5498a86f1e57" testId="e3dedca9-b946-93ee-3698-4aa05a9d69a0" testName="PlannerEvidenceCapture.Tests.CapturePreflightTests.LiveAndUnguardedJournalModesAreRejectedBeforeApp(flag: &quot;--live-quests&quot;)" computerName="DESKTOP-SR3Q9NW" duration="00:00:00.0000150" startTime="2026-09-07T19:54:20.8213099+09:00" endTime="2026-09-07T19:54:20.8213099+09:00" testType="13cdc9d9-ddb5-4fa4-a97d-d965ccfc6d4b" outcome="Passed" testListId="8c84fa94-04c1-424b-9868-57a2d4851a1d" relativeResultsDirectory="f0abcbcb-4427-49e7-bd8d-5498a86f1e57" />
    <UnitTestResult executionId="7306a4ee-c990-4779-8504-6f4debc7e877" testId="1e0a3317-eef3-68c1-bf4a-1677129e08c3" testName="PlannerEvidenceCapture.Tests.CapturePreflightTests.UnknownButLexicallySafeFixtureIdIsRejectedByBundledAllowlist" computerName="DESKTOP-SR3Q9NW" duration="00:00:00.0003631" startTime="2026-09-07T19:54:21.3344223+09:00" endTime="2026-09-07T19:54:21.3344224+09:00" testType="13cdc9d9-ddb5-4fa4-a97d-d965ccfc6d4b" outcome="Passed" testListId="8c84fa94-04c1-424b-9868-57a2d4851a1d" relativeResultsDirectory="7306a4ee-c990-4779-8504-6f4debc7e877" />
    <UnitTestResult executionId="fdb80f2f-d9b1-4e56-8427-e720cb6a4940" testId="19ceb9b0-d5cf-d820-1092-c2104703fa19" testName="PlannerEvidenceCapture.Tests.CapturePreflightTests.UnsafeImageInputsAreRejectedWithoutImageFactoryOrIo(id: &quot;luffy_common&quot;, fallback: &quot;\\\\fake-server\\share\\sentinel.png&quot;)" computerName="DESKTOP-SR3Q9NW" duration="00:00:00.0000206" startTime="2026-09-07T19:54:21.3339769+09:00" endTime="2026-09-07T19:54:21.3339770+09:00" testType="13cdc9d9-ddb5-4fa4-a97d-d965ccfc6d4b" outcome="Passed" testListId="8c84fa94-04c1-424b-9868-57a2d4851a1d" relativeResultsDirectory="fdb80f2f-d9b1-4e56-8427-e720cb6a4940" />
    <UnitTestResult executionId="a5709a73-d45d-40c4-b7cf-bb32cda56977" testId="78fd6c8f-41c2-d9ae-0a7c-58dafccdeeb4" testName="PlannerEvidenceCapture.Tests.CaptureOutputScopeTests.RejectsNonLocalAbsolutePathsBeforeIo(output: &quot;\\\\fake-server\\share\\out&quot;)" computerName="DESKTOP-SR3Q9NW" duration="00:00:00.0006089" startTime="2026-09-07T19:54:20.8213281+09:00" endTime="2026-09-07T19:54:20.8213281+09:00" testType="13cdc9d9-ddb5-4fa4-a97d-d965ccfc6d4b" outcome="Passed" testListId="8c84fa94-04c1-424b-9868-57a2d4851a1d" relativeResultsDirectory="a5709a73-d45d-40c4-b7cf-bb32cda56977" />
    <UnitTestResult executionId="91178661-8ccb-4bbf-a929-1c5d18d5214c" testId="82ea1eb4-9142-b1fd-4dc5-bf24f901bfdd" testName="PlannerEvidenceCapture.Tests.CaptureOutputScopeTests.ReservedDeviceNamesAreRejectedBeforeFileOpen(name: &quot;LPT1.png&quot;)" computerName="DESKTOP-SR3Q9NW" duration="00:00:00.0009692" startTime="2026-09-07T19:54:20.8222266+09:00" endTime="2026-09-07T19:54:20.8222267+09:00" testType="13cdc9d9-ddb5-4fa4-a97d-d965ccfc6d4b" outcome="Passed" testListId="8c84fa94-04c1-424b-9868-57a2d4851a1d" relativeResultsDirectory="91178661-8ccb-4bbf-a929-1c5d18d5214c" />
    <UnitTestResult executionId="86007192-e3cb-4a2d-9f2c-0078cb8d0c32" testId="469b7b52-3871-f664-690e-5282a89cbf2e" testName="PlannerEvidenceCapture.Tests.CaptureSourceFingerprintTests.CaptureVariantsCoverEveryPendingStateAtSupportedScales" computerName="DESKTOP-SR3Q9NW" duration="00:00:00.0158913" startTime="2026-09-07T19:54:20.8265876+09:00" endTime="2026-09-07T19:54:20.8265879+09:00" testType="13cdc9d9-ddb5-4fa4-a97d-d965ccfc6d4b" outcome="Passed" testListId="8c84fa94-04c1-424b-9868-57a2d4851a1d" relativeResultsDirectory="86007192-e3cb-4a2d-9f2c-0078cb8d0c32" />
    <UnitTestResult executionId="df433d6c-15f3-44cc-92ef-abfea75e9168" testId="290c080d-a865-7d5d-c2e7-52ce209aef84" testName="PlannerEvidenceCapture.Tests.CaptureOutputScopeTests.ApprovedParentMustAlreadyExist" computerName="DESKTOP-SR3Q9NW" duration="00:00:00.0008226" startTime="2026-09-07T19:54:20.8222755+09:00" endTime="2026-09-07T19:54:20.8222755+09:00" testType="13cdc9d9-ddb5-4fa4-a97d-d965ccfc6d4b" outcome="Passed" testListId="8c84fa94-04c1-424b-9868-57a2d4851a1d" relativeResultsDirectory="df433d6c-15f3-44cc-92ef-abfea75e9168" />
    <UnitTestResult executionId="a08174c3-bdcb-488c-b2a2-4b6454773726" testId="37dd5e02-edb8-4635-d2da-22277fa36199" testName="PlannerEvidenceCapture.Tests.CaptureOutputScopeTests.RejectsSymbolicLinkParentWithoutWritingToTarget" computerName="DESKTOP-SR3Q9NW" duration="00:00:00.0010000" startTime="2026-09-07T19:54:20.8296905+09:00" endTime="2026-09-07T19:54:20.8296906+09:00" testType="13cdc9d9-ddb5-4fa4-a97d-d965ccfc6d4b" outcome="NotExecuted" testListId="8c84fa94-04c1-424b-9868-57a2d4851a1d" relativeResultsDirectory="a08174c3-bdcb-488c-b2a2-4b6454773726">
      <Output>
        <ErrorInfo>
          <Message>Host lacks CreateSymbolicLink privilege; no elevation or policy change. Reparse mask is covered with fake attributes.</Message>
        </ErrorInfo>
      </Output>
    </UnitTestResult>
    <UnitTestResult executionId="e8a04ed1-98b5-4735-8313-0b81f22eaa2d" testId="66c21e0c-c331-4c96-70c6-c8d5cfc85be9" testName="PlannerEvidenceCapture.Tests.CapturePreflightTests.FixtureJournalContext_SuppliesMemoryJournalWithoutPath" computerName="DESKTOP-SR3Q9NW" duration="00:00:00.5262829" startTime="2026-09-07T19:54:21.3334799+09:00" endTime="2026-09-07T19:54:21.3334804+09:00" testType="13cdc9d9-ddb5-4fa4-a97d-d965ccfc6d4b" outcome="Passed" testListId="8c84fa94-04c1-424b-9868-57a2d4851a1d" relativeResultsDirectory="e8a04ed1-98b5-4735-8313-0b81f22eaa2d" />
    <UnitTestResult executionId="bde22b88-5128-43b4-80fc-89484c27192f" testId="5ad5a59b-d3a8-1455-39ec-b508c89542bc" testName="PlannerEvidenceCapture.Tests.CapturePreflightTests.LiveAndUnguardedJournalModesAreRejectedBeforeApp(flag: &quot;--native-unit-probe&quot;)" computerName="DESKTOP-SR3Q9NW" duration="00:00:00.0003265" startTime="2026-09-07T19:54:20.8211906+09:00" endTime="2026-09-07T19:54:20.8211906+09:00" testType="13cdc9d9-ddb5-4fa4-a97d-d965ccfc6d4b" outcome="Passed" testListId="8c84fa94-04c1-424b-9868-57a2d4851a1d" relativeResultsDirectory="bde22b88-5128-43b4-80fc-89484c27192f" />
    <UnitTestResult executionId="07e185cd-9b15-41ea-ab46-c41f8b023f03" testId="6b9cd6b8-ebb8-0fc3-846e-cfe7773f7448" testName="PlannerEvidenceCapture.Tests.CaptureOutputScopeTests.NewOwnedRunRejectsSiblingPrefixAndExistingOutput" computerName="DESKTOP-SR3Q9NW" duration="00:00:00.0022452" startTime="2026-09-07T19:54:20.8314258+09:00" endTime="2026-09-07T19:54:20.8314259+09:00" testType="13cdc9d9-ddb5-4fa4-a97d-d965ccfc6d4b" outcome="Passed" testListId="8c84fa94-04c1-424b-9868-57a2d4851a1d" relativeResultsDirectory="07e185cd-9b15-41ea-ab46-c41f8b023f03" />
  </Results>
  <TestDefinitions>
    <UnitTest name="PlannerEvidenceCapture.Tests.CaptureIsolationSourceTests.ControlledConstructorsUseExplicitFixtureAndWindowSettings" storage="c:\users\123\desktop\dev\orand-overnight-overlay-20260907-111725\tools\plannerevidencecapture.tests\bin\debug\net8.0-windows\plannerevidencecapture.tests.dll" id="f3698a40-6d92-0404-3105-56fe7b7f6def">
      <Execution id="3b6e207f-3d8e-45b7-8ac4-80d17003dd9b" />
      <TestMethod codeBase="C:\Users\123\Desktop\dev\orand-overnight-overlay-20260907-111725\tools\PlannerEvidenceCapture.Tests\bin\Debug\net8.0-windows\PlannerEvidenceCapture.Tests.dll" adapterTypeName="executor://xunit/VsTestRunner2/netcoreapp" className="PlannerEvidenceCapture.Tests.CaptureIsolationSourceTests" name="ControlledConstructorsUseExplicitFixtureAndWindowSettings" />
    </UnitTest>
    <UnitTest name="PlannerEvidenceCapture.Tests.CaptureOutputScopeTests.ApprovedParentMustAlreadyExist" storage="c:\users\123\desktop\dev\orand-overnight-overlay-20260907-111725\tools\plannerevidencecapture.tests\bin\debug\net8.0-windows\plannerevidencecapture.tests.dll" id="290c080d-a865-7d5d-c2e7-52ce209aef84">
      <Execution id="df433d6c-15f3-44cc-92ef-abfea75e9168" />
      <TestMethod codeBase="C:\Users\123\Desktop\dev\orand-overnight-overlay-20260907-111725\tools\PlannerEvidenceCapture.Tests\bin\Debug\net8.0-windows\PlannerEvidenceCapture.Tests.dll" adapterTypeName="executor://xunit/VsTestRunner2/netcoreapp" className="PlannerEvidenceCapture.Tests.CaptureOutputScopeTests" name="ApprovedParentMustAlreadyExist" />
    </UnitTest>
    <UnitTest name="PlannerEvidenceCapture.Tests.CaptureOutputScopeTests.ReservedDeviceNamesAreRejectedBeforeFileOpen(name: &quot;NUL.txt&quot;)" storage="c:\users\123\desktop\dev\orand-overnight-overlay-20260907-111725\tools\plannerevidencecapture.tests\bin\debug\net8.0-windows\plannerevidencecapture.tests.dll" id="9bd3e4dc-7b3c-a04a-004f-400663de7e2a">
      <Execution id="33cb9bf6-9bab-4165-b558-721012c4f0e9" />
      <TestMethod codeBase="C:\Users\123\Desktop\dev\orand-overnight-overlay-20260907-111725\tools\PlannerEvidenceCapture.Tests\bin\Debug\net8.0-windows\PlannerEvidenceCapture.Tests.dll" adapterTypeName="executor://xunit/VsTestRunner2/netcoreapp" className="PlannerEvidenceCapture.Tests.CaptureOutputScopeTests" name="ReservedDeviceNamesAreRejectedBeforeFileOpen" />
    </UnitTest>
    <UnitTest name="PlannerEvidenceCapture.Tests.CapturePreflightTests.UnsafeImageInputsAreRejectedWithoutImageFactoryOrIo(id: &quot;\\\\fake-server\\share\\x&quot;, fallback: &quot;&quot;)" storage="c:\users\123\desktop\dev\orand-overnight-overlay-20260907-111725\tools\plannerevidencecapture.tests\bin\debug\net8.0-windows\plannerevidencecapture.tests.dll" id="939cdac7-abf3-4bba-494a-8706a46bb921">
      <Execution id="10a799dc-987d-40da-8d66-0f8b0b3e57c3" />
      <TestMethod codeBase="C:\Users\123\Desktop\dev\orand-overnight-overlay-20260907-111725\tools\PlannerEvidenceCapture.Tests\bin\Debug\net8.0-windows\PlannerEvidenceCapture.Tests.dll" adapterTypeName="executor://xunit/VsTestRunner2/netcoreapp" className="PlannerEvidenceCapture.Tests.CapturePreflightTests" name="UnsafeImageInputsAreRejectedWithoutImageFactoryOrIo" />
    </UnitTest>
    <UnitTest name="PlannerEvidenceCapture.Tests.CapturePixelContractTests.ValidateRejectsEmptyBackground" storage="c:\users\123\desktop\dev\orand-overnight-overlay-20260907-111725\tools\plannerevidencecapture.tests\bin\debug\net8.0-windows\plannerevidencecapture.tests.dll" id="13e576b0-42aa-1f97-3ad8-214f12fd95a6">
      <Execution id="43e0f104-793e-496d-a89d-873ec0ab587d" />
      <TestMethod codeBase="C:\Users\123\Desktop\dev\orand-overnight-overlay-20260907-111725\tools\PlannerEvidenceCapture.Tests\bin\Debug\net8.0-windows\PlannerEvidenceCapture.Tests.dll" adapterTypeName="executor://xunit/VsTestRunner2/netcoreapp" className="PlannerEvidenceCapture.Tests.CapturePixelContractTests" name="ValidateRejectsEmptyBackground" />
    </UnitTest>
    <UnitTest name="PlannerEvidenceCapture.Tests.CaptureOutputScopeTests.RejectsDotSegmentsInsteadOfNormalizingThemIntoApprovedRoot" storage="c:\users\123\desktop\dev\orand-overnight-overlay-20260907-111725\tools\plannerevidencecapture.tests\bin\debug\net8.0-windows\plannerevidencecapture.tests.dll" id="42ac3b77-9d75-99b9-2173-44f801b6b3e2">
      <Execution id="576c5dc5-c7e2-4b75-82f1-ba198f7f7101" />
      <TestMethod codeBase="C:\Users\123\Desktop\dev\orand-overnight-overlay-20260907-111725\tools\PlannerEvidenceCapture.Tests\bin\Debug\net8.0-windows\PlannerEvidenceCapture.Tests.dll" adapterTypeName="executor://xunit/VsTestRunner2/netcoreapp" className="PlannerEvidenceCapture.Tests.CaptureOutputScopeTests" name="RejectsDotSegmentsInsteadOfNormalizingThemIntoApprovedRoot" />
    </UnitTest>
    <UnitTest name="PlannerEvidenceCapture.Tests.CaptureOutputScopeTests.RunDirectoryCannotBeRenamedWhileScopeIsAlive" storage="c:\users\123\desktop\dev\orand-overnight-overlay-20260907-111725\tools\plannerevidencecapture.tests\bin\debug\net8.0-windows\plannerevidencecapture.tests.dll" id="80ed0787-6303-b04d-e553-2b9f024bce55">
      <Execution id="5427e1b2-32c2-46e2-81ce-23cdeb5ef802" />
      <TestMethod codeBase="C:\Users\123\Desktop\dev\orand-overnight-overlay-20260907-111725\tools\PlannerEvidenceCapture.Tests\bin\Debug\net8.0-windows\PlannerEvidenceCapture.Tests.dll" adapterTypeName="executor://xunit/VsTestRunner2/netcoreapp" className="PlannerEvidenceCapture.Tests.CaptureOutputScopeTests" name="RunDirectoryCannotBeRenamedWhileScopeIsAlive" />
    </UnitTest>
    <UnitTest name="PlannerEvidenceCapture.Tests.CaptureOutputScopeTests.RejectsNonLocalAbsolutePathsBeforeIo(output: &quot;relative&quot;)" storage="c:\users\123\desktop\dev\orand-overnight-overlay-20260907-111725\tools\plannerevidencecapture.tests\bin\debug\net8.0-windows\plannerevidencecapture.tests.dll" id="5b2da5cb-41da-33f3-9d4e-55597e93b4bd">
      <Execution id="0cfbb78f-1929-448d-a7e5-03dfe1568aaf" />
      <TestMethod codeBase="C:\Users\123\Desktop\dev\orand-overnight-overlay-20260907-111725\tools\PlannerEvidenceCapture.Tests\bin\Debug\net8.0-windows\PlannerEvidenceCapture.Tests.dll" adapterTypeName="executor://xunit/VsTestRunner2/netcoreapp" className="PlannerEvidenceCapture.Tests.CaptureOutputScopeTests" name="RejectsNonLocalAbsolutePathsBeforeIo" />
    </UnitTest>
    <UnitTest name="PlannerEvidenceCapture.Tests.CapturePreflightTests.UnsafeImageInputsAreRejectedWithoutImageFactoryOrIo(id: &quot;../sentinel&quot;, fallback: &quot;&quot;)" storage="c:\users\123\desktop\dev\orand-overnight-overlay-20260907-111725\tools\plannerevidencecapture.tests\bin\debug\net8.0-windows\plannerevidencecapture.tests.dll" id="66126302-2ac5-0b9f-b236-9fec83317051">
      <Execution id="18ac38b7-ce02-46e9-a4c0-99981175576f" />
      <TestMethod codeBase="C:\Users\123\Desktop\dev\orand-overnight-overlay-20260907-111725\tools\PlannerEvidenceCapture.Tests\bin\Debug\net8.0-windows\PlannerEvidenceCapture.Tests.dll" adapterTypeName="executor://xunit/VsTestRunner2/netcoreapp" className="PlannerEvidenceCapture.Tests.CapturePreflightTests" name="UnsafeImageInputsAreRejectedWithoutImageFactoryOrIo" />
    </UnitTest>
    <UnitTest name="PlannerEvidenceCapture.Tests.CapturePixelContractTests.ValidateRejectsTransparentEvidence" storage="c:\users\123\desktop\dev\orand-overnight-overlay-20260907-111725\tools\plannerevidencecapture.tests\bin\debug\net8.0-windows\plannerevidencecapture.tests.dll" id="79d4431e-957a-1c64-ce86-5a1f149a4341">
      <Execution id="b089432b-c199-4645-966f-61bae0c6d875" />
      <TestMethod codeBase="C:\Users\123\Desktop\dev\orand-overnight-overlay-20260907-111725\tools\PlannerEvidenceCapture.Tests\bin\Debug\net8.0-windows\PlannerEvidenceCapture.Tests.dll" adapterTypeName="executor://xunit/VsTestRunner2/netcoreapp" className="PlannerEvidenceCapture.Tests.CapturePixelContractTests" name="ValidateRejectsTransparentEvidence" />
    </UnitTest>
    <UnitTest name="PlannerEvidenceCapture.Tests.CapturePreflightTests.UnknownButLexicallySafeFixtureIdIsRejectedByBundledAllowlist" storage="c:\users\123\desktop\dev\orand-overnight-overlay-20260907-111725\tools\plannerevidencecapture.tests\bin\debug\net8.0-windows\plannerevidencecapture.tests.dll" id="1e0a3317-eef3-68c1-bf4a-1677129e08c3">
      <Execution id="7306a4ee-c990-4779-8504-6f4debc7e877" />
      <TestMethod codeBase="C:\Users\123\Desktop\dev\orand-overnight-overlay-20260907-111725\tools\PlannerEvidenceCapture.Tests\bin\Debug\net8.0-windows\PlannerEvidenceCapture.Tests.dll" adapterTypeName="executor://xunit/VsTestRunner2/netcoreapp" className="PlannerEvidenceCapture.Tests.CapturePreflightTests" name="UnknownButLexicallySafeFixtureIdIsRejectedByBundledAllowlist" />
    </UnitTest>
    <UnitTest name="PlannerEvidenceCapture.Tests.CapturePixelContractTests.ValidateRejectsEmptyImageTile" storage="c:\users\123\desktop\dev\orand-overnight-overlay-20260907-111725\tools\plannerevidencecapture.tests\bin\debug\net8.0-windows\plannerevidencecapture.tests.dll" id="78733b86-6553-702b-5b78-e8bea337a817">
      <Execution id="64cc23d0-3174-4a7a-915c-e676ee059461" />
      <TestMethod codeBase="C:\Users\123\Desktop\dev\orand-overnight-overlay-20260907-111725\tools\PlannerEvidenceCapture.Tests\bin\Debug\net8.0-windows\PlannerEvidenceCapture.Tests.dll" adapterTypeName="executor://xunit/VsTestRunner2/netcoreapp" className="PlannerEvidenceCapture.Tests.CapturePixelContractTests" name="ValidateRejectsEmptyImageTile" />
    </UnitTest>
    <UnitTest name="PlannerEvidenceCapture.Tests.CapturePreflightTests.JournalModesAreAcceptedAfterFixtureSeam(flag: &quot;--four-modes&quot;)" storage="c:\users\123\desktop\dev\orand-overnight-overlay-20260907-111725\tools\plannerevidencecapture.tests\bin\debug\net8.0-windows\plannerevidencecapture.tests.dll" id="e0fda1dc-a855-69a7-1c33-3f561400c7ed">
      <Execution id="3d13fd5e-a9f6-44e1-b54d-ed6a0678db5e" />
      <TestMethod codeBase="C:\Users\123\Desktop\dev\orand-overnight-overlay-20260907-111725\tools\PlannerEvidenceCapture.Tests\bin\Debug\net8.0-windows\PlannerEvidenceCapture.Tests.dll" adapterTypeName="executor://xunit/VsTestRunner2/netcoreapp" className="PlannerEvidenceCapture.Tests.CapturePreflightTests" name="JournalModesAreAcceptedAfterFixtureSeam" />
    </UnitTest>
    <UnitTest name="PlannerEvidenceCapture.Tests.CaptureOutputScopeTests.RejectsAllReparseTagsAndNonDirectoriesWithoutPathProbe(attributes: Directory | ReparsePoint)" storage="c:\users\123\desktop\dev\orand-overnight-overlay-20260907-111725\tools\plannerevidencecapture.tests\bin\debug\net8.0-windows\plannerevidencecapture.tests.dll" id="e72cdd98-98cd-bd89-7754-50c05c7ce646">
      <Execution id="f5598754-3c6f-425f-acc1-018d145e3c90" />
      <TestMethod codeBase="C:\Users\123\Desktop\dev\orand-overnight-overlay-20260907-111725\tools\PlannerEvidenceCapture.Tests\bin\Debug\net8.0-windows\PlannerEvidenceCapture.Tests.dll" adapterTypeName="executor://xunit/VsTestRunner2/netcoreapp" className="PlannerEvidenceCapture.Tests.CaptureOutputScopeTests" name="RejectsAllReparseTagsAndNonDirectoriesWithoutPathProbe" />
    </UnitTest>
    <UnitTest name="PlannerEvidenceCapture.Tests.CaptureOutputScopeTests.ReservedDeviceNamesAreRejectedBeforeFileOpen(name: &quot;COM1.json&quot;)" storage="c:\users\123\desktop\dev\orand-overnight-overlay-20260907-111725\tools\plannerevidencecapture.tests\bin\debug\net8.0-windows\plannerevidencecapture.tests.dll" id="0e89d11e-3bc5-4781-7c2e-cb1dd9d0ce19">
      <Execution id="8d3b8361-ae0b-4426-9c72-ad2ff053415e" />
      <TestMethod codeBase="C:\Users\123\Desktop\dev\orand-overnight-overlay-20260907-111725\tools\PlannerEvidenceCapture.Tests\bin\Debug\net8.0-windows\PlannerEvidenceCapture.Tests.dll" adapterTypeName="executor://xunit/VsTestRunner2/netcoreapp" className="PlannerEvidenceCapture.Tests.CaptureOutputScopeTests" name="ReservedDeviceNamesAreRejectedBeforeFileOpen" />
    </UnitTest>
    <UnitTest name="PlannerEvidenceCapture.Tests.CaptureOutputScopeTests.RejectsNonLocalAbsolutePathsBeforeIo(output: &quot;C:relative&quot;)" storage="c:\users\123\desktop\dev\orand-overnight-overlay-20260907-111725\tools\plannerevidencecapture.tests\bin\debug\net8.0-windows\plannerevidencecapture.tests.dll" id="7bfd89ec-7d28-9502-2349-8741c87554b7">
      <Execution id="c72c3998-8a6b-4b76-8dda-9a71d306c453" />
      <TestMethod codeBase="C:\Users\123\Desktop\dev\orand-overnight-overlay-20260907-111725\tools\PlannerEvidenceCapture.Tests\bin\Debug\net8.0-windows\PlannerEvidenceCapture.Tests.dll" adapterTypeName="executor://xunit/VsTestRunner2/netcoreapp" className="PlannerEvidenceCapture.Tests.CaptureOutputScopeTests" name="RejectsNonLocalAbsolutePathsBeforeIo" />
    </UnitTest>
    <UnitTest name="PlannerEvidenceCapture.Tests.CaptureOutputScopeTests.RejectsAllReparseTagsAndNonDirectoriesWithoutPathProbe(attributes: Normal)" storage="c:\users\123\desktop\dev\orand-overnight-overlay-20260907-111725\tools\plannerevidencecapture.tests\bin\debug\net8.0-windows\plannerevidencecapture.tests.dll" id="67a98265-ad9b-ef1d-c7d7-f16f4034ea34">
      <Execution id="4abf9154-8a82-4f68-88b6-ed4c6079c9de" />
      <TestMethod codeBase="C:\Users\123\Desktop\dev\orand-overnight-overlay-20260907-111725\tools\PlannerEvidenceCapture.Tests\bin\Debug\net8.0-windows\PlannerEvidenceCapture.Tests.dll" adapterTypeName="executor://xunit/VsTestRunner2/netcoreapp" className="PlannerEvidenceCapture.Tests.CaptureOutputScopeTests" name="RejectsAllReparseTagsAndNonDirectoriesWithoutPathProbe" />
    </UnitTest>
    <UnitTest name="PlannerEvidenceCapture.Tests.CaptureOutputScopeTests.RejectsNonLocalAbsolutePathsBeforeIo(output: &quot;\\\\fake-server\\share\\out&quot;)" storage="c:\users\123\desktop\dev\orand-overnight-overlay-20260907-111725\tools\plannerevidencecapture.tests\bin\debug\net8.0-windows\plannerevidencecapture.tests.dll" id="78fd6c8f-41c2-d9ae-0a7c-58dafccdeeb4">
      <Execution id="a5709a73-d45d-40c4-b7cf-bb32cda56977" />
      <TestMethod codeBase="C:\Users\123\Desktop\dev\orand-overnight-overlay-20260907-111725\tools\PlannerEvidenceCapture.Tests\bin\Debug\net8.0-windows\PlannerEvidenceCapture.Tests.dll" adapterTypeName="executor://xunit/VsTestRunner2/netcoreapp" className="PlannerEvidenceCapture.Tests.CaptureOutputScopeTests" name="RejectsNonLocalAbsolutePathsBeforeIo" />
    </UnitTest>
    <UnitTest name="PlannerEvidenceCapture.Tests.CapturePreflightTests.LiveAndUnguardedJournalModesAreRejectedBeforeApp(flag: &quot;--native-unit-probe&quot;)" storage="c:\users\123\desktop\dev\orand-overnight-overlay-20260907-111725\tools\plannerevidencecapture.tests\bin\debug\net8.0-windows\plannerevidencecapture.tests.dll" id="5ad5a59b-d3a8-1455-39ec-b508c89542bc">
      <Execution id="bde22b88-5128-43b4-80fc-89484c27192f" />
      <TestMethod codeBase="C:\Users\123\Desktop\dev\orand-overnight-overlay-20260907-111725\tools\PlannerEvidenceCapture.Tests\bin\Debug\net8.0-windows\PlannerEvidenceCapture.Tests.dll" adapterTypeName="executor://xunit/VsTestRunner2/netcoreapp" className="PlannerEvidenceCapture.Tests.CapturePreflightTests" name="LiveAndUnguardedJournalModesAreRejectedBeforeApp" />
    </UnitTest>
    <UnitTest name="PlannerEvidenceCapture.Tests.CapturePreflightTests.JournalModesAreAcceptedAfterFixtureSeam(flag: &quot;--coach-finished-rewards&quot;)" storage="c:\users\123\desktop\dev\orand-overnight-overlay-20260907-111725\tools\plannerevidencecapture.tests\bin\debug\net8.0-windows\plannerevidencecapture.tests.dll" id="7ae547ed-1ec8-7a32-2471-9d8c71d7d9e7">
      <Execution id="695ee966-035d-4762-b632-624f494aacef" />
      <TestMethod codeBase="C:\Users\123\Desktop\dev\orand-overnight-overlay-20260907-111725\tools\PlannerEvidenceCapture.Tests\bin\Debug\net8.0-windows\PlannerEvidenceCapture.Tests.dll" adapterTypeName="executor://xunit/VsTestRunner2/netcoreapp" className="PlannerEvidenceCapture.Tests.CapturePreflightTests" name="JournalModesAreAcceptedAfterFixtureSeam" />
    </UnitTest>
    <UnitTest name="PlannerEvidenceCapture.Tests.CapturePixelContractTests.FlattenMakesPremultipliedPixelsOpaque" storage="c:\users\123\desktop\dev\orand-overnight-overlay-20260907-111725\tools\plannerevidencecapture.tests\bin\debug\net8.0-windows\plannerevidencecapture.tests.dll" id="241fae05-46b6-fe7b-92a8-b09bfdc03567">
      <Execution id="4752de20-c594-426b-b9ef-ffbb85959f50" />
      <TestMethod codeBase="C:\Users\123\Desktop\dev\orand-overnight-overlay-20260907-111725\tools\PlannerEvidenceCapture.Tests\bin\Debug\net8.0-windows\PlannerEvidenceCapture.Tests.dll" adapterTypeName="executor://xunit/VsTestRunner2/netcoreapp" className="PlannerEvidenceCapture.Tests.CapturePixelContractTests" name="FlattenMakesPremultipliedPixelsOpaque" />
    </UnitTest>
    <UnitTest name="PlannerEvidenceCapture.Tests.CaptureOutputScopeTests.ReservedDeviceNamesAreRejectedBeforeFileOpen(name: &quot;CON&quot;)" storage="c:\users\123\desktop\dev\orand-overnight-overlay-20260907-111725\tools\plannerevidencecapture.tests\bin\debug\net8.0-windows\plannerevidencecapture.tests.dll" id="d4d25310-0e6c-0c31-52d6-c89ff3f00ed8">
      <Execution id="76c634a2-faf8-4152-aa24-29493e1b1efd" />
      <TestMethod codeBase="C:\Users\123\Desktop\dev\orand-overnight-overlay-20260907-111725\tools\PlannerEvidenceCapture.Tests\bin\Debug\net8.0-windows\PlannerEvidenceCapture.Tests.dll" adapterTypeName="executor://xunit/VsTestRunner2/netcoreapp" className="PlannerEvidenceCapture.Tests.CaptureOutputScopeTests" name="ReservedDeviceNamesAreRejectedBeforeFileOpen" />
    </UnitTest>
    <UnitTest name="PlannerEvidenceCapture.Tests.CapturePixelContractTests.ValidateRejectsMissingBorder" storage="c:\users\123\desktop\dev\orand-overnight-overlay-20260907-111725\tools\plannerevidencecapture.tests\bin\debug\net8.0-windows\plannerevidencecapture.tests.dll" id="9c5eedcb-4f0f-faf1-697e-da6446999cc4">
      <Execution id="ed3d3b89-5c54-44bf-ad21-3ba887e9a042" />
      <TestMethod codeBase="C:\Users\123\Desktop\dev\orand-overnight-overlay-20260907-111725\tools\PlannerEvidenceCapture.Tests\bin\Debug\net8.0-windows\PlannerEvidenceCapture.Tests.dll" adapterTypeName="executor://xunit/VsTestRunner2/netcoreapp" className="PlannerEvidenceCapture.Tests.CapturePixelContractTests" name="ValidateRejectsMissingBorder" />
    </UnitTest>
    <UnitTest name="PlannerEvidenceCapture.Tests.CaptureOutputScopeTests.RejectsSymbolicLinkParentWithoutWritingToTarget" storage="c:\users\123\desktop\dev\orand-overnight-overlay-20260907-111725\tools\plannerevidencecapture.tests\bin\debug\net8.0-windows\plannerevidencecapture.tests.dll" id="37dd5e02-edb8-4635-d2da-22277fa36199">
      <Execution id="a08174c3-bdcb-488c-b2a2-4b6454773726" />
      <TestMethod codeBase="C:\Users\123\Desktop\dev\orand-overnight-overlay-20260907-111725\tools\PlannerEvidenceCapture.Tests\bin\Debug\net8.0-windows\PlannerEvidenceCapture.Tests.dll" adapterTypeName="executor://xunit/VsTestRunner2/netcoreapp" className="PlannerEvidenceCapture.Tests.CaptureOutputScopeTests" name="RejectsSymbolicLinkParentWithoutWritingToTarget" />
    </UnitTest>
    <UnitTest name="PlannerEvidenceCapture.Tests.CaptureOutputScopeTests.InjectedExistingChildDirectoryIsNotAdopted" storage="c:\users\123\desktop\dev\orand-overnight-overlay-20260907-111725\tools\plannerevidencecapture.tests\bin\debug\net8.0-windows\plannerevidencecapture.tests.dll" id="feea68fb-9cf7-a25e-3b65-736063739f10">
      <Execution id="01ee02f2-4309-42a6-b5e0-f04e7be9ba99" />
      <TestMethod codeBase="C:\Users\123\Desktop\dev\orand-overnight-overlay-20260907-111725\tools\PlannerEvidenceCapture.Tests\bin\Debug\net8.0-windows\PlannerEvidenceCapture.Tests.dll" adapterTypeName="executor://xunit/VsTestRunner2/netcoreapp" className="PlannerEvidenceCapture.Tests.CaptureOutputScopeTests" name="InjectedExistingChildDirectoryIsNotAdopted" />
    </UnitTest>
    <UnitTest name="PlannerEvidenceCapture.Tests.CaptureOutputScopeTests.NewOwnedRunRejectsSiblingPrefixAndExistingOutput" storage="c:\users\123\desktop\dev\orand-overnight-overlay-20260907-111725\tools\plannerevidencecapture.tests\bin\debug\net8.0-windows\plannerevidencecapture.tests.dll" id="6b9cd6b8-ebb8-0fc3-846e-cfe7773f7448">
      <Execution id="07e185cd-9b15-41ea-ab46-c41f8b023f03" />
      <TestMethod codeBase="C:\Users\123\Desktop\dev\orand-overnight-overlay-20260907-111725\tools\PlannerEvidenceCapture.Tests\bin\Debug\net8.0-windows\PlannerEvidenceCapture.Tests.dll" adapterTypeName="executor://xunit/VsTestRunner2/netcoreapp" className="PlannerEvidenceCapture.Tests.CaptureOutputScopeTests" name="NewOwnedRunRejectsSiblingPrefixAndExistingOutput" />
    </UnitTest>
    <UnitTest name="PlannerEvidenceCapture.Tests.CapturePreflightTests.LiveAndUnguardedJournalModesAreRejectedBeforeApp(flag: &quot;--bullet-guide-live&quot;)" storage="c:\users\123\desktop\dev\orand-overnight-overlay-20260907-111725\tools\plannerevidencecapture.tests\bin\debug\net8.0-windows\plannerevidencecapture.tests.dll" id="dfeb214a-8fdf-ad34-96a8-1e2b6f4fc3e6">
      <Execution id="74d354f2-f64a-4eb4-a8f7-d9b85a895aea" />
      <TestMethod codeBase="C:\Users\123\Desktop\dev\orand-overnight-overlay-20260907-111725\tools\PlannerEvidenceCapture.Tests\bin\Debug\net8.0-windows\PlannerEvidenceCapture.Tests.dll" adapterTypeName="executor://xunit/VsTestRunner2/netcoreapp" className="PlannerEvidenceCapture.Tests.CapturePreflightTests" name="LiveAndUnguardedJournalModesAreRejectedBeforeApp" />
    </UnitTest>
    <UnitTest name="PlannerEvidenceCapture.Tests.CapturePreflightTests.ActualBundledMetadataPassesLexicalPreflightWithoutWpf" storage="c:\users\123\desktop\dev\orand-overnight-overlay-20260907-111725\tools\plannerevidencecapture.tests\bin\debug\net8.0-windows\plannerevidencecapture.tests.dll" id="ca73831b-1b58-c86d-20c6-a2abbf90a6a3">
      <Execution id="857ee76f-1425-4d5d-8e7e-d62a8ff2b9a2" />
      <TestMethod codeBase="C:\Users\123\Desktop\dev\orand-overnight-overlay-20260907-111725\tools\PlannerEvidenceCapture.Tests\bin\Debug\net8.0-windows\PlannerEvidenceCapture.Tests.dll" adapterTypeName="executor://xunit/VsTestRunner2/netcoreapp" className="PlannerEvidenceCapture.Tests.CapturePreflightTests" name="ActualBundledMetadataPassesLexicalPreflightWithoutWpf" />
    </UnitTest>
    <UnitTest name="PlannerEvidenceCapture.Tests.CapturePreflightTests.UnsafeImageInputsAreRejectedWithoutImageFactoryOrIo(id: &quot;luffy_common&quot;, fallback: &quot;C:\\fake\\sentinel.png&quot;)" storage="c:\users\123\desktop\dev\orand-overnight-overlay-20260907-111725\tools\plannerevidencecapture.tests\bin\debug\net8.0-windows\plannerevidencecapture.tests.dll" id="b93f9eb9-892d-30b0-7dc4-32701130504e">
      <Execution id="60e2a8e2-0684-4c8f-b4a7-698ac65f7ff8" />
      <TestMethod codeBase="C:\Users\123\Desktop\dev\orand-overnight-overlay-20260907-111725\tools\PlannerEvidenceCapture.Tests\bin\Debug\net8.0-windows\PlannerEvidenceCapture.Tests.dll" adapterTypeName="executor://xunit/VsTestRunner2/netcoreapp" className="PlannerEvidenceCapture.Tests.CapturePreflightTests" name="UnsafeImageInputsAreRejectedWithoutImageFactoryOrIo" />
    </UnitTest>
    <UnitTest name="PlannerEvidenceCapture.Tests.CapturePixelContractTests.ValidateRejectsMissingLeftStart" storage="c:\users\123\desktop\dev\orand-overnight-overlay-20260907-111725\tools\plannerevidencecapture.tests\bin\debug\net8.0-windows\plannerevidencecapture.tests.dll" id="3a00a699-dfdc-625e-9c98-51146d33c72f">
      <Execution id="a31eac9c-bf11-42f4-a6da-07ffb5b8d98f" />
      <TestMethod codeBase="C:\Users\123\Desktop\dev\orand-overnight-overlay-20260907-111725\tools\PlannerEvidenceCapture.Tests\bin\Debug\net8.0-windows\PlannerEvidenceCapture.Tests.dll" adapterTypeName="executor://xunit/VsTestRunner2/netcoreapp" className="PlannerEvidenceCapture.Tests.CapturePixelContractTests" name="ValidateRejectsMissingLeftStart" />
    </UnitTest>
    <UnitTest name="PlannerEvidenceCapture.Tests.CaptureIsolationSourceTests.JournalCapturesUseFixtureJournalSeamWithoutPathReinjection" storage="c:\users\123\desktop\dev\orand-overnight-overlay-20260907-111725\tools\plannerevidencecapture.tests\bin\debug\net8.0-windows\plannerevidencecapture.tests.dll" id="c40b947d-6a84-09df-4891-ece8762f5611">
      <Execution id="349ec2d9-0405-4b33-a2dc-72d256e50eb0" />
      <TestMethod codeBase="C:\Users\123\Desktop\dev\orand-overnight-overlay-20260907-111725\tools\PlannerEvidenceCapture.Tests\bin\Debug\net8.0-windows\PlannerEvidenceCapture.Tests.dll" adapterTypeName="executor://xunit/VsTestRunner2/netcoreapp" className="PlannerEvidenceCapture.Tests.CaptureIsolationSourceTests" name="JournalCapturesUseFixtureJournalSeamWithoutPathReinjection" />
    </UnitTest>
    <UnitTest name="PlannerEvidenceCapture.Tests.CapturePreflightTests.JournalModesAreAcceptedAfterFixtureSeam(flag: &quot;--coach-app&quot;)" storage="c:\users\123\desktop\dev\orand-overnight-overlay-20260907-111725\tools\plannerevidencecapture.tests\bin\debug\net8.0-windows\plannerevidencecapture.tests.dll" id="11d45351-d1cf-0b26-8041-f1852aefa518">
      <Execution id="e7361766-20f7-41b1-9ba8-36e1ba4f6227" />
      <TestMethod codeBase="C:\Users\123\Desktop\dev\orand-overnight-overlay-20260907-111725\tools\PlannerEvidenceCapture.Tests\bin\Debug\net8.0-windows\PlannerEvidenceCapture.Tests.dll" adapterTypeName="executor://xunit/VsTestRunner2/netcoreapp" className="PlannerEvidenceCapture.Tests.CapturePreflightTests" name="JournalModesAreAcceptedAfterFixtureSeam" />
    </UnitTest>
    <UnitTest name="PlannerEvidenceCapture.Tests.CaptureOutputScopeTests.NestedOutputsAreOwnedAndPinnedAndScopeDisposalClosesWriters" storage="c:\users\123\desktop\dev\orand-overnight-overlay-20260907-111725\tools\plannerevidencecapture.tests\bin\debug\net8.0-windows\plannerevidencecapture.tests.dll" id="39d4295f-22df-487c-e998-caf3aaa8d445">
      <Execution id="64481851-f515-44e6-af46-72704b0b0b7e" />
      <TestMethod codeBase="C:\Users\123\Desktop\dev\orand-overnight-overlay-20260907-111725\tools\PlannerEvidenceCapture.Tests\bin\Debug\net8.0-windows\PlannerEvidenceCapture.Tests.dll" adapterTypeName="executor://xunit/VsTestRunner2/netcoreapp" className="PlannerEvidenceCapture.Tests.CaptureOutputScopeTests" name="NestedOutputsAreOwnedAndPinnedAndScopeDisposalClosesWriters" />
    </UnitTest>
    <UnitTest name="PlannerEvidenceCapture.Tests.CaptureSourceFingerprintTests.ComputeIsDeterministicAndInputOrderStable" storage="c:\users\123\desktop\dev\orand-overnight-overlay-20260907-111725\tools\plannerevidencecapture.tests\bin\debug\net8.0-windows\plannerevidencecapture.tests.dll" id="aca4c4fa-4fc8-62a4-8af4-403dc538916c">
      <Execution id="475c20ad-e331-46a3-915b-987473705cbf" />
      <TestMethod codeBase="C:\Users\123\Desktop\dev\orand-overnight-overlay-20260907-111725\tools\PlannerEvidenceCapture.Tests\bin\Debug\net8.0-windows\PlannerEvidenceCapture.Tests.dll" adapterTypeName="executor://xunit/VsTestRunner2/netcoreapp" className="PlannerEvidenceCapture.Tests.CaptureSourceFingerprintTests" name="ComputeIsDeterministicAndInputOrderStable" />
    </UnitTest>
    <UnitTest name="PlannerEvidenceCapture.Tests.CaptureSourceFingerprintTests.CaptureVariantsCoverEveryPendingStateAtSupportedScales" storage="c:\users\123\desktop\dev\orand-overnight-overlay-20260907-111725\tools\plannerevidencecapture.tests\bin\debug\net8.0-windows\plannerevidencecapture.tests.dll" id="469b7b52-3871-f664-690e-5282a89cbf2e">
      <Execution id="86007192-e3cb-4a2d-9f2c-0078cb8d0c32" />
      <TestMethod codeBase="C:\Users\123\Desktop\dev\orand-overnight-overlay-20260907-111725\tools\PlannerEvidenceCapture.Tests\bin\Debug\net8.0-windows\PlannerEvidenceCapture.Tests.dll" adapterTypeName="executor://xunit/VsTestRunner2/netcoreapp" className="PlannerEvidenceCapture.Tests.CaptureSourceFingerprintTests" name="CaptureVariantsCoverEveryPendingStateAtSupportedScales" />
    </UnitTest>
    <UnitTest name="PlannerEvidenceCapture.Tests.CaptureSourceFingerprintTests.CanonicalInputsBindOverlayThemeExactlyOnce" storage="c:\users\123\desktop\dev\orand-overnight-overlay-20260907-111725\tools\plannerevidencecapture.tests\bin\debug\net8.0-windows\plannerevidencecapture.tests.dll" id="2a643143-c04d-4cec-4624-5be5540bedf8">
      <Execution id="491be8aa-80e4-4435-9a8d-d5a1138b0b6a" />
      <TestMethod codeBase="C:\Users\123\Desktop\dev\orand-overnight-overlay-20260907-111725\tools\PlannerEvidenceCapture.Tests\bin\Debug\net8.0-windows\PlannerEvidenceCapture.Tests.dll" adapterTypeName="executor://xunit/VsTestRunner2/netcoreapp" className="PlannerEvidenceCapture.Tests.CaptureSourceFingerprintTests" name="CanonicalInputsBindOverlayThemeExactlyOnce" />
    </UnitTest>
    <UnitTest name="PlannerEvidenceCapture.Tests.CaptureOutputScopeTests.RejectsAllReparseTagsAndNonDirectoriesWithoutPathProbe(attributes: ReparsePoint)" storage="c:\users\123\desktop\dev\orand-overnight-overlay-20260907-111725\tools\plannerevidencecapture.tests\bin\debug\net8.0-windows\plannerevidencecapture.tests.dll" id="c28f37f5-7822-e649-7078-c9200360de70">
      <Execution id="492b815b-8028-4a68-a344-47dc84a43fa8" />
      <TestMethod codeBase="C:\Users\123\Desktop\dev\orand-overnight-overlay-20260907-111725\tools\PlannerEvidenceCapture.Tests\bin\Debug\net8.0-windows\PlannerEvidenceCapture.Tests.dll" adapterTypeName="executor://xunit/VsTestRunner2/netcoreapp" className="PlannerEvidenceCapture.Tests.CaptureOutputScopeTests" name="RejectsAllReparseTagsAndNonDirectoriesWithoutPathProbe" />
    </UnitTest>
    <UnitTest name="PlannerEvidenceCapture.Tests.CaptureOutputScopeTests.JunctionAncestorAndInjectedJunctionSinkAreRejected" storage="c:\users\123\desktop\dev\orand-overnight-overlay-20260907-111725\tools\plannerevidencecapture.tests\bin\debug\net8.0-windows\plannerevidencecapture.tests.dll" id="848940b1-abab-d1dd-e2d4-4d08bbc9d04c">
      <Execution id="c9fa90c9-1023-429e-9407-82877104910c" />
      <TestMethod codeBase="C:\Users\123\Desktop\dev\orand-overnight-overlay-20260907-111725\tools\PlannerEvidenceCapture.Tests\bin\Debug\net8.0-windows\PlannerEvidenceCapture.Tests.dll" adapterTypeName="executor://xunit/VsTestRunner2/netcoreapp" className="PlannerEvidenceCapture.Tests.CaptureOutputScopeTests" name="JunctionAncestorAndInjectedJunctionSinkAreRejected" />
    </UnitTest>
    <UnitTest name="PlannerEvidenceCapture.Tests.CapturePixelContractTests.ValidateAcceptsOpaquePopulatedBorderedFrame" storage="c:\users\123\desktop\dev\orand-overnight-overlay-20260907-111725\tools\plannerevidencecapture.tests\bin\debug\net8.0-windows\plannerevidencecapture.tests.dll" id="3cdffcc5-14e3-a162-d7f8-d08facb3439c">
      <Execution id="4294f130-e347-40d4-b746-927774180d69" />
      <TestMethod codeBase="C:\Users\123\Desktop\dev\orand-overnight-overlay-20260907-111725\tools\PlannerEvidenceCapture.Tests\bin\Debug\net8.0-windows\PlannerEvidenceCapture.Tests.dll" adapterTypeName="executor://xunit/VsTestRunner2/netcoreapp" className="PlannerEvidenceCapture.Tests.CapturePixelContractTests" name="ValidateAcceptsOpaquePopulatedBorderedFrame" />
    </UnitTest>
    <UnitTest name="PlannerEvidenceCapture.Tests.CapturePreflightTests.UnsafeImageInputsAreRejectedWithoutImageFactoryOrIo(id: &quot;rawcode:../x&quot;, fallback: &quot;&quot;)" storage="c:\users\123\desktop\dev\orand-overnight-overlay-20260907-111725\tools\plannerevidencecapture.tests\bin\debug\net8.0-windows\plannerevidencecapture.tests.dll" id="54d20e25-7d87-af05-1005-f725a3083597">
      <Execution id="dc0e30c3-5eb6-48f5-b141-a8d12d15b171" />
      <TestMethod codeBase="C:\Users\123\Desktop\dev\orand-overnight-overlay-20260907-111725\tools\PlannerEvidenceCapture.Tests\bin\Debug\net8.0-windows\PlannerEvidenceCapture.Tests.dll" adapterTypeName="executor://xunit/VsTestRunner2/netcoreapp" className="PlannerEvidenceCapture.Tests.CapturePreflightTests" name="UnsafeImageInputsAreRejectedWithoutImageFactoryOrIo" />
    </UnitTest>
    <UnitTest name="PlannerEvidenceCapture.Tests.CapturePreflightTests.LiveAndUnguardedJournalModesAreRejectedBeforeApp(flag: &quot;--live-quests&quot;)" storage="c:\users\123\desktop\dev\orand-overnight-overlay-20260907-111725\tools\plannerevidencecapture.tests\bin\debug\net8.0-windows\plannerevidencecapture.tests.dll" id="e3dedca9-b946-93ee-3698-4aa05a9d69a0">
      <Execution id="f0abcbcb-4427-49e7-bd8d-5498a86f1e57" />
      <TestMethod codeBase="C:\Users\123\Desktop\dev\orand-overnight-overlay-20260907-111725\tools\PlannerEvidenceCapture.Tests\bin\Debug\net8.0-windows\PlannerEvidenceCapture.Tests.dll" adapterTypeName="executor://xunit/VsTestRunner2/netcoreapp" className="PlannerEvidenceCapture.Tests.CapturePreflightTests" name="LiveAndUnguardedJournalModesAreRejectedBeforeApp" />
    </UnitTest>
    <UnitTest name="PlannerEvidenceCapture.Tests.CaptureOutputScopeTests.OutputWritesAreCreateNewAndContained" storage="c:\users\123\desktop\dev\orand-overnight-overlay-20260907-111725\tools\plannerevidencecapture.tests\bin\debug\net8.0-windows\plannerevidencecapture.tests.dll" id="15a6d1c2-bc5b-c039-9599-f98f7a710f58">
      <Execution id="938d96a0-93b6-4ed0-8f7d-256659c445be" />
      <TestMethod codeBase="C:\Users\123\Desktop\dev\orand-overnight-overlay-20260907-111725\tools\PlannerEvidenceCapture.Tests\bin\Debug\net8.0-windows\PlannerEvidenceCapture.Tests.dll" adapterTypeName="executor://xunit/VsTestRunner2/netcoreapp" className="PlannerEvidenceCapture.Tests.CaptureOutputScopeTests" name="OutputWritesAreCreateNewAndContained" />
    </UnitTest>
    <UnitTest name="PlannerEvidenceCapture.Tests.CaptureOutputScopeTests.ReservedDeviceNamesAreRejectedBeforeFileOpen(name: &quot;LPT1.png&quot;)" storage="c:\users\123\desktop\dev\orand-overnight-overlay-20260907-111725\tools\plannerevidencecapture.tests\bin\debug\net8.0-windows\plannerevidencecapture.tests.dll" id="82ea1eb4-9142-b1fd-4dc5-bf24f901bfdd">
      <Execution id="91178661-8ccb-4bbf-a929-1c5d18d5214c" />
      <TestMethod codeBase="C:\Users\123\Desktop\dev\orand-overnight-overlay-20260907-111725\tools\PlannerEvidenceCapture.Tests\bin\Debug\net8.0-windows\PlannerEvidenceCapture.Tests.dll" adapterTypeName="executor://xunit/VsTestRunner2/netcoreapp" className="PlannerEvidenceCapture.Tests.CaptureOutputScopeTests" name="ReservedDeviceNamesAreRejectedBeforeFileOpen" />
    </UnitTest>
    <UnitTest name="PlannerEvidenceCapture.Tests.CapturePreflightTests.UnsafeImageInputsAreRejectedWithoutImageFactoryOrIo(id: &quot;luffy_common&quot;, fallback: &quot;file:///C:/fake/sentinel.png&quot;)" storage="c:\users\123\desktop\dev\orand-overnight-overlay-20260907-111725\tools\plannerevidencecapture.tests\bin\debug\net8.0-windows\plannerevidencecapture.tests.dll" id="6a28b470-5001-f1e2-1189-2facb933893f">
      <Execution id="ba6ef7bb-df90-4ced-b1eb-5d25e1be707b" />
      <TestMethod codeBase="C:\Users\123\Desktop\dev\orand-overnight-overlay-20260907-111725\tools\PlannerEvidenceCapture.Tests\bin\Debug\net8.0-windows\PlannerEvidenceCapture.Tests.dll" adapterTypeName="executor://xunit/VsTestRunner2/netcoreapp" className="PlannerEvidenceCapture.Tests.CapturePreflightTests" name="UnsafeImageInputsAreRejectedWithoutImageFactoryOrIo" />
    </UnitTest>
    <UnitTest name="PlannerEvidenceCapture.Tests.CapturePreflightTests.FixtureJournalContext_SuppliesMemoryJournalWithoutPath" storage="c:\users\123\desktop\dev\orand-overnight-overlay-20260907-111725\tools\plannerevidencecapture.tests\bin\debug\net8.0-windows\plannerevidencecapture.tests.dll" id="66c21e0c-c331-4c96-70c6-c8d5cfc85be9">
      <Execution id="e8a04ed1-98b5-4735-8313-0b81f22eaa2d" />
      <TestMethod codeBase="C:\Users\123\Desktop\dev\orand-overnight-overlay-20260907-111725\tools\PlannerEvidenceCapture.Tests\bin\Debug\net8.0-windows\PlannerEvidenceCapture.Tests.dll" adapterTypeName="executor://xunit/VsTestRunner2/netcoreapp" className="PlannerEvidenceCapture.Tests.CapturePreflightTests" name="FixtureJournalContext_SuppliesMemoryJournalWithoutPath" />
    </UnitTest>
    <UnitTest name="PlannerEvidenceCapture.Tests.CaptureIsolationSourceTests.AllCaptureWritesRouteThroughScopeAndPreflightPrecedesApp" storage="c:\users\123\desktop\dev\orand-overnight-overlay-20260907-111725\tools\plannerevidencecapture.tests\bin\debug\net8.0-windows\plannerevidencecapture.tests.dll" id="d0349b58-901d-69f9-c98a-c73bb8f47869">
      <Execution id="72228014-8543-4771-8f63-4d6996c02150" />
      <TestMethod codeBase="C:\Users\123\Desktop\dev\orand-overnight-overlay-20260907-111725\tools\PlannerEvidenceCapture.Tests\bin\Debug\net8.0-windows\PlannerEvidenceCapture.Tests.dll" adapterTypeName="executor://xunit/VsTestRunner2/netcoreapp" className="PlannerEvidenceCapture.Tests.CaptureIsolationSourceTests" name="AllCaptureWritesRouteThroughScopeAndPreflightPrecedesApp" />
    </UnitTest>
    <UnitTest name="PlannerEvidenceCapture.Tests.CapturePreflightTests.UnsafeImageInputsAreRejectedWithoutImageFactoryOrIo(id: &quot;luffy_common&quot;, fallback: &quot;\\\\fake-server\\share\\sentinel.png&quot;)" storage="c:\users\123\desktop\dev\orand-overnight-overlay-20260907-111725\tools\plannerevidencecapture.tests\bin\debug\net8.0-windows\plannerevidencecapture.tests.dll" id="19ceb9b0-d5cf-d820-1092-c2104703fa19">
      <Execution id="fdb80f2f-d9b1-4e56-8427-e720cb6a4940" />
      <TestMethod codeBase="C:\Users\123\Desktop\dev\orand-overnight-overlay-20260907-111725\tools\PlannerEvidenceCapture.Tests\bin\Debug\net8.0-windows\PlannerEvidenceCapture.Tests.dll" adapterTypeName="executor://xunit/VsTestRunner2/netcoreapp" className="PlannerEvidenceCapture.Tests.CapturePreflightTests" name="UnsafeImageInputsAreRejectedWithoutImageFactoryOrIo" />
    </UnitTest>
    <UnitTest name="PlannerEvidenceCapture.Tests.CaptureSourceFingerprintTests.ComputeChangesWhenOnlyOverlayThemeChanges" storage="c:\users\123\desktop\dev\orand-overnight-overlay-20260907-111725\tools\plannerevidencecapture.tests\bin\debug\net8.0-windows\plannerevidencecapture.tests.dll" id="9c520e64-6b2e-b1a0-ad77-9b371ce68488">
      <Execution id="cf22a68b-a019-4577-abf9-eaffbf600aaa" />
      <TestMethod codeBase="C:\Users\123\Desktop\dev\orand-overnight-overlay-20260907-111725\tools\PlannerEvidenceCapture.Tests\bin\Debug\net8.0-windows\PlannerEvidenceCapture.Tests.dll" adapterTypeName="executor://xunit/VsTestRunner2/netcoreapp" className="PlannerEvidenceCapture.Tests.CaptureSourceFingerprintTests" name="ComputeChangesWhenOnlyOverlayThemeChanges" />
    </UnitTest>
  </TestDefinitions>
  <TestEntries>
    <TestEntry testId="3cdffcc5-14e3-a162-d7f8-d08facb3439c" executionId="4294f130-e347-40d4-b746-927774180d69" testListId="8c84fa94-04c1-424b-9868-57a2d4851a1d" />
    <TestEntry testId="42ac3b77-9d75-99b9-2173-44f801b6b3e2" executionId="576c5dc5-c7e2-4b75-82f1-ba198f7f7101" testListId="8c84fa94-04c1-424b-9868-57a2d4851a1d" />
    <TestEntry testId="848940b1-abab-d1dd-e2d4-4d08bbc9d04c" executionId="c9fa90c9-1023-429e-9407-82877104910c" testListId="8c84fa94-04c1-424b-9868-57a2d4851a1d" />
    <TestEntry testId="feea68fb-9cf7-a25e-3b65-736063739f10" executionId="01ee02f2-4309-42a6-b5e0-f04e7be9ba99" testListId="8c84fa94-04c1-424b-9868-57a2d4851a1d" />
    <TestEntry testId="c40b947d-6a84-09df-4891-ece8762f5611" executionId="349ec2d9-0405-4b33-a2dc-72d256e50eb0" testListId="8c84fa94-04c1-424b-9868-57a2d4851a1d" />
    <TestEntry testId="80ed0787-6303-b04d-e553-2b9f024bce55" executionId="5427e1b2-32c2-46e2-81ce-23cdeb5ef802" testListId="8c84fa94-04c1-424b-9868-57a2d4851a1d" />
    <TestEntry testId="67a98265-ad9b-ef1d-c7d7-f16f4034ea34" executionId="4abf9154-8a82-4f68-88b6-ed4c6079c9de" testListId="8c84fa94-04c1-424b-9868-57a2d4851a1d" />
    <TestEntry testId="9c5eedcb-4f0f-faf1-697e-da6446999cc4" executionId="ed3d3b89-5c54-44bf-ad21-3ba887e9a042" testListId="8c84fa94-04c1-424b-9868-57a2d4851a1d" />
    <TestEntry testId="13e576b0-42aa-1f97-3ad8-214f12fd95a6" executionId="43e0f104-793e-496d-a89d-873ec0ab587d" testListId="8c84fa94-04c1-424b-9868-57a2d4851a1d" />
    <TestEntry testId="0e89d11e-3bc5-4781-7c2e-cb1dd9d0ce19" executionId="8d3b8361-ae0b-4426-9c72-ad2ff053415e" testListId="8c84fa94-04c1-424b-9868-57a2d4851a1d" />
    <TestEntry testId="6a28b470-5001-f1e2-1189-2facb933893f" executionId="ba6ef7bb-df90-4ced-b1eb-5d25e1be707b" testListId="8c84fa94-04c1-424b-9868-57a2d4851a1d" />
    <TestEntry testId="241fae05-46b6-fe7b-92a8-b09bfdc03567" executionId="4752de20-c594-426b-b9ef-ffbb85959f50" testListId="8c84fa94-04c1-424b-9868-57a2d4851a1d" />
    <TestEntry testId="d4d25310-0e6c-0c31-52d6-c89ff3f00ed8" executionId="76c634a2-faf8-4152-aa24-29493e1b1efd" testListId="8c84fa94-04c1-424b-9868-57a2d4851a1d" />
    <TestEntry testId="66126302-2ac5-0b9f-b236-9fec83317051" executionId="18ac38b7-ce02-46e9-a4c0-99981175576f" testListId="8c84fa94-04c1-424b-9868-57a2d4851a1d" />
    <TestEntry testId="78733b86-6553-702b-5b78-e8bea337a817" executionId="64cc23d0-3174-4a7a-915c-e676ee059461" testListId="8c84fa94-04c1-424b-9868-57a2d4851a1d" />
    <TestEntry testId="2a643143-c04d-4cec-4624-5be5540bedf8" executionId="491be8aa-80e4-4435-9a8d-d5a1138b0b6a" testListId="8c84fa94-04c1-424b-9868-57a2d4851a1d" />
    <TestEntry testId="39d4295f-22df-487c-e998-caf3aaa8d445" executionId="64481851-f515-44e6-af46-72704b0b0b7e" testListId="8c84fa94-04c1-424b-9868-57a2d4851a1d" />
    <TestEntry testId="aca4c4fa-4fc8-62a4-8af4-403dc538916c" executionId="475c20ad-e331-46a3-915b-987473705cbf" testListId="8c84fa94-04c1-424b-9868-57a2d4851a1d" />
    <TestEntry testId="b93f9eb9-892d-30b0-7dc4-32701130504e" executionId="60e2a8e2-0684-4c8f-b4a7-698ac65f7ff8" testListId="8c84fa94-04c1-424b-9868-57a2d4851a1d" />
    <TestEntry testId="939cdac7-abf3-4bba-494a-8706a46bb921" executionId="10a799dc-987d-40da-8d66-0f8b0b3e57c3" testListId="8c84fa94-04c1-424b-9868-57a2d4851a1d" />
    <TestEntry testId="9c520e64-6b2e-b1a0-ad77-9b371ce68488" executionId="cf22a68b-a019-4577-abf9-eaffbf600aaa" testListId="8c84fa94-04c1-424b-9868-57a2d4851a1d" />
    <TestEntry testId="ca73831b-1b58-c86d-20c6-a2abbf90a6a3" executionId="857ee76f-1425-4d5d-8e7e-d62a8ff2b9a2" testListId="8c84fa94-04c1-424b-9868-57a2d4851a1d" />
    <TestEntry testId="dfeb214a-8fdf-ad34-96a8-1e2b6f4fc3e6" executionId="74d354f2-f64a-4eb4-a8f7-d9b85a895aea" testListId="8c84fa94-04c1-424b-9868-57a2d4851a1d" />
    <TestEntry testId="f3698a40-6d92-0404-3105-56fe7b7f6def" executionId="3b6e207f-3d8e-45b7-8ac4-80d17003dd9b" testListId="8c84fa94-04c1-424b-9868-57a2d4851a1d" />
    <TestEntry testId="5b2da5cb-41da-33f3-9d4e-55597e93b4bd" executionId="0cfbb78f-1929-448d-a7e5-03dfe1568aaf" testListId="8c84fa94-04c1-424b-9868-57a2d4851a1d" />
    <TestEntry testId="7bfd89ec-7d28-9502-2349-8741c87554b7" executionId="c72c3998-8a6b-4b76-8dda-9a71d306c453" testListId="8c84fa94-04c1-424b-9868-57a2d4851a1d" />
    <TestEntry testId="9bd3e4dc-7b3c-a04a-004f-400663de7e2a" executionId="33cb9bf6-9bab-4165-b558-721012c4f0e9" testListId="8c84fa94-04c1-424b-9868-57a2d4851a1d" />
    <TestEntry testId="7ae547ed-1ec8-7a32-2471-9d8c71d7d9e7" executionId="695ee966-035d-4762-b632-624f494aacef" testListId="8c84fa94-04c1-424b-9868-57a2d4851a1d" />
    <TestEntry testId="e0fda1dc-a855-69a7-1c33-3f561400c7ed" executionId="3d13fd5e-a9f6-44e1-b54d-ed6a0678db5e" testListId="8c84fa94-04c1-424b-9868-57a2d4851a1d" />
    <TestEntry testId="e72cdd98-98cd-bd89-7754-50c05c7ce646" executionId="f5598754-3c6f-425f-acc1-018d145e3c90" testListId="8c84fa94-04c1-424b-9868-57a2d4851a1d" />
    <TestEntry testId="79d4431e-957a-1c64-ce86-5a1f149a4341" executionId="b089432b-c199-4645-966f-61bae0c6d875" testListId="8c84fa94-04c1-424b-9868-57a2d4851a1d" />
    <TestEntry testId="54d20e25-7d87-af05-1005-f725a3083597" executionId="dc0e30c3-5eb6-48f5-b141-a8d12d15b171" testListId="8c84fa94-04c1-424b-9868-57a2d4851a1d" />
    <TestEntry testId="d0349b58-901d-69f9-c98a-c73bb8f47869" executionId="72228014-8543-4771-8f63-4d6996c02150" testListId="8c84fa94-04c1-424b-9868-57a2d4851a1d" />
    <TestEntry testId="11d45351-d1cf-0b26-8041-f1852aefa518" executionId="e7361766-20f7-41b1-9ba8-36e1ba4f6227" testListId="8c84fa94-04c1-424b-9868-57a2d4851a1d" />
    <TestEntry testId="c28f37f5-7822-e649-7078-c9200360de70" executionId="492b815b-8028-4a68-a344-47dc84a43fa8" testListId="8c84fa94-04c1-424b-9868-57a2d4851a1d" />
    <TestEntry testId="3a00a699-dfdc-625e-9c98-51146d33c72f" executionId="a31eac9c-bf11-42f4-a6da-07ffb5b8d98f" testListId="8c84fa94-04c1-424b-9868-57a2d4851a1d" />
    <TestEntry testId="15a6d1c2-bc5b-c039-9599-f98f7a710f58" executionId="938d96a0-93b6-4ed0-8f7d-256659c445be" testListId="8c84fa94-04c1-424b-9868-57a2d4851a1d" />
    <TestEntry testId="e3dedca9-b946-93ee-3698-4aa05a9d69a0" executionId="f0abcbcb-4427-49e7-bd8d-5498a86f1e57" testListId="8c84fa94-04c1-424b-9868-57a2d4851a1d" />
    <TestEntry testId="1e0a3317-eef3-68c1-bf4a-1677129e08c3" executionId="7306a4ee-c990-4779-8504-6f4debc7e877" testListId="8c84fa94-04c1-424b-9868-57a2d4851a1d" />
    <TestEntry testId="19ceb9b0-d5cf-d820-1092-c2104703fa19" executionId="fdb80f2f-d9b1-4e56-8427-e720cb6a4940" testListId="8c84fa94-04c1-424b-9868-57a2d4851a1d" />
    <TestEntry testId="78fd6c8f-41c2-d9ae-0a7c-58dafccdeeb4" executionId="a5709a73-d45d-40c4-b7cf-bb32cda56977" testListId="8c84fa94-04c1-424b-9868-57a2d4851a1d" />
    <TestEntry testId="82ea1eb4-9142-b1fd-4dc5-bf24f901bfdd" executionId="91178661-8ccb-4bbf-a929-1c5d18d5214c" testListId="8c84fa94-04c1-424b-9868-57a2d4851a1d" />
    <TestEntry testId="469b7b52-3871-f664-690e-5282a89cbf2e" executionId="86007192-e3cb-4a2d-9f2c-0078cb8d0c32" testListId="8c84fa94-04c1-424b-9868-57a2d4851a1d" />
    <TestEntry testId="290c080d-a865-7d5d-c2e7-52ce209aef84" executionId="df433d6c-15f3-44cc-92ef-abfea75e9168" testListId="8c84fa94-04c1-424b-9868-57a2d4851a1d" />
    <TestEntry testId="37dd5e02-edb8-4635-d2da-22277fa36199" executionId="a08174c3-bdcb-488c-b2a2-4b6454773726" testListId="8c84fa94-04c1-424b-9868-57a2d4851a1d" />
    <TestEntry testId="66c21e0c-c331-4c96-70c6-c8d5cfc85be9" executionId="e8a04ed1-98b5-4735-8313-0b81f22eaa2d" testListId="8c84fa94-04c1-424b-9868-57a2d4851a1d" />
    <TestEntry testId="5ad5a59b-d3a8-1455-39ec-b508c89542bc" executionId="bde22b88-5128-43b4-80fc-89484c27192f" testListId="8c84fa94-04c1-424b-9868-57a2d4851a1d" />
    <TestEntry testId="6b9cd6b8-ebb8-0fc3-846e-cfe7773f7448" executionId="07e185cd-9b15-41ea-ab46-c41f8b023f03" testListId="8c84fa94-04c1-424b-9868-57a2d4851a1d" />
  </TestEntries>
  <TestLists>
    <TestList name="목록에 없는 결과" id="8c84fa94-04c1-424b-9868-57a2d4851a1d" />
    <TestList name="로드된 모든 결과" id="19431567-8539-422a-85d7-44ee4e166bda" />
  </TestLists>
  <ResultSummary outcome="Completed">
    <Counters total="48" executed="47" passed="47" failed="0" error="0" timeout="0" aborted="0" inconclusive="0" passedButRunAborted="0" notRunnable="0" notExecuted="0" disconnected="0" warning="0" completed="0" inProgress="0" pending="0" />
    <Output>
      <StdOut>[xUnit.net 00:00:00.00] xUnit.net VSTest Adapter v2.8.2+699d445a1a (64-bit .NET 8.0.24)&#xD;
[xUnit.net 00:00:00.03]   Discovering: PlannerEvidenceCapture.Tests&#xD;
[xUnit.net 00:00:00.06]   Discovered:  PlannerEvidenceCapture.Tests&#xD;
[xUnit.net 00:00:00.06]   Starting:    PlannerEvidenceCapture.Tests&#xD;
[xUnit.net 00:00:00.10]       Host lacks CreateSymbolicLink privilege; no elevation or policy change. Reparse mask is covered with fake attributes.&#xD;
테스트 실행에서 ‘PlannerEvidenceCapture.Tests.CaptureOutputScopeTests.RejectsSymbolicLinkParentWithoutWritingToTarget’ 테스트를 건너뛰었습니다.&#xD;
[xUnit.net 00:00:00.85]   Finished:    PlannerEvidenceCapture.Tests&#xD;
</StdOut>
    </Output>
    <RunInfos>
      <RunInfo computerName="DESKTOP-SR3Q9NW" outcome="Warning" timestamp="2026-09-07T19:54:20.8400900+09:00">
        <Text>[xUnit.net 00:00:00.10]     PlannerEvidenceCapture.Tests.CaptureOutputScopeTests.RejectsSymbolicLinkParentWithoutWritingToTarget [SKIP]</Text>
      </RunInfo>
    </RunInfos>
  </ResultSummary>
</TestRun>