<?xml version="1.0" encoding="utf-8"?>
<TestRun id="3cafadd6-e9d1-4a55-9e4a-1ce2626f5a5f" name="123@DESKTOP-SR3Q9NW 2026-09-07 12:17:40" runUser="DESKTOP-SR3Q9NW\123" xmlns="http://microsoft.com/schemas/VisualStudio/TeamTest/2010">
  <Times creation="2026-09-07T12:17:40.3399381+09:00" queuing="2026-09-07T12:17:40.3399382+09:00" start="2026-09-07T12:17:39.8561924+09:00" finish="2026-09-07T12:17:40.3430059+09:00" />
  <TestSettings name="default" id="ee138834-1aae-44bc-a45b-9a083057dbf3">
    <Deployment runDeploymentRoot="123_DESKTOP-SR3Q9NW_2026-09-07_12_17_40" />
  </TestSettings>
  <Results>
    <UnitTestResult executionId="caf0b07f-4e84-478e-9f4b-2a839ba6e1b3" testId="0b3071b9-a6d0-cee5-58a4-09316c5a734b" testName="OrandOverlay.Tests.ControlledRecognitionSeamTests.NonRuntimeRecognitionHasExplicitControlledResultEntryPoint" computerName="DESKTOP-SR3Q9NW" duration="00:00:00.0024001" startTime="2026-09-07T12:17:40.2829263+09:00" endTime="2026-09-07T12:17:40.2829337+09:00" testType="13cdc9d9-ddb5-4fa4-a97d-d965ccfc6d4b" outcome="Failed" testListId="8c84fa94-04c1-424b-9868-57a2d4851a1d" relativeResultsDirectory="caf0b07f-4e84-478e-9f4b-2a839ba6e1b3">
      <Output>
        <ErrorInfo>
          <Message>Non-runtime ScanAsync returns before fixture recognition: an explicit controlled-result pipeline entry point is missing.</Message>
          <StackTrace>   at OrandOverlay.Tests.ControlledRecognitionSeamTests.NonRuntimeRecognitionHasExplicitControlledResultEntryPoint() in C:\Users\123\Desktop\dev\orand-overnight-overlay-20260907-111725\OrandOverlay.Tests\ControlledRecognitionSeamTests.cs:line 14&#xD;
   at System.RuntimeMethodHandle.InvokeMethod(Object target, Void** arguments, Signature sig, Boolean isConstructor)&#xD;
   at System.Reflection.MethodBaseInvoker.InvokeWithNoArgs(Object obj, BindingFlags invokeAttr)</StackTrace>
        </ErrorInfo>
      </Output>
    </UnitTestResult>
  </Results>
  <TestDefinitions>
    <UnitTest name="OrandOverlay.Tests.ControlledRecognitionSeamTests.NonRuntimeRecognitionHasExplicitControlledResultEntryPoint" storage="c:\users\123\desktop\dev\orand-overnight-overlay-20260907-111725\orandoverlay.tests\bin\debug\net8.0-windows\orandoverlay.tests.dll" id="0b3071b9-a6d0-cee5-58a4-09316c5a734b">
      <Execution id="caf0b07f-4e84-478e-9f4b-2a839ba6e1b3" />
      <TestMethod codeBase="C:\Users\123\Desktop\dev\orand-overnight-overlay-20260907-111725\OrandOverlay.Tests\bin\Debug\net8.0-windows\OrandOverlay.Tests.dll" adapterTypeName="executor://xunit/VsTestRunner2/netcoreapp" className="OrandOverlay.Tests.ControlledRecognitionSeamTests" name="NonRuntimeRecognitionHasExplicitControlledResultEntryPoint" />
    </UnitTest>
  </TestDefinitions>
  <TestEntries>
    <TestEntry testId="0b3071b9-a6d0-cee5-58a4-09316c5a734b" executionId="caf0b07f-4e84-478e-9f4b-2a839ba6e1b3" testListId="8c84fa94-04c1-424b-9868-57a2d4851a1d" />
  </TestEntries>
  <TestLists>
    <TestList name="목록에 없는 결과" id="8c84fa94-04c1-424b-9868-57a2d4851a1d" />
    <TestList name="로드된 모든 결과" id="19431567-8539-422a-85d7-44ee4e166bda" />
  </TestLists>
  <ResultSummary outcome="Failed">
    <Counters total="1" executed="1" passed="0" failed="1" error="0" timeout="0" aborted="0" inconclusive="0" passedButRunAborted="0" notRunnable="0" notExecuted="0" disconnected="0" warning="0" completed="0" inProgress="0" pending="0" />
    <Output>
      <StdOut>[xUnit.net 00:00:00.00] xUnit.net VSTest Adapter v2.8.2+699d445a1a (64-bit .NET 8.0.24)&#xD;
[xUnit.net 00:00:00.04]   Discovering: OrandOverlay.Tests&#xD;
[xUnit.net 00:00:00.14]   Discovered:  OrandOverlay.Tests&#xD;
[xUnit.net 00:00:00.14]   Starting:    OrandOverlay.Tests&#xD;
[xUnit.net 00:00:00.16]       Non-runtime ScanAsync returns before fixture recognition: an explicit controlled-result pipeline entry point is missing.&#xD;
[xUnit.net 00:00:00.16]       Stack Trace:&#xD;
[xUnit.net 00:00:00.16]         C:\Users\123\Desktop\dev\orand-overnight-overlay-20260907-111725\OrandOverlay.Tests\ControlledRecognitionSeamTests.cs(14,0): at OrandOverlay.Tests.ControlledRecognitionSeamTests.NonRuntimeRecognitionHasExplicitControlledResultEntryPoint()&#xD;
[xUnit.net 00:00:00.17]            at System.RuntimeMethodHandle.InvokeMethod(Object target, Void** arguments, Signature sig, Boolean isConstructor)&#xD;
[xUnit.net 00:00:00.17]            at System.Reflection.MethodBaseInvoker.InvokeWithNoArgs(Object obj, BindingFlags invokeAttr)&#xD;
[xUnit.net 00:00:00.17]   Finished:    OrandOverlay.Tests&#xD;
</StdOut>
    </Output>
    <RunInfos>
      <RunInfo computerName="DESKTOP-SR3Q9NW" outcome="Error" timestamp="2026-09-07T12:17:40.2820583+09:00">
        <Text>[xUnit.net 00:00:00.16]     OrandOverlay.Tests.ControlledRecognitionSeamTests.NonRuntimeRecognitionHasExplicitControlledResultEntryPoint [FAIL]</Text>
      </RunInfo>
    </RunInfos>
  </ResultSummary>
</TestRun>