<?xml version="1.0" encoding="utf-8"?>
<TestRun id="5bb145bd-7107-43fd-b74c-29a861e8eb56" name="123@DESKTOP-SR3Q9NW 2026-09-07 12:24:51" runUser="DESKTOP-SR3Q9NW\123" xmlns="http://microsoft.com/schemas/VisualStudio/TeamTest/2010">
  <Times creation="2026-09-07T12:24:51.4043902+09:00" queuing="2026-09-07T12:24:51.4043904+09:00" start="2026-09-07T12:24:50.9551815+09:00" finish="2026-09-07T12:24:51.4258277+09:00" />
  <TestSettings name="default" id="ffa3c157-b81d-42e3-80dd-843455a5f240">
    <Deployment runDeploymentRoot="123_DESKTOP-SR3Q9NW_2026-09-07_12_24_51" />
  </TestSettings>
  <Results>
    <UnitTestResult executionId="d02d8549-aef6-41b2-a119-c1c6f9c7533a" testId="1a8b94fe-3e58-c8f5-275d-0183982c08a1" testName="OrandOverlay.Tests.NonRuntimeWindowSourceTests.RuntimeEntryPointGuardsBeforeAnyEffect(method: &quot;AcknowledgeTelemetryDisclosure_OnClick&quot;)" computerName="DESKTOP-SR3Q9NW" duration="00:00:00.0032454" startTime="2026-09-07T12:24:51.3771755+09:00" endTime="2026-09-07T12:24:51.3771923+09:00" testType="13cdc9d9-ddb5-4fa4-a97d-d965ccfc6d4b" outcome="Passed" testListId="8c84fa94-04c1-424b-9868-57a2d4851a1d" relativeResultsDirectory="d02d8549-aef6-41b2-a119-c1c6f9c7533a" />
    <UnitTestResult executionId="2e0ce3eb-65bd-4950-ab13-50f82e060dba" testId="c6e0100f-aa35-c676-e15f-2aa7d170b7b4" testName="OrandOverlay.Tests.NonRuntimeWindowSourceTests.RuntimeEntryPointGuardsBeforeAnyEffect(method: &quot;RefreshClearDataAsync&quot;)" computerName="DESKTOP-SR3Q9NW" duration="00:00:00.0002683" startTime="2026-09-07T12:24:51.3789278+09:00" endTime="2026-09-07T12:24:51.3789278+09:00" testType="13cdc9d9-ddb5-4fa4-a97d-d965ccfc6d4b" outcome="Passed" testListId="8c84fa94-04c1-424b-9868-57a2d4851a1d" relativeResultsDirectory="2e0ce3eb-65bd-4950-ab13-50f82e060dba" />
    <UnitTestResult executionId="ae95788e-e233-44cf-ace8-62eb929c8f1a" testId="e232cdb1-9489-a6ba-68d9-d4ca50dce234" testName="OrandOverlay.Tests.RuntimeIsolationTests.InertTelemetryNeverTouchesQueueOrTransportEvenAfterEnable" computerName="DESKTOP-SR3Q9NW" duration="00:00:00.0079465" startTime="2026-09-07T12:24:51.3906381+09:00" endTime="2026-09-07T12:24:51.3906381+09:00" testType="13cdc9d9-ddb5-4fa4-a97d-d965ccfc6d4b" outcome="Passed" testListId="8c84fa94-04c1-424b-9868-57a2d4851a1d" relativeResultsDirectory="ae95788e-e233-44cf-ace8-62eb929c8f1a" />
    <UnitTestResult executionId="1a521157-8082-4021-a865-fa4e1db2f2fa" testId="3302b45d-e4ce-ae74-45fe-8d2f10e11799" testName="OrandOverlay.Tests.NonRuntimeWindowSourceTests.SourceInitializationKeepsOwnWindowThemeButGatesGlobalHook" computerName="DESKTOP-SR3Q9NW" duration="00:00:00.0003556" startTime="2026-09-07T12:24:51.3906167+09:00" endTime="2026-09-07T12:24:51.3906167+09:00" testType="13cdc9d9-ddb5-4fa4-a97d-d965ccfc6d4b" outcome="Passed" testListId="8c84fa94-04c1-424b-9868-57a2d4851a1d" relativeResultsDirectory="1a521157-8082-4021-a865-fa4e1db2f2fa" />
    <UnitTestResult executionId="5c49dfc1-9c04-4d9a-a04a-8a0672b5a317" testId="bc3cd629-c6a5-c952-bd06-5fc72bea05ab" testName="OrandOverlay.Tests.NonRuntimeWindowSourceTests.RuntimeEntryPointGuardsBeforeAnyEffect(method: &quot;AutoScan_OnChanged&quot;)" computerName="DESKTOP-SR3Q9NW" duration="00:00:00.0005267" startTime="2026-09-07T12:24:51.3788983+09:00" endTime="2026-09-07T12:24:51.3788983+09:00" testType="13cdc9d9-ddb5-4fa4-a97d-d965ccfc6d4b" outcome="Passed" testListId="8c84fa94-04c1-424b-9868-57a2d4851a1d" relativeResultsDirectory="5c49dfc1-9c04-4d9a-a04a-8a0672b5a317" />
    <UnitTestResult executionId="33e973e9-d667-41e9-91e4-5e08f21c238e" testId="8c0acd51-8fd8-b117-68e6-c8778fcd8fa4" testName="OrandOverlay.Tests.NonRuntimeWindowSourceTests.RuntimeEntryPointGuardsBeforeAnyEffect(method: &quot;InstallUpdateAsync&quot;)" computerName="DESKTOP-SR3Q9NW" duration="00:00:00.0002362" startTime="2026-09-07T12:24:51.3905002+09:00" endTime="2026-09-07T12:24:51.3905003+09:00" testType="13cdc9d9-ddb5-4fa4-a97d-d965ccfc6d4b" outcome="Passed" testListId="8c84fa94-04c1-424b-9868-57a2d4851a1d" relativeResultsDirectory="33e973e9-d667-41e9-91e4-5e08f21c238e" />
    <UnitTestResult executionId="ce0c05e3-8354-4cba-9ec2-5ffcc8b68cf8" testId="67658e31-c6c9-503a-d5bb-bdb34ec26b61" testName="OrandOverlay.Tests.NonRuntimeWindowSourceTests.RuntimeEntryPointGuardsBeforeAnyEffect(method: &quot;CheckUpdateNow_OnClick&quot;)" computerName="DESKTOP-SR3Q9NW" duration="00:00:00.0003062" startTime="2026-09-07T12:24:51.3789143+09:00" endTime="2026-09-07T12:24:51.3789143+09:00" testType="13cdc9d9-ddb5-4fa4-a97d-d965ccfc6d4b" outcome="Passed" testListId="8c84fa94-04c1-424b-9868-57a2d4851a1d" relativeResultsDirectory="ce0c05e3-8354-4cba-9ec2-5ffcc8b68cf8" />
    <UnitTestResult executionId="eb18e2b2-091a-456b-bb9d-545db6e528e0" testId="b072d4d6-39a6-ea5e-307b-f44332a3450f" testName="OrandOverlay.Tests.NonRuntimeWindowSourceTests.RuntimeEntryPointGuardsBeforeAnyEffect(method: &quot;DeleteTelemetryQueue_OnClick&quot;)" computerName="DESKTOP-SR3Q9NW" duration="00:00:00.0002346" startTime="2026-09-07T12:24:51.3905939+09:00" endTime="2026-09-07T12:24:51.3905939+09:00" testType="13cdc9d9-ddb5-4fa4-a97d-d965ccfc6d4b" outcome="Passed" testListId="8c84fa94-04c1-424b-9868-57a2d4851a1d" relativeResultsDirectory="eb18e2b2-091a-456b-bb9d-545db6e528e0" />
    <UnitTestResult executionId="20167845-39bc-4df8-9765-0b6158304dc2" testId="0b3071b9-a6d0-cee5-58a4-09316c5a734b" testName="OrandOverlay.Tests.ControlledRecognitionSeamTests.NonRuntimeRecognitionHasExplicitControlledResultEntryPoint" computerName="DESKTOP-SR3Q9NW" duration="00:00:00.0042902" startTime="2026-09-07T12:24:51.3787802+09:00" endTime="2026-09-07T12:24:51.3787802+09:00" testType="13cdc9d9-ddb5-4fa4-a97d-d965ccfc6d4b" outcome="Passed" testListId="8c84fa94-04c1-424b-9868-57a2d4851a1d" relativeResultsDirectory="20167845-39bc-4df8-9765-0b6158304dc2" />
    <UnitTestResult executionId="f8dff282-0957-48bf-b71b-e511eca3f7de" testId="205bbe01-9d20-97cd-47d3-6397c0a14212" testName="OrandOverlay.Tests.NonRuntimeWindowSourceTests.RuntimeEntryPointGuardsBeforeAnyEffect(method: &quot;Telemetry_OnChanged&quot;)" computerName="DESKTOP-SR3Q9NW" duration="00:00:00.0002406" startTime="2026-09-07T12:24:51.3905827+09:00" endTime="2026-09-07T12:24:51.3905827+09:00" testType="13cdc9d9-ddb5-4fa4-a97d-d965ccfc6d4b" outcome="Passed" testListId="8c84fa94-04c1-424b-9868-57a2d4851a1d" relativeResultsDirectory="f8dff282-0957-48bf-b71b-e511eca3f7de" />
    <UnitTestResult executionId="ad46cef1-6a30-42b1-b6ba-8d8093577abb" testId="4d8a65b9-956b-b578-0bb5-62918abdd9d2" testName="OrandOverlay.Tests.SettingsOverrideIsolationTests.MainWindowNeverPersistsInjectedScenarioSettings" computerName="DESKTOP-SR3Q9NW" duration="00:00:00.0067376" startTime="2026-09-07T12:24:51.3906067+09:00" endTime="2026-09-07T12:24:51.3906067+09:00" testType="13cdc9d9-ddb5-4fa4-a97d-d965ccfc6d4b" outcome="Passed" testListId="8c84fa94-04c1-424b-9868-57a2d4851a1d" relativeResultsDirectory="ad46cef1-6a30-42b1-b6ba-8d8093577abb" />
    <UnitTestResult executionId="5d5ffe56-1d8a-46b3-98ab-ba9686c1fd7d" testId="4da52812-76da-374c-16ed-f14e81fe41f0" testName="OrandOverlay.Tests.NonRuntimeWindowSourceTests.RuntimeEntryPointGuardsBeforeAnyEffect(method: &quot;ScanAsync&quot;)" computerName="DESKTOP-SR3Q9NW" duration="00:00:00.0002531" startTime="2026-09-07T12:24:51.3789519+09:00" endTime="2026-09-07T12:24:51.3789519+09:00" testType="13cdc9d9-ddb5-4fa4-a97d-d965ccfc6d4b" outcome="Passed" testListId="8c84fa94-04c1-424b-9868-57a2d4851a1d" relativeResultsDirectory="5d5ffe56-1d8a-46b3-98ab-ba9686c1fd7d" />
    <UnitTestResult executionId="f7732a1f-4a39-461e-a2bb-b68b0a9d5af2" testId="ec2c1488-b73a-956a-c2e6-6e4780cb35c7" testName="OrandOverlay.Tests.NonRuntimeWindowSourceTests.RuntimeEntryPointGuardsBeforeAnyEffect(method: &quot;ApplyOverlayHotkey&quot;)" computerName="DESKTOP-SR3Q9NW" duration="00:00:00.0002579" startTime="2026-09-07T12:24:51.3789404+09:00" endTime="2026-09-07T12:24:51.3789405+09:00" testType="13cdc9d9-ddb5-4fa4-a97d-d965ccfc6d4b" outcome="Passed" testListId="8c84fa94-04c1-424b-9868-57a2d4851a1d" relativeResultsDirectory="f7732a1f-4a39-461e-a2bb-b68b0a9d5af2" />
    <UnitTestResult executionId="fc267931-dd0a-4c22-84fc-d2d374e12a71" testId="d043a51a-7cd7-8d86-251d-fea8b52ea715" testName="OrandOverlay.Tests.NonRuntimeWindowSourceTests.NonRuntimeConstructionRequiresSettingsOverrideAndInjectsInertTelemetry" computerName="DESKTOP-SR3Q9NW" duration="00:00:00.0005767" startTime="2026-09-07T12:24:51.3906293+09:00" endTime="2026-09-07T12:24:51.3906293+09:00" testType="13cdc9d9-ddb5-4fa4-a97d-d965ccfc6d4b" outcome="Passed" testListId="8c84fa94-04c1-424b-9868-57a2d4851a1d" relativeResultsDirectory="fc267931-dd0a-4c22-84fc-d2d374e12a71" />
  </Results>
  <TestDefinitions>
    <UnitTest name="OrandOverlay.Tests.NonRuntimeWindowSourceTests.RuntimeEntryPointGuardsBeforeAnyEffect(method: &quot;RefreshClearDataAsync&quot;)" storage="c:\users\123\desktop\dev\orand-overnight-overlay-20260907-111725\orandoverlay.tests\bin\debug\net8.0-windows\orandoverlay.tests.dll" id="c6e0100f-aa35-c676-e15f-2aa7d170b7b4">
      <Execution id="2e0ce3eb-65bd-4950-ab13-50f82e060dba" />
      <TestMethod codeBase="C:\Users\123\Desktop\dev\orand-overnight-overlay-20260907-111725\OrandOverlay.Tests\bin\Debug\net8.0-windows\OrandOverlay.Tests.dll" adapterTypeName="executor://xunit/VsTestRunner2/netcoreapp" className="OrandOverlay.Tests.NonRuntimeWindowSourceTests" name="RuntimeEntryPointGuardsBeforeAnyEffect" />
    </UnitTest>
    <UnitTest name="OrandOverlay.Tests.RuntimeIsolationTests.InertTelemetryNeverTouchesQueueOrTransportEvenAfterEnable" storage="c:\users\123\desktop\dev\orand-overnight-overlay-20260907-111725\orandoverlay.tests\bin\debug\net8.0-windows\orandoverlay.tests.dll" id="e232cdb1-9489-a6ba-68d9-d4ca50dce234">
      <Execution id="ae95788e-e233-44cf-ace8-62eb929c8f1a" />
      <TestMethod codeBase="C:\Users\123\Desktop\dev\orand-overnight-overlay-20260907-111725\OrandOverlay.Tests\bin\Debug\net8.0-windows\OrandOverlay.Tests.dll" adapterTypeName="executor://xunit/VsTestRunner2/netcoreapp" className="OrandOverlay.Tests.RuntimeIsolationTests" name="InertTelemetryNeverTouchesQueueOrTransportEvenAfterEnable" />
    </UnitTest>
    <UnitTest name="OrandOverlay.Tests.NonRuntimeWindowSourceTests.NonRuntimeConstructionRequiresSettingsOverrideAndInjectsInertTelemetry" storage="c:\users\123\desktop\dev\orand-overnight-overlay-20260907-111725\orandoverlay.tests\bin\debug\net8.0-windows\orandoverlay.tests.dll" id="d043a51a-7cd7-8d86-251d-fea8b52ea715">
      <Execution id="fc267931-dd0a-4c22-84fc-d2d374e12a71" />
      <TestMethod codeBase="C:\Users\123\Desktop\dev\orand-overnight-overlay-20260907-111725\OrandOverlay.Tests\bin\Debug\net8.0-windows\OrandOverlay.Tests.dll" adapterTypeName="executor://xunit/VsTestRunner2/netcoreapp" className="OrandOverlay.Tests.NonRuntimeWindowSourceTests" name="NonRuntimeConstructionRequiresSettingsOverrideAndInjectsInertTelemetry" />
    </UnitTest>
    <UnitTest name="OrandOverlay.Tests.NonRuntimeWindowSourceTests.RuntimeEntryPointGuardsBeforeAnyEffect(method: &quot;ApplyOverlayHotkey&quot;)" storage="c:\users\123\desktop\dev\orand-overnight-overlay-20260907-111725\orandoverlay.tests\bin\debug\net8.0-windows\orandoverlay.tests.dll" id="ec2c1488-b73a-956a-c2e6-6e4780cb35c7">
      <Execution id="f7732a1f-4a39-461e-a2bb-b68b0a9d5af2" />
      <TestMethod codeBase="C:\Users\123\Desktop\dev\orand-overnight-overlay-20260907-111725\OrandOverlay.Tests\bin\Debug\net8.0-windows\OrandOverlay.Tests.dll" adapterTypeName="executor://xunit/VsTestRunner2/netcoreapp" className="OrandOverlay.Tests.NonRuntimeWindowSourceTests" name="RuntimeEntryPointGuardsBeforeAnyEffect" />
    </UnitTest>
    <UnitTest name="OrandOverlay.Tests.ControlledRecognitionSeamTests.NonRuntimeRecognitionHasExplicitControlledResultEntryPoint" storage="c:\users\123\desktop\dev\orand-overnight-overlay-20260907-111725\orandoverlay.tests\bin\debug\net8.0-windows\orandoverlay.tests.dll" id="0b3071b9-a6d0-cee5-58a4-09316c5a734b">
      <Execution id="20167845-39bc-4df8-9765-0b6158304dc2" />
      <TestMethod codeBase="C:\Users\123\Desktop\dev\orand-overnight-overlay-20260907-111725\OrandOverlay.Tests\bin\Debug\net8.0-windows\OrandOverlay.Tests.dll" adapterTypeName="executor://xunit/VsTestRunner2/netcoreapp" className="OrandOverlay.Tests.ControlledRecognitionSeamTests" name="NonRuntimeRecognitionHasExplicitControlledResultEntryPoint" />
    </UnitTest>
    <UnitTest name="OrandOverlay.Tests.SettingsOverrideIsolationTests.MainWindowNeverPersistsInjectedScenarioSettings" storage="c:\users\123\desktop\dev\orand-overnight-overlay-20260907-111725\orandoverlay.tests\bin\debug\net8.0-windows\orandoverlay.tests.dll" id="4d8a65b9-956b-b578-0bb5-62918abdd9d2">
      <Execution id="ad46cef1-6a30-42b1-b6ba-8d8093577abb" />
      <TestMethod codeBase="C:\Users\123\Desktop\dev\orand-overnight-overlay-20260907-111725\OrandOverlay.Tests\bin\Debug\net8.0-windows\OrandOverlay.Tests.dll" adapterTypeName="executor://xunit/VsTestRunner2/netcoreapp" className="OrandOverlay.Tests.SettingsOverrideIsolationTests" name="MainWindowNeverPersistsInjectedScenarioSettings" />
    </UnitTest>
    <UnitTest name="OrandOverlay.Tests.NonRuntimeWindowSourceTests.RuntimeEntryPointGuardsBeforeAnyEffect(method: &quot;InstallUpdateAsync&quot;)" storage="c:\users\123\desktop\dev\orand-overnight-overlay-20260907-111725\orandoverlay.tests\bin\debug\net8.0-windows\orandoverlay.tests.dll" id="8c0acd51-8fd8-b117-68e6-c8778fcd8fa4">
      <Execution id="33e973e9-d667-41e9-91e4-5e08f21c238e" />
      <TestMethod codeBase="C:\Users\123\Desktop\dev\orand-overnight-overlay-20260907-111725\OrandOverlay.Tests\bin\Debug\net8.0-windows\OrandOverlay.Tests.dll" adapterTypeName="executor://xunit/VsTestRunner2/netcoreapp" className="OrandOverlay.Tests.NonRuntimeWindowSourceTests" name="RuntimeEntryPointGuardsBeforeAnyEffect" />
    </UnitTest>
    <UnitTest name="OrandOverlay.Tests.NonRuntimeWindowSourceTests.RuntimeEntryPointGuardsBeforeAnyEffect(method: &quot;AutoScan_OnChanged&quot;)" storage="c:\users\123\desktop\dev\orand-overnight-overlay-20260907-111725\orandoverlay.tests\bin\debug\net8.0-windows\orandoverlay.tests.dll" id="bc3cd629-c6a5-c952-bd06-5fc72bea05ab">
      <Execution id="5c49dfc1-9c04-4d9a-a04a-8a0672b5a317" />
      <TestMethod codeBase="C:\Users\123\Desktop\dev\orand-overnight-overlay-20260907-111725\OrandOverlay.Tests\bin\Debug\net8.0-windows\OrandOverlay.Tests.dll" adapterTypeName="executor://xunit/VsTestRunner2/netcoreapp" className="OrandOverlay.Tests.NonRuntimeWindowSourceTests" name="RuntimeEntryPointGuardsBeforeAnyEffect" />
    </UnitTest>
    <UnitTest name="OrandOverlay.Tests.NonRuntimeWindowSourceTests.RuntimeEntryPointGuardsBeforeAnyEffect(method: &quot;AcknowledgeTelemetryDisclosure_OnClick&quot;)" storage="c:\users\123\desktop\dev\orand-overnight-overlay-20260907-111725\orandoverlay.tests\bin\debug\net8.0-windows\orandoverlay.tests.dll" id="1a8b94fe-3e58-c8f5-275d-0183982c08a1">
      <Execution id="d02d8549-aef6-41b2-a119-c1c6f9c7533a" />
      <TestMethod codeBase="C:\Users\123\Desktop\dev\orand-overnight-overlay-20260907-111725\OrandOverlay.Tests\bin\Debug\net8.0-windows\OrandOverlay.Tests.dll" adapterTypeName="executor://xunit/VsTestRunner2/netcoreapp" className="OrandOverlay.Tests.NonRuntimeWindowSourceTests" name="RuntimeEntryPointGuardsBeforeAnyEffect" />
    </UnitTest>
    <UnitTest name="OrandOverlay.Tests.NonRuntimeWindowSourceTests.RuntimeEntryPointGuardsBeforeAnyEffect(method: &quot;DeleteTelemetryQueue_OnClick&quot;)" storage="c:\users\123\desktop\dev\orand-overnight-overlay-20260907-111725\orandoverlay.tests\bin\debug\net8.0-windows\orandoverlay.tests.dll" id="b072d4d6-39a6-ea5e-307b-f44332a3450f">
      <Execution id="eb18e2b2-091a-456b-bb9d-545db6e528e0" />
      <TestMethod codeBase="C:\Users\123\Desktop\dev\orand-overnight-overlay-20260907-111725\OrandOverlay.Tests\bin\Debug\net8.0-windows\OrandOverlay.Tests.dll" adapterTypeName="executor://xunit/VsTestRunner2/netcoreapp" className="OrandOverlay.Tests.NonRuntimeWindowSourceTests" name="RuntimeEntryPointGuardsBeforeAnyEffect" />
    </UnitTest>
    <UnitTest name="OrandOverlay.Tests.NonRuntimeWindowSourceTests.RuntimeEntryPointGuardsBeforeAnyEffect(method: &quot;CheckUpdateNow_OnClick&quot;)" storage="c:\users\123\desktop\dev\orand-overnight-overlay-20260907-111725\orandoverlay.tests\bin\debug\net8.0-windows\orandoverlay.tests.dll" id="67658e31-c6c9-503a-d5bb-bdb34ec26b61">
      <Execution id="ce0c05e3-8354-4cba-9ec2-5ffcc8b68cf8" />
      <TestMethod codeBase="C:\Users\123\Desktop\dev\orand-overnight-overlay-20260907-111725\OrandOverlay.Tests\bin\Debug\net8.0-windows\OrandOverlay.Tests.dll" adapterTypeName="executor://xunit/VsTestRunner2/netcoreapp" className="OrandOverlay.Tests.NonRuntimeWindowSourceTests" name="RuntimeEntryPointGuardsBeforeAnyEffect" />
    </UnitTest>
    <UnitTest name="OrandOverlay.Tests.NonRuntimeWindowSourceTests.RuntimeEntryPointGuardsBeforeAnyEffect(method: &quot;Telemetry_OnChanged&quot;)" storage="c:\users\123\desktop\dev\orand-overnight-overlay-20260907-111725\orandoverlay.tests\bin\debug\net8.0-windows\orandoverlay.tests.dll" id="205bbe01-9d20-97cd-47d3-6397c0a14212">
      <Execution id="f8dff282-0957-48bf-b71b-e511eca3f7de" />
      <TestMethod codeBase="C:\Users\123\Desktop\dev\orand-overnight-overlay-20260907-111725\OrandOverlay.Tests\bin\Debug\net8.0-windows\OrandOverlay.Tests.dll" adapterTypeName="executor://xunit/VsTestRunner2/netcoreapp" className="OrandOverlay.Tests.NonRuntimeWindowSourceTests" name="RuntimeEntryPointGuardsBeforeAnyEffect" />
    </UnitTest>
    <UnitTest name="OrandOverlay.Tests.NonRuntimeWindowSourceTests.RuntimeEntryPointGuardsBeforeAnyEffect(method: &quot;ScanAsync&quot;)" storage="c:\users\123\desktop\dev\orand-overnight-overlay-20260907-111725\orandoverlay.tests\bin\debug\net8.0-windows\orandoverlay.tests.dll" id="4da52812-76da-374c-16ed-f14e81fe41f0">
      <Execution id="5d5ffe56-1d8a-46b3-98ab-ba9686c1fd7d" />
      <TestMethod codeBase="C:\Users\123\Desktop\dev\orand-overnight-overlay-20260907-111725\OrandOverlay.Tests\bin\Debug\net8.0-windows\OrandOverlay.Tests.dll" adapterTypeName="executor://xunit/VsTestRunner2/netcoreapp" className="OrandOverlay.Tests.NonRuntimeWindowSourceTests" name="RuntimeEntryPointGuardsBeforeAnyEffect" />
    </UnitTest>
    <UnitTest name="OrandOverlay.Tests.NonRuntimeWindowSourceTests.SourceInitializationKeepsOwnWindowThemeButGatesGlobalHook" storage="c:\users\123\desktop\dev\orand-overnight-overlay-20260907-111725\orandoverlay.tests\bin\debug\net8.0-windows\orandoverlay.tests.dll" id="3302b45d-e4ce-ae74-45fe-8d2f10e11799">
      <Execution id="1a521157-8082-4021-a865-fa4e1db2f2fa" />
      <TestMethod codeBase="C:\Users\123\Desktop\dev\orand-overnight-overlay-20260907-111725\OrandOverlay.Tests\bin\Debug\net8.0-windows\OrandOverlay.Tests.dll" adapterTypeName="executor://xunit/VsTestRunner2/netcoreapp" className="OrandOverlay.Tests.NonRuntimeWindowSourceTests" name="SourceInitializationKeepsOwnWindowThemeButGatesGlobalHook" />
    </UnitTest>
  </TestDefinitions>
  <TestEntries>
    <TestEntry testId="1a8b94fe-3e58-c8f5-275d-0183982c08a1" executionId="d02d8549-aef6-41b2-a119-c1c6f9c7533a" testListId="8c84fa94-04c1-424b-9868-57a2d4851a1d" />
    <TestEntry testId="c6e0100f-aa35-c676-e15f-2aa7d170b7b4" executionId="2e0ce3eb-65bd-4950-ab13-50f82e060dba" testListId="8c84fa94-04c1-424b-9868-57a2d4851a1d" />
    <TestEntry testId="e232cdb1-9489-a6ba-68d9-d4ca50dce234" executionId="ae95788e-e233-44cf-ace8-62eb929c8f1a" testListId="8c84fa94-04c1-424b-9868-57a2d4851a1d" />
    <TestEntry testId="3302b45d-e4ce-ae74-45fe-8d2f10e11799" executionId="1a521157-8082-4021-a865-fa4e1db2f2fa" testListId="8c84fa94-04c1-424b-9868-57a2d4851a1d" />
    <TestEntry testId="bc3cd629-c6a5-c952-bd06-5fc72bea05ab" executionId="5c49dfc1-9c04-4d9a-a04a-8a0672b5a317" testListId="8c84fa94-04c1-424b-9868-57a2d4851a1d" />
    <TestEntry testId="8c0acd51-8fd8-b117-68e6-c8778fcd8fa4" executionId="33e973e9-d667-41e9-91e4-5e08f21c238e" testListId="8c84fa94-04c1-424b-9868-57a2d4851a1d" />
    <TestEntry testId="67658e31-c6c9-503a-d5bb-bdb34ec26b61" executionId="ce0c05e3-8354-4cba-9ec2-5ffcc8b68cf8" testListId="8c84fa94-04c1-424b-9868-57a2d4851a1d" />
    <TestEntry testId="b072d4d6-39a6-ea5e-307b-f44332a3450f" executionId="eb18e2b2-091a-456b-bb9d-545db6e528e0" testListId="8c84fa94-04c1-424b-9868-57a2d4851a1d" />
    <TestEntry testId="0b3071b9-a6d0-cee5-58a4-09316c5a734b" executionId="20167845-39bc-4df8-9765-0b6158304dc2" testListId="8c84fa94-04c1-424b-9868-57a2d4851a1d" />
    <TestEntry testId="205bbe01-9d20-97cd-47d3-6397c0a14212" executionId="f8dff282-0957-48bf-b71b-e511eca3f7de" testListId="8c84fa94-04c1-424b-9868-57a2d4851a1d" />
    <TestEntry testId="4d8a65b9-956b-b578-0bb5-62918abdd9d2" executionId="ad46cef1-6a30-42b1-b6ba-8d8093577abb" testListId="8c84fa94-04c1-424b-9868-57a2d4851a1d" />
    <TestEntry testId="4da52812-76da-374c-16ed-f14e81fe41f0" executionId="5d5ffe56-1d8a-46b3-98ab-ba9686c1fd7d" testListId="8c84fa94-04c1-424b-9868-57a2d4851a1d" />
    <TestEntry testId="ec2c1488-b73a-956a-c2e6-6e4780cb35c7" executionId="f7732a1f-4a39-461e-a2bb-b68b0a9d5af2" testListId="8c84fa94-04c1-424b-9868-57a2d4851a1d" />
    <TestEntry testId="d043a51a-7cd7-8d86-251d-fea8b52ea715" executionId="fc267931-dd0a-4c22-84fc-d2d374e12a71" testListId="8c84fa94-04c1-424b-9868-57a2d4851a1d" />
  </TestEntries>
  <TestLists>
    <TestList name="목록에 없는 결과" id="8c84fa94-04c1-424b-9868-57a2d4851a1d" />
    <TestList name="로드된 모든 결과" id="19431567-8539-422a-85d7-44ee4e166bda" />
  </TestLists>
  <ResultSummary outcome="Completed">
    <Counters total="14" executed="14" passed="14" failed="0" error="0" timeout="0" aborted="0" inconclusive="0" passedButRunAborted="0" notRunnable="0" notExecuted="0" disconnected="0" warning="0" completed="0" inProgress="0" pending="0" />
    <Output>
      <StdOut>[xUnit.net 00:00:00.00] xUnit.net VSTest Adapter v2.8.2+699d445a1a (64-bit .NET 8.0.24)&#xD;
[xUnit.net 00:00:00.04]   Discovering: OrandOverlay.Tests&#xD;
[xUnit.net 00:00:00.14]   Discovered:  OrandOverlay.Tests&#xD;
[xUnit.net 00:00:00.14]   Starting:    OrandOverlay.Tests&#xD;
[xUnit.net 00:00:00.18]   Finished:    OrandOverlay.Tests&#xD;
</StdOut>
    </Output>
  </ResultSummary>
</TestRun>