<?xml version="1.0" encoding="utf-8"?>
<TestRun id="10f39527-a3a0-4a08-849b-786528b9a8a3" name="123@DESKTOP-SR3Q9NW 2026-09-07 19:28:45" runUser="DESKTOP-SR3Q9NW\123" xmlns="http://microsoft.com/schemas/VisualStudio/TeamTest/2010">
  <Times creation="2026-09-07T19:28:45.1577238+09:00" queuing="2026-09-07T19:28:45.1577239+09:00" start="2026-09-07T19:28:44.7775960+09:00" finish="2026-09-07T19:28:45.6048133+09:00" />
  <TestSettings name="default" id="242edd2c-c04f-4873-b43f-8111c5fc773a">
    <Deployment runDeploymentRoot="123_DESKTOP-SR3Q9NW_2026-09-07_19_28_45" />
  </TestSettings>
  <Results>
    <UnitTestResult executionId="b2fbe292-01ef-413b-9772-07bd6fd8b629" testId="19ceb9b0-d5cf-d820-1092-c2104703fa19" testName="PlannerEvidenceCapture.Tests.CapturePreflightTests.UnsafeImageInputsAreRejectedWithoutImageFactoryOrIo(id: &quot;luffy_common&quot;, fallback: &quot;\\\\fake-server\\share\\sentinel.png&quot;)" computerName="DESKTOP-SR3Q9NW" duration="00:00:00.0000239" startTime="2026-09-07T19:28:45.1430718+09:00" endTime="2026-09-07T19:28:45.1430719+09:00" testType="13cdc9d9-ddb5-4fa4-a97d-d965ccfc6d4b" outcome="Passed" testListId="8c84fa94-04c1-424b-9868-57a2d4851a1d" relativeResultsDirectory="b2fbe292-01ef-413b-9772-07bd6fd8b629" />
    <UnitTestResult executionId="fdf7844e-adbb-4573-a10b-4177a94089e0" testId="54d20e25-7d87-af05-1005-f725a3083597" testName="PlannerEvidenceCapture.Tests.CapturePreflightTests.UnsafeImageInputsAreRejectedWithoutImageFactoryOrIo(id: &quot;rawcode:../x&quot;, fallback: &quot;&quot;)" computerName="DESKTOP-SR3Q9NW" duration="00:00:00.0000111" startTime="2026-09-07T19:28:45.1431698+09:00" endTime="2026-09-07T19:28:45.1431698+09:00" testType="13cdc9d9-ddb5-4fa4-a97d-d965ccfc6d4b" outcome="Passed" testListId="8c84fa94-04c1-424b-9868-57a2d4851a1d" relativeResultsDirectory="fdf7844e-adbb-4573-a10b-4177a94089e0" />
    <UnitTestResult executionId="e7d3b668-0ace-4730-aace-e37648934c2e" testId="ca5fdddc-3724-0ae8-e3c5-d38a5c008ca6" testName="PlannerEvidenceCapture.Tests.CapturePreflightTests.LiveAndUnguardedJournalModesAreRejectedBeforeApp(flag: &quot;--four-modes&quot;)" computerName="DESKTOP-SR3Q9NW" duration="00:00:00.0000121" startTime="2026-09-07T19:28:45.1293200+09:00" endTime="2026-09-07T19:28:45.1293200+09:00" testType="13cdc9d9-ddb5-4fa4-a97d-d965ccfc6d4b" outcome="Passed" testListId="8c84fa94-04c1-424b-9868-57a2d4851a1d" relativeResultsDirectory="e7d3b668-0ace-4730-aace-e37648934c2e" />
    <UnitTestResult executionId="6e870b9b-58f4-4678-b03b-300710ddfa87" testId="6a28b470-5001-f1e2-1189-2facb933893f" testName="PlannerEvidenceCapture.Tests.CapturePreflightTests.UnsafeImageInputsAreRejectedWithoutImageFactoryOrIo(id: &quot;luffy_common&quot;, fallback: &quot;file:///C:/fake/sentinel.png&quot;)" computerName="DESKTOP-SR3Q9NW" duration="00:00:00.0000111" startTime="2026-09-07T19:28:45.1431560+09:00" endTime="2026-09-07T19:28:45.1431560+09:00" testType="13cdc9d9-ddb5-4fa4-a97d-d965ccfc6d4b" outcome="Passed" testListId="8c84fa94-04c1-424b-9868-57a2d4851a1d" relativeResultsDirectory="6e870b9b-58f4-4678-b03b-300710ddfa87" />
    <UnitTestResult executionId="dad3c9d6-f532-4306-bd80-68652b15684a" testId="1e0a3317-eef3-68c1-bf4a-1677129e08c3" testName="PlannerEvidenceCapture.Tests.CapturePreflightTests.UnknownButLexicallySafeFixtureIdIsRejectedByBundledAllowlist" computerName="DESKTOP-SR3Q9NW" duration="00:00:00.0004657" startTime="2026-09-07T19:28:45.1431867+09:00" endTime="2026-09-07T19:28:45.1431868+09:00" testType="13cdc9d9-ddb5-4fa4-a97d-d965ccfc6d4b" outcome="Passed" testListId="8c84fa94-04c1-424b-9868-57a2d4851a1d" relativeResultsDirectory="dad3c9d6-f532-4306-bd80-68652b15684a" />
    <UnitTestResult executionId="022f5913-89e7-4684-a37e-4fbe08cffae6" testId="939cdac7-abf3-4bba-494a-8706a46bb921" testName="PlannerEvidenceCapture.Tests.CapturePreflightTests.UnsafeImageInputsAreRejectedWithoutImageFactoryOrIo(id: &quot;\\\\fake-server\\share\\x&quot;, fallback: &quot;&quot;)" computerName="DESKTOP-SR3Q9NW" duration="00:00:00.0002431" startTime="2026-09-07T19:28:45.1293807+09:00" endTime="2026-09-07T19:28:45.1293807+09:00" testType="13cdc9d9-ddb5-4fa4-a97d-d965ccfc6d4b" outcome="Passed" testListId="8c84fa94-04c1-424b-9868-57a2d4851a1d" relativeResultsDirectory="022f5913-89e7-4684-a37e-4fbe08cffae6" />
    <UnitTestResult executionId="bc0ac44f-1b5c-44c1-8fc6-debbaba61fe4" testId="f685b0f2-9879-10ca-58bc-8c188af71ed4" testName="PlannerEvidenceCapture.Tests.CapturePreflightTests.LiveAndUnguardedJournalModesAreRejectedBeforeApp(flag: &quot;--coach-app&quot;)" computerName="DESKTOP-SR3Q9NW" duration="00:00:00.0002227" startTime="2026-09-07T19:28:45.1291698+09:00" endTime="2026-09-07T19:28:45.1291699+09:00" testType="13cdc9d9-ddb5-4fa4-a97d-d965ccfc6d4b" outcome="Passed" testListId="8c84fa94-04c1-424b-9868-57a2d4851a1d" relativeResultsDirectory="bc0ac44f-1b5c-44c1-8fc6-debbaba61fe4" />
    <UnitTestResult executionId="4595ff10-d104-4554-b0c2-52ce8efd7c59" testId="92ac6f40-8431-4b7c-4f58-2595491e2c5d" testName="PlannerEvidenceCapture.Tests.CapturePreflightTests.LiveAndUnguardedJournalModesAreRejectedBeforeApp(flag: &quot;--coach-finished-rewards&quot;)" computerName="DESKTOP-SR3Q9NW" duration="00:00:00.0000144" startTime="2026-09-07T19:28:45.1293466+09:00" endTime="2026-09-07T19:28:45.1293466+09:00" testType="13cdc9d9-ddb5-4fa4-a97d-d965ccfc6d4b" outcome="Passed" testListId="8c84fa94-04c1-424b-9868-57a2d4851a1d" relativeResultsDirectory="4595ff10-d104-4554-b0c2-52ce8efd7c59" />
    <UnitTestResult executionId="653d9fb0-350f-4b43-b54f-6e5a55880be9" testId="b93f9eb9-892d-30b0-7dc4-32701130504e" testName="PlannerEvidenceCapture.Tests.CapturePreflightTests.UnsafeImageInputsAreRejectedWithoutImageFactoryOrIo(id: &quot;luffy_common&quot;, fallback: &quot;C:\\fake\\sentinel.png&quot;)" computerName="DESKTOP-SR3Q9NW" duration="00:00:00.0006290" startTime="2026-09-07T19:28:45.1293710+09:00" endTime="2026-09-07T19:28:45.1293710+09:00" testType="13cdc9d9-ddb5-4fa4-a97d-d965ccfc6d4b" outcome="Passed" testListId="8c84fa94-04c1-424b-9868-57a2d4851a1d" relativeResultsDirectory="653d9fb0-350f-4b43-b54f-6e5a55880be9" />
    <UnitTestResult executionId="e096a7e2-a915-4928-8314-9bec48a1aed7" testId="dfeb214a-8fdf-ad34-96a8-1e2b6f4fc3e6" testName="PlannerEvidenceCapture.Tests.CapturePreflightTests.LiveAndUnguardedJournalModesAreRejectedBeforeApp(flag: &quot;--bullet-guide-live&quot;)" computerName="DESKTOP-SR3Q9NW" duration="00:00:00.0000200" startTime="2026-09-07T19:28:45.1293000+09:00" endTime="2026-09-07T19:28:45.1293000+09:00" testType="13cdc9d9-ddb5-4fa4-a97d-d965ccfc6d4b" outcome="Passed" testListId="8c84fa94-04c1-424b-9868-57a2d4851a1d" relativeResultsDirectory="e096a7e2-a915-4928-8314-9bec48a1aed7" />
    <UnitTestResult executionId="b1dd90fe-0872-4d0d-8f67-658e78e7accc" testId="5ad5a59b-d3a8-1455-39ec-b508c89542bc" testName="PlannerEvidenceCapture.Tests.CapturePreflightTests.LiveAndUnguardedJournalModesAreRejectedBeforeApp(flag: &quot;--native-unit-probe&quot;)" computerName="DESKTOP-SR3Q9NW" duration="00:00:00.0037999" startTime="2026-09-07T19:28:45.1278795+09:00" endTime="2026-09-07T19:28:45.1278868+09:00" testType="13cdc9d9-ddb5-4fa4-a97d-d965ccfc6d4b" outcome="Passed" testListId="8c84fa94-04c1-424b-9868-57a2d4851a1d" relativeResultsDirectory="b1dd90fe-0872-4d0d-8f67-658e78e7accc" />
    <UnitTestResult executionId="76cfbcf2-bf88-4c44-acdf-d59bda5bf697" testId="ca73831b-1b58-c86d-20c6-a2abbf90a6a3" testName="PlannerEvidenceCapture.Tests.CapturePreflightTests.ActualBundledMetadataPassesLexicalPreflightWithoutWpf" computerName="DESKTOP-SR3Q9NW" duration="00:00:00.4310544" startTime="2026-09-07T19:28:45.5605763+09:00" endTime="2026-09-07T19:28:45.5605766+09:00" testType="13cdc9d9-ddb5-4fa4-a97d-d965ccfc6d4b" outcome="Passed" testListId="8c84fa94-04c1-424b-9868-57a2d4851a1d" relativeResultsDirectory="76cfbcf2-bf88-4c44-acdf-d59bda5bf697" />
    <UnitTestResult executionId="0b2c92f1-7cd1-4841-b8d8-7001a1c51050" testId="e3dedca9-b946-93ee-3698-4aa05a9d69a0" testName="PlannerEvidenceCapture.Tests.CapturePreflightTests.LiveAndUnguardedJournalModesAreRejectedBeforeApp(flag: &quot;--live-quests&quot;)" computerName="DESKTOP-SR3Q9NW" duration="00:00:00.0000121" startTime="2026-09-07T19:28:45.1293319+09:00" endTime="2026-09-07T19:28:45.1293319+09:00" testType="13cdc9d9-ddb5-4fa4-a97d-d965ccfc6d4b" outcome="Passed" testListId="8c84fa94-04c1-424b-9868-57a2d4851a1d" relativeResultsDirectory="0b2c92f1-7cd1-4841-b8d8-7001a1c51050" />
    <UnitTestResult executionId="d7e89ec5-6fb5-463a-997d-b3ad62eea5bf" testId="66126302-2ac5-0b9f-b236-9fec83317051" testName="PlannerEvidenceCapture.Tests.CapturePreflightTests.UnsafeImageInputsAreRejectedWithoutImageFactoryOrIo(id: &quot;../sentinel&quot;, fallback: &quot;&quot;)" computerName="DESKTOP-SR3Q9NW" duration="00:00:00.0000167" startTime="2026-09-07T19:28:45.1293924+09:00" endTime="2026-09-07T19:28:45.1293924+09:00" testType="13cdc9d9-ddb5-4fa4-a97d-d965ccfc6d4b" outcome="Passed" testListId="8c84fa94-04c1-424b-9868-57a2d4851a1d" relativeResultsDirectory="d7e89ec5-6fb5-463a-997d-b3ad62eea5bf" />
  </Results>
  <TestDefinitions>
    <UnitTest name="PlannerEvidenceCapture.Tests.CapturePreflightTests.UnknownButLexicallySafeFixtureIdIsRejectedByBundledAllowlist" storage="c:\users\123\desktop\dev\orand-overnight-overlay-20260907-111725\tools\plannerevidencecapture.tests\bin\debug\net8.0-windows\plannerevidencecapture.tests.dll" id="1e0a3317-eef3-68c1-bf4a-1677129e08c3">
      <Execution id="dad3c9d6-f532-4306-bd80-68652b15684a" />
      <TestMethod codeBase="C:\Users\123\Desktop\dev\orand-overnight-overlay-20260907-111725\tools\PlannerEvidenceCapture.Tests\bin\Debug\net8.0-windows\PlannerEvidenceCapture.Tests.dll" adapterTypeName="executor://xunit/VsTestRunner2/netcoreapp" className="PlannerEvidenceCapture.Tests.CapturePreflightTests" name="UnknownButLexicallySafeFixtureIdIsRejectedByBundledAllowlist" />
    </UnitTest>
    <UnitTest name="PlannerEvidenceCapture.Tests.CapturePreflightTests.UnsafeImageInputsAreRejectedWithoutImageFactoryOrIo(id: &quot;luffy_common&quot;, fallback: &quot;file:///C:/fake/sentinel.png&quot;)" storage="c:\users\123\desktop\dev\orand-overnight-overlay-20260907-111725\tools\plannerevidencecapture.tests\bin\debug\net8.0-windows\plannerevidencecapture.tests.dll" id="6a28b470-5001-f1e2-1189-2facb933893f">
      <Execution id="6e870b9b-58f4-4678-b03b-300710ddfa87" />
      <TestMethod codeBase="C:\Users\123\Desktop\dev\orand-overnight-overlay-20260907-111725\tools\PlannerEvidenceCapture.Tests\bin\Debug\net8.0-windows\PlannerEvidenceCapture.Tests.dll" adapterTypeName="executor://xunit/VsTestRunner2/netcoreapp" className="PlannerEvidenceCapture.Tests.CapturePreflightTests" name="UnsafeImageInputsAreRejectedWithoutImageFactoryOrIo" />
    </UnitTest>
    <UnitTest name="PlannerEvidenceCapture.Tests.CapturePreflightTests.LiveAndUnguardedJournalModesAreRejectedBeforeApp(flag: &quot;--four-modes&quot;)" storage="c:\users\123\desktop\dev\orand-overnight-overlay-20260907-111725\tools\plannerevidencecapture.tests\bin\debug\net8.0-windows\plannerevidencecapture.tests.dll" id="ca5fdddc-3724-0ae8-e3c5-d38a5c008ca6">
      <Execution id="e7d3b668-0ace-4730-aace-e37648934c2e" />
      <TestMethod codeBase="C:\Users\123\Desktop\dev\orand-overnight-overlay-20260907-111725\tools\PlannerEvidenceCapture.Tests\bin\Debug\net8.0-windows\PlannerEvidenceCapture.Tests.dll" adapterTypeName="executor://xunit/VsTestRunner2/netcoreapp" className="PlannerEvidenceCapture.Tests.CapturePreflightTests" name="LiveAndUnguardedJournalModesAreRejectedBeforeApp" />
    </UnitTest>
    <UnitTest name="PlannerEvidenceCapture.Tests.CapturePreflightTests.UnsafeImageInputsAreRejectedWithoutImageFactoryOrIo(id: &quot;luffy_common&quot;, fallback: &quot;\\\\fake-server\\share\\sentinel.png&quot;)" storage="c:\users\123\desktop\dev\orand-overnight-overlay-20260907-111725\tools\plannerevidencecapture.tests\bin\debug\net8.0-windows\plannerevidencecapture.tests.dll" id="19ceb9b0-d5cf-d820-1092-c2104703fa19">
      <Execution id="b2fbe292-01ef-413b-9772-07bd6fd8b629" />
      <TestMethod codeBase="C:\Users\123\Desktop\dev\orand-overnight-overlay-20260907-111725\tools\PlannerEvidenceCapture.Tests\bin\Debug\net8.0-windows\PlannerEvidenceCapture.Tests.dll" adapterTypeName="executor://xunit/VsTestRunner2/netcoreapp" className="PlannerEvidenceCapture.Tests.CapturePreflightTests" name="UnsafeImageInputsAreRejectedWithoutImageFactoryOrIo" />
    </UnitTest>
    <UnitTest name="PlannerEvidenceCapture.Tests.CapturePreflightTests.LiveAndUnguardedJournalModesAreRejectedBeforeApp(flag: &quot;--coach-app&quot;)" storage="c:\users\123\desktop\dev\orand-overnight-overlay-20260907-111725\tools\plannerevidencecapture.tests\bin\debug\net8.0-windows\plannerevidencecapture.tests.dll" id="f685b0f2-9879-10ca-58bc-8c188af71ed4">
      <Execution id="bc0ac44f-1b5c-44c1-8fc6-debbaba61fe4" />
      <TestMethod codeBase="C:\Users\123\Desktop\dev\orand-overnight-overlay-20260907-111725\tools\PlannerEvidenceCapture.Tests\bin\Debug\net8.0-windows\PlannerEvidenceCapture.Tests.dll" adapterTypeName="executor://xunit/VsTestRunner2/netcoreapp" className="PlannerEvidenceCapture.Tests.CapturePreflightTests" name="LiveAndUnguardedJournalModesAreRejectedBeforeApp" />
    </UnitTest>
    <UnitTest name="PlannerEvidenceCapture.Tests.CapturePreflightTests.UnsafeImageInputsAreRejectedWithoutImageFactoryOrIo(id: &quot;luffy_common&quot;, fallback: &quot;C:\\fake\\sentinel.png&quot;)" storage="c:\users\123\desktop\dev\orand-overnight-overlay-20260907-111725\tools\plannerevidencecapture.tests\bin\debug\net8.0-windows\plannerevidencecapture.tests.dll" id="b93f9eb9-892d-30b0-7dc4-32701130504e">
      <Execution id="653d9fb0-350f-4b43-b54f-6e5a55880be9" />
      <TestMethod codeBase="C:\Users\123\Desktop\dev\orand-overnight-overlay-20260907-111725\tools\PlannerEvidenceCapture.Tests\bin\Debug\net8.0-windows\PlannerEvidenceCapture.Tests.dll" adapterTypeName="executor://xunit/VsTestRunner2/netcoreapp" className="PlannerEvidenceCapture.Tests.CapturePreflightTests" name="UnsafeImageInputsAreRejectedWithoutImageFactoryOrIo" />
    </UnitTest>
    <UnitTest name="PlannerEvidenceCapture.Tests.CapturePreflightTests.LiveAndUnguardedJournalModesAreRejectedBeforeApp(flag: &quot;--native-unit-probe&quot;)" storage="c:\users\123\desktop\dev\orand-overnight-overlay-20260907-111725\tools\plannerevidencecapture.tests\bin\debug\net8.0-windows\plannerevidencecapture.tests.dll" id="5ad5a59b-d3a8-1455-39ec-b508c89542bc">
      <Execution id="b1dd90fe-0872-4d0d-8f67-658e78e7accc" />
      <TestMethod codeBase="C:\Users\123\Desktop\dev\orand-overnight-overlay-20260907-111725\tools\PlannerEvidenceCapture.Tests\bin\Debug\net8.0-windows\PlannerEvidenceCapture.Tests.dll" adapterTypeName="executor://xunit/VsTestRunner2/netcoreapp" className="PlannerEvidenceCapture.Tests.CapturePreflightTests" name="LiveAndUnguardedJournalModesAreRejectedBeforeApp" />
    </UnitTest>
    <UnitTest name="PlannerEvidenceCapture.Tests.CapturePreflightTests.UnsafeImageInputsAreRejectedWithoutImageFactoryOrIo(id: &quot;rawcode:../x&quot;, fallback: &quot;&quot;)" storage="c:\users\123\desktop\dev\orand-overnight-overlay-20260907-111725\tools\plannerevidencecapture.tests\bin\debug\net8.0-windows\plannerevidencecapture.tests.dll" id="54d20e25-7d87-af05-1005-f725a3083597">
      <Execution id="fdf7844e-adbb-4573-a10b-4177a94089e0" />
      <TestMethod codeBase="C:\Users\123\Desktop\dev\orand-overnight-overlay-20260907-111725\tools\PlannerEvidenceCapture.Tests\bin\Debug\net8.0-windows\PlannerEvidenceCapture.Tests.dll" adapterTypeName="executor://xunit/VsTestRunner2/netcoreapp" className="PlannerEvidenceCapture.Tests.CapturePreflightTests" name="UnsafeImageInputsAreRejectedWithoutImageFactoryOrIo" />
    </UnitTest>
    <UnitTest name="PlannerEvidenceCapture.Tests.CapturePreflightTests.LiveAndUnguardedJournalModesAreRejectedBeforeApp(flag: &quot;--live-quests&quot;)" storage="c:\users\123\desktop\dev\orand-overnight-overlay-20260907-111725\tools\plannerevidencecapture.tests\bin\debug\net8.0-windows\plannerevidencecapture.tests.dll" id="e3dedca9-b946-93ee-3698-4aa05a9d69a0">
      <Execution id="0b2c92f1-7cd1-4841-b8d8-7001a1c51050" />
      <TestMethod codeBase="C:\Users\123\Desktop\dev\orand-overnight-overlay-20260907-111725\tools\PlannerEvidenceCapture.Tests\bin\Debug\net8.0-windows\PlannerEvidenceCapture.Tests.dll" adapterTypeName="executor://xunit/VsTestRunner2/netcoreapp" className="PlannerEvidenceCapture.Tests.CapturePreflightTests" name="LiveAndUnguardedJournalModesAreRejectedBeforeApp" />
    </UnitTest>
    <UnitTest name="PlannerEvidenceCapture.Tests.CapturePreflightTests.LiveAndUnguardedJournalModesAreRejectedBeforeApp(flag: &quot;--bullet-guide-live&quot;)" storage="c:\users\123\desktop\dev\orand-overnight-overlay-20260907-111725\tools\plannerevidencecapture.tests\bin\debug\net8.0-windows\plannerevidencecapture.tests.dll" id="dfeb214a-8fdf-ad34-96a8-1e2b6f4fc3e6">
      <Execution id="e096a7e2-a915-4928-8314-9bec48a1aed7" />
      <TestMethod codeBase="C:\Users\123\Desktop\dev\orand-overnight-overlay-20260907-111725\tools\PlannerEvidenceCapture.Tests\bin\Debug\net8.0-windows\PlannerEvidenceCapture.Tests.dll" adapterTypeName="executor://xunit/VsTestRunner2/netcoreapp" className="PlannerEvidenceCapture.Tests.CapturePreflightTests" name="LiveAndUnguardedJournalModesAreRejectedBeforeApp" />
    </UnitTest>
    <UnitTest name="PlannerEvidenceCapture.Tests.CapturePreflightTests.UnsafeImageInputsAreRejectedWithoutImageFactoryOrIo(id: &quot;\\\\fake-server\\share\\x&quot;, fallback: &quot;&quot;)" storage="c:\users\123\desktop\dev\orand-overnight-overlay-20260907-111725\tools\plannerevidencecapture.tests\bin\debug\net8.0-windows\plannerevidencecapture.tests.dll" id="939cdac7-abf3-4bba-494a-8706a46bb921">
      <Execution id="022f5913-89e7-4684-a37e-4fbe08cffae6" />
      <TestMethod codeBase="C:\Users\123\Desktop\dev\orand-overnight-overlay-20260907-111725\tools\PlannerEvidenceCapture.Tests\bin\Debug\net8.0-windows\PlannerEvidenceCapture.Tests.dll" adapterTypeName="executor://xunit/VsTestRunner2/netcoreapp" className="PlannerEvidenceCapture.Tests.CapturePreflightTests" name="UnsafeImageInputsAreRejectedWithoutImageFactoryOrIo" />
    </UnitTest>
    <UnitTest name="PlannerEvidenceCapture.Tests.CapturePreflightTests.UnsafeImageInputsAreRejectedWithoutImageFactoryOrIo(id: &quot;../sentinel&quot;, fallback: &quot;&quot;)" storage="c:\users\123\desktop\dev\orand-overnight-overlay-20260907-111725\tools\plannerevidencecapture.tests\bin\debug\net8.0-windows\plannerevidencecapture.tests.dll" id="66126302-2ac5-0b9f-b236-9fec83317051">
      <Execution id="d7e89ec5-6fb5-463a-997d-b3ad62eea5bf" />
      <TestMethod codeBase="C:\Users\123\Desktop\dev\orand-overnight-overlay-20260907-111725\tools\PlannerEvidenceCapture.Tests\bin\Debug\net8.0-windows\PlannerEvidenceCapture.Tests.dll" adapterTypeName="executor://xunit/VsTestRunner2/netcoreapp" className="PlannerEvidenceCapture.Tests.CapturePreflightTests" name="UnsafeImageInputsAreRejectedWithoutImageFactoryOrIo" />
    </UnitTest>
    <UnitTest name="PlannerEvidenceCapture.Tests.CapturePreflightTests.LiveAndUnguardedJournalModesAreRejectedBeforeApp(flag: &quot;--coach-finished-rewards&quot;)" storage="c:\users\123\desktop\dev\orand-overnight-overlay-20260907-111725\tools\plannerevidencecapture.tests\bin\debug\net8.0-windows\plannerevidencecapture.tests.dll" id="92ac6f40-8431-4b7c-4f58-2595491e2c5d">
      <Execution id="4595ff10-d104-4554-b0c2-52ce8efd7c59" />
      <TestMethod codeBase="C:\Users\123\Desktop\dev\orand-overnight-overlay-20260907-111725\tools\PlannerEvidenceCapture.Tests\bin\Debug\net8.0-windows\PlannerEvidenceCapture.Tests.dll" adapterTypeName="executor://xunit/VsTestRunner2/netcoreapp" className="PlannerEvidenceCapture.Tests.CapturePreflightTests" name="LiveAndUnguardedJournalModesAreRejectedBeforeApp" />
    </UnitTest>
    <UnitTest name="PlannerEvidenceCapture.Tests.CapturePreflightTests.ActualBundledMetadataPassesLexicalPreflightWithoutWpf" storage="c:\users\123\desktop\dev\orand-overnight-overlay-20260907-111725\tools\plannerevidencecapture.tests\bin\debug\net8.0-windows\plannerevidencecapture.tests.dll" id="ca73831b-1b58-c86d-20c6-a2abbf90a6a3">
      <Execution id="76cfbcf2-bf88-4c44-acdf-d59bda5bf697" />
      <TestMethod codeBase="C:\Users\123\Desktop\dev\orand-overnight-overlay-20260907-111725\tools\PlannerEvidenceCapture.Tests\bin\Debug\net8.0-windows\PlannerEvidenceCapture.Tests.dll" adapterTypeName="executor://xunit/VsTestRunner2/netcoreapp" className="PlannerEvidenceCapture.Tests.CapturePreflightTests" name="ActualBundledMetadataPassesLexicalPreflightWithoutWpf" />
    </UnitTest>
  </TestDefinitions>
  <TestEntries>
    <TestEntry testId="19ceb9b0-d5cf-d820-1092-c2104703fa19" executionId="b2fbe292-01ef-413b-9772-07bd6fd8b629" testListId="8c84fa94-04c1-424b-9868-57a2d4851a1d" />
    <TestEntry testId="54d20e25-7d87-af05-1005-f725a3083597" executionId="fdf7844e-adbb-4573-a10b-4177a94089e0" testListId="8c84fa94-04c1-424b-9868-57a2d4851a1d" />
    <TestEntry testId="ca5fdddc-3724-0ae8-e3c5-d38a5c008ca6" executionId="e7d3b668-0ace-4730-aace-e37648934c2e" testListId="8c84fa94-04c1-424b-9868-57a2d4851a1d" />
    <TestEntry testId="6a28b470-5001-f1e2-1189-2facb933893f" executionId="6e870b9b-58f4-4678-b03b-300710ddfa87" testListId="8c84fa94-04c1-424b-9868-57a2d4851a1d" />
    <TestEntry testId="1e0a3317-eef3-68c1-bf4a-1677129e08c3" executionId="dad3c9d6-f532-4306-bd80-68652b15684a" testListId="8c84fa94-04c1-424b-9868-57a2d4851a1d" />
    <TestEntry testId="939cdac7-abf3-4bba-494a-8706a46bb921" executionId="022f5913-89e7-4684-a37e-4fbe08cffae6" testListId="8c84fa94-04c1-424b-9868-57a2d4851a1d" />
    <TestEntry testId="f685b0f2-9879-10ca-58bc-8c188af71ed4" executionId="bc0ac44f-1b5c-44c1-8fc6-debbaba61fe4" testListId="8c84fa94-04c1-424b-9868-57a2d4851a1d" />
    <TestEntry testId="92ac6f40-8431-4b7c-4f58-2595491e2c5d" executionId="4595ff10-d104-4554-b0c2-52ce8efd7c59" testListId="8c84fa94-04c1-424b-9868-57a2d4851a1d" />
    <TestEntry testId="b93f9eb9-892d-30b0-7dc4-32701130504e" executionId="653d9fb0-350f-4b43-b54f-6e5a55880be9" testListId="8c84fa94-04c1-424b-9868-57a2d4851a1d" />
    <TestEntry testId="dfeb214a-8fdf-ad34-96a8-1e2b6f4fc3e6" executionId="e096a7e2-a915-4928-8314-9bec48a1aed7" testListId="8c84fa94-04c1-424b-9868-57a2d4851a1d" />
    <TestEntry testId="5ad5a59b-d3a8-1455-39ec-b508c89542bc" executionId="b1dd90fe-0872-4d0d-8f67-658e78e7accc" testListId="8c84fa94-04c1-424b-9868-57a2d4851a1d" />
    <TestEntry testId="ca73831b-1b58-c86d-20c6-a2abbf90a6a3" executionId="76cfbcf2-bf88-4c44-acdf-d59bda5bf697" testListId="8c84fa94-04c1-424b-9868-57a2d4851a1d" />
    <TestEntry testId="e3dedca9-b946-93ee-3698-4aa05a9d69a0" executionId="0b2c92f1-7cd1-4841-b8d8-7001a1c51050" testListId="8c84fa94-04c1-424b-9868-57a2d4851a1d" />
    <TestEntry testId="66126302-2ac5-0b9f-b236-9fec83317051" executionId="d7e89ec5-6fb5-463a-997d-b3ad62eea5bf" testListId="8c84fa94-04c1-424b-9868-57a2d4851a1d" />
  </TestEntries>
  <TestLists>
    <TestList name="목록에 없는 결과" id="8c84fa94-04c1-424b-9868-57a2d4851a1d" />
    <TestList name="로드된 모든 결과" id="19431567-8539-422a-85d7-44ee4e166bda" />
  </TestLists>
  <ResultSummary outcome="Completed">
    <Counters total="14" executed="14" passed="14" failed="0" error="0" timeout="0" aborted="0" inconclusive="0" passedButRunAborted="0" notRunnable="0" notExecuted="0" disconnected="0" warning="0" completed="0" inProgress="0" pending="0" />
    <Output>
      <StdOut>[xUnit.net 00:00:00.00] xUnit.net VSTest Adapter v2.8.2+699d445a1a (64-bit .NET 8.0.24)&#xD;
[xUnit.net 00:00:00.03]   Discovering: PlannerEvidenceCapture.Tests&#xD;
[xUnit.net 00:00:00.06]   Discovered:  PlannerEvidenceCapture.Tests&#xD;
[xUnit.net 00:00:00.06]   Starting:    PlannerEvidenceCapture.Tests&#xD;
[xUnit.net 00:00:00.52]   Finished:    PlannerEvidenceCapture.Tests&#xD;
</StdOut>
    </Output>
  </ResultSummary>
</TestRun>