<?xml version="1.0" encoding="utf-8"?>
<TestRun id="6a2626c8-5923-4909-bdab-586d6239187c" name="123@DESKTOP-SR3Q9NW 2026-09-07 19:30:34" runUser="DESKTOP-SR3Q9NW\123" xmlns="http://microsoft.com/schemas/VisualStudio/TeamTest/2010">
  <Times creation="2026-09-07T19:30:34.6042993+09:00" queuing="2026-09-07T19:30:34.6042995+09:00" start="2026-09-07T19:30:34.2341696+09:00" finish="2026-09-07T19:30:34.6241609+09:00" />
  <TestSettings name="default" id="b69a15fe-cd94-4ef7-8cbb-07a4dd652858">
    <Deployment runDeploymentRoot="123_DESKTOP-SR3Q9NW_2026-09-07_19_30_34" />
  </TestSettings>
  <Results>
    <UnitTestResult executionId="ce1a4493-1654-44e7-b1e2-f58a0759d9e7" testId="d4d25310-0e6c-0c31-52d6-c89ff3f00ed8" testName="PlannerEvidenceCapture.Tests.CaptureOutputScopeTests.ReservedDeviceNamesAreRejectedBeforeFileOpen(name: &quot;CON&quot;)" computerName="DESKTOP-SR3Q9NW" duration="00:00:00.0008220" startTime="2026-09-07T19:30:34.5749394+09:00" endTime="2026-09-07T19:30:34.5749395+09:00" testType="13cdc9d9-ddb5-4fa4-a97d-d965ccfc6d4b" outcome="Passed" testListId="8c84fa94-04c1-424b-9868-57a2d4851a1d" relativeResultsDirectory="ce1a4493-1654-44e7-b1e2-f58a0759d9e7" />
    <UnitTestResult executionId="a8b6f92b-5ba4-4a2f-843a-bda5043cae23" testId="c28f37f5-7822-e649-7078-c9200360de70" testName="PlannerEvidenceCapture.Tests.CaptureOutputScopeTests.RejectsAllReparseTagsAndNonDirectoriesWithoutPathProbe(attributes: ReparsePoint)" computerName="DESKTOP-SR3Q9NW" duration="00:00:00.0007791" startTime="2026-09-07T19:30:34.5895687+09:00" endTime="2026-09-07T19:30:34.5895687+09:00" testType="13cdc9d9-ddb5-4fa4-a97d-d965ccfc6d4b" outcome="Passed" testListId="8c84fa94-04c1-424b-9868-57a2d4851a1d" relativeResultsDirectory="a8b6f92b-5ba4-4a2f-843a-bda5043cae23" />
    <UnitTestResult executionId="84491ad9-c5ee-4da7-93d2-cccc215ac012" testId="5b2da5cb-41da-33f3-9d4e-55597e93b4bd" testName="PlannerEvidenceCapture.Tests.CaptureOutputScopeTests.RejectsNonLocalAbsolutePathsBeforeIo(output: &quot;relative&quot;)" computerName="DESKTOP-SR3Q9NW" duration="00:00:00.0052543" startTime="2026-09-07T19:30:34.5684915+09:00" endTime="2026-09-07T19:30:34.5684984+09:00" testType="13cdc9d9-ddb5-4fa4-a97d-d965ccfc6d4b" outcome="Passed" testListId="8c84fa94-04c1-424b-9868-57a2d4851a1d" relativeResultsDirectory="84491ad9-c5ee-4da7-93d2-cccc215ac012" />
    <UnitTestResult executionId="148f82be-8f05-47f9-a2a9-b279b9c26dcb" testId="7bfd89ec-7d28-9502-2349-8741c87554b7" testName="PlannerEvidenceCapture.Tests.CaptureOutputScopeTests.RejectsNonLocalAbsolutePathsBeforeIo(output: &quot;C:relative&quot;)" computerName="DESKTOP-SR3Q9NW" duration="00:00:00.0005864" startTime="2026-09-07T19:30:34.5698324+09:00" endTime="2026-09-07T19:30:34.5698324+09:00" testType="13cdc9d9-ddb5-4fa4-a97d-d965ccfc6d4b" outcome="Passed" testListId="8c84fa94-04c1-424b-9868-57a2d4851a1d" relativeResultsDirectory="148f82be-8f05-47f9-a2a9-b279b9c26dcb" />
    <UnitTestResult executionId="0e5a4c91-7227-436b-baab-41954ab8150d" testId="82ea1eb4-9142-b1fd-4dc5-bf24f901bfdd" testName="PlannerEvidenceCapture.Tests.CaptureOutputScopeTests.ReservedDeviceNamesAreRejectedBeforeFileOpen(name: &quot;LPT1.png&quot;)" computerName="DESKTOP-SR3Q9NW" duration="00:00:00.0008657" startTime="2026-09-07T19:30:34.5740898+09:00" endTime="2026-09-07T19:30:34.5740899+09:00" testType="13cdc9d9-ddb5-4fa4-a97d-d965ccfc6d4b" outcome="Passed" testListId="8c84fa94-04c1-424b-9868-57a2d4851a1d" relativeResultsDirectory="0e5a4c91-7227-436b-baab-41954ab8150d" />
    <UnitTestResult executionId="696bb37d-33ec-4e59-a829-22f4290a29f7" testId="15a6d1c2-bc5b-c039-9599-f98f7a710f58" testName="PlannerEvidenceCapture.Tests.CaptureOutputScopeTests.OutputWritesAreCreateNewAndContained" computerName="DESKTOP-SR3Q9NW" duration="00:00:00.0028486" startTime="2026-09-07T19:30:34.5896234+09:00" endTime="2026-09-07T19:30:34.5896234+09:00" testType="13cdc9d9-ddb5-4fa4-a97d-d965ccfc6d4b" outcome="Passed" testListId="8c84fa94-04c1-424b-9868-57a2d4851a1d" relativeResultsDirectory="696bb37d-33ec-4e59-a829-22f4290a29f7" />
    <UnitTestResult executionId="e6523563-89e4-43b8-bf4f-db5317faf46d" testId="80ed0787-6303-b04d-e553-2b9f024bce55" testName="PlannerEvidenceCapture.Tests.CaptureOutputScopeTests.RunDirectoryCannotBeRenamedWhileScopeIsAlive" computerName="DESKTOP-SR3Q9NW" duration="00:00:00.0013551" startTime="2026-09-07T19:30:34.5763382+09:00" endTime="2026-09-07T19:30:34.5763382+09:00" testType="13cdc9d9-ddb5-4fa4-a97d-d965ccfc6d4b" outcome="Passed" testListId="8c84fa94-04c1-424b-9868-57a2d4851a1d" relativeResultsDirectory="e6523563-89e4-43b8-bf4f-db5317faf46d" />
    <UnitTestResult executionId="564af83f-1eaa-49e9-bf83-f83ff2dfb329" testId="9bd3e4dc-7b3c-a04a-004f-400663de7e2a" testName="PlannerEvidenceCapture.Tests.CaptureOutputScopeTests.ReservedDeviceNamesAreRejectedBeforeFileOpen(name: &quot;NUL.txt&quot;)" computerName="DESKTOP-SR3Q9NW" duration="00:00:00.0023216" startTime="2026-09-07T19:30:34.5721202+09:00" endTime="2026-09-07T19:30:34.5721206+09:00" testType="13cdc9d9-ddb5-4fa4-a97d-d965ccfc6d4b" outcome="Passed" testListId="8c84fa94-04c1-424b-9868-57a2d4851a1d" relativeResultsDirectory="564af83f-1eaa-49e9-bf83-f83ff2dfb329" />
    <UnitTestResult executionId="8391f990-8e70-4b74-a4bf-05f2e82fa8e5" testId="6b9cd6b8-ebb8-0fc3-846e-cfe7773f7448" testName="PlannerEvidenceCapture.Tests.CaptureOutputScopeTests.NewOwnedRunRejectsSiblingPrefixAndExistingOutput" computerName="DESKTOP-SR3Q9NW" duration="00:00:00.0018222" startTime="2026-09-07T19:30:34.5920685+09:00" endTime="2026-09-07T19:30:34.5920686+09:00" testType="13cdc9d9-ddb5-4fa4-a97d-d965ccfc6d4b" outcome="Passed" testListId="8c84fa94-04c1-424b-9868-57a2d4851a1d" relativeResultsDirectory="8391f990-8e70-4b74-a4bf-05f2e82fa8e5" />
    <UnitTestResult executionId="f24c8ddf-0862-4caf-8e8f-763927f18805" testId="feea68fb-9cf7-a25e-3b65-736063739f10" testName="PlannerEvidenceCapture.Tests.CaptureOutputScopeTests.InjectedExistingChildDirectoryIsNotAdopted" computerName="DESKTOP-SR3Q9NW" duration="00:00:00.0014085" startTime="2026-09-07T19:30:34.5901553+09:00" endTime="2026-09-07T19:30:34.5901554+09:00" testType="13cdc9d9-ddb5-4fa4-a97d-d965ccfc6d4b" outcome="Passed" testListId="8c84fa94-04c1-424b-9868-57a2d4851a1d" relativeResultsDirectory="f24c8ddf-0862-4caf-8e8f-763927f18805" />
    <UnitTestResult executionId="49f992b2-cc04-4ad4-a9b1-b17e766137ac" testId="67a98265-ad9b-ef1d-c7d7-f16f4034ea34" testName="PlannerEvidenceCapture.Tests.CaptureOutputScopeTests.RejectsAllReparseTagsAndNonDirectoriesWithoutPathProbe(attributes: Normal)" computerName="DESKTOP-SR3Q9NW" duration="00:00:00.0003839" startTime="2026-09-07T19:30:34.5896071+09:00" endTime="2026-09-07T19:30:34.5896071+09:00" testType="13cdc9d9-ddb5-4fa4-a97d-d965ccfc6d4b" outcome="Passed" testListId="8c84fa94-04c1-424b-9868-57a2d4851a1d" relativeResultsDirectory="49f992b2-cc04-4ad4-a9b1-b17e766137ac" />
    <UnitTestResult executionId="e84344fc-4ac1-4af1-9082-74a5aa2a7dab" testId="0e89d11e-3bc5-4781-7c2e-cb1dd9d0ce19" testName="PlannerEvidenceCapture.Tests.CaptureOutputScopeTests.ReservedDeviceNamesAreRejectedBeforeFileOpen(name: &quot;COM1.json&quot;)" computerName="DESKTOP-SR3Q9NW" duration="00:00:00.0010917" startTime="2026-09-07T19:30:34.5731982+09:00" endTime="2026-09-07T19:30:34.5731982+09:00" testType="13cdc9d9-ddb5-4fa4-a97d-d965ccfc6d4b" outcome="Passed" testListId="8c84fa94-04c1-424b-9868-57a2d4851a1d" relativeResultsDirectory="e84344fc-4ac1-4af1-9082-74a5aa2a7dab" />
    <UnitTestResult executionId="5c05a721-626d-4449-9c96-26f039d77ce0" testId="78fd6c8f-41c2-d9ae-0a7c-58dafccdeeb4" testName="PlannerEvidenceCapture.Tests.CaptureOutputScopeTests.RejectsNonLocalAbsolutePathsBeforeIo(output: &quot;\\\\fake-server\\share\\out&quot;)" computerName="DESKTOP-SR3Q9NW" duration="00:00:00.0007826" startTime="2026-09-07T19:30:34.5697040+09:00" endTime="2026-09-07T19:30:34.5697041+09:00" testType="13cdc9d9-ddb5-4fa4-a97d-d965ccfc6d4b" outcome="Passed" testListId="8c84fa94-04c1-424b-9868-57a2d4851a1d" relativeResultsDirectory="5c05a721-626d-4449-9c96-26f039d77ce0" />
    <UnitTestResult executionId="37825163-76c1-4959-bf0b-1211ecde5ec8" testId="e72cdd98-98cd-bd89-7754-50c05c7ce646" testName="PlannerEvidenceCapture.Tests.CaptureOutputScopeTests.RejectsAllReparseTagsAndNonDirectoriesWithoutPathProbe(attributes: Directory | ReparsePoint)" computerName="DESKTOP-SR3Q9NW" duration="00:00:00.0006074" startTime="2026-09-07T19:30:34.5895863+09:00" endTime="2026-09-07T19:30:34.5895863+09:00" testType="13cdc9d9-ddb5-4fa4-a97d-d965ccfc6d4b" outcome="Passed" testListId="8c84fa94-04c1-424b-9868-57a2d4851a1d" relativeResultsDirectory="37825163-76c1-4959-bf0b-1211ecde5ec8" />
    <UnitTestResult executionId="d4b7e341-a50a-4bf6-b27c-ff1de95b1c4e" testId="37dd5e02-edb8-4635-d2da-22277fa36199" testName="PlannerEvidenceCapture.Tests.CaptureOutputScopeTests.RejectsSymbolicLinkParentWithoutWritingToTarget" computerName="DESKTOP-SR3Q9NW" duration="00:00:00.0010000" startTime="2026-09-07T19:30:34.5906811+09:00" endTime="2026-09-07T19:30:34.5906812+09:00" testType="13cdc9d9-ddb5-4fa4-a97d-d965ccfc6d4b" outcome="NotExecuted" testListId="8c84fa94-04c1-424b-9868-57a2d4851a1d" relativeResultsDirectory="d4b7e341-a50a-4bf6-b27c-ff1de95b1c4e">
      <Output>
        <ErrorInfo>
          <Message>Host lacks CreateSymbolicLink privilege; no elevation or policy change. Reparse mask is covered with fake attributes.</Message>
        </ErrorInfo>
      </Output>
    </UnitTestResult>
    <UnitTestResult executionId="f58fed4b-7ebb-4ef4-941b-8eef93777c4f" testId="42ac3b77-9d75-99b9-2173-44f801b6b3e2" testName="PlannerEvidenceCapture.Tests.CaptureOutputScopeTests.RejectsDotSegmentsInsteadOfNormalizingThemIntoApprovedRoot" computerName="DESKTOP-SR3Q9NW" duration="00:00:00.0006374" startTime="2026-09-07T19:30:34.5927404+09:00" endTime="2026-09-07T19:30:34.5927404+09:00" testType="13cdc9d9-ddb5-4fa4-a97d-d965ccfc6d4b" outcome="Passed" testListId="8c84fa94-04c1-424b-9868-57a2d4851a1d" relativeResultsDirectory="f58fed4b-7ebb-4ef4-941b-8eef93777c4f" />
    <UnitTestResult executionId="d63ba26d-3a9a-4825-a47f-b7820d7d03ca" testId="39d4295f-22df-487c-e998-caf3aaa8d445" testName="PlannerEvidenceCapture.Tests.CaptureOutputScopeTests.NestedOutputsAreOwnedAndPinnedAndScopeDisposalClosesWriters" computerName="DESKTOP-SR3Q9NW" duration="00:00:00.0023091" startTime="2026-09-07T19:30:34.5894911+09:00" endTime="2026-09-07T19:30:34.5894912+09:00" testType="13cdc9d9-ddb5-4fa4-a97d-d965ccfc6d4b" outcome="Passed" testListId="8c84fa94-04c1-424b-9868-57a2d4851a1d" relativeResultsDirectory="d63ba26d-3a9a-4825-a47f-b7820d7d03ca" />
    <UnitTestResult executionId="877a084d-61b3-4850-a10d-0db01e43169a" testId="848940b1-abab-d1dd-e2d4-4d08bbc9d04c" testName="PlannerEvidenceCapture.Tests.CaptureOutputScopeTests.JunctionAncestorAndInjectedJunctionSinkAreRejected" computerName="DESKTOP-SR3Q9NW" duration="00:00:00.0045427" startTime="2026-09-07T19:30:34.5896399+09:00" endTime="2026-09-07T19:30:34.5896399+09:00" testType="13cdc9d9-ddb5-4fa4-a97d-d965ccfc6d4b" outcome="Passed" testListId="8c84fa94-04c1-424b-9868-57a2d4851a1d" relativeResultsDirectory="877a084d-61b3-4850-a10d-0db01e43169a" />
    <UnitTestResult executionId="40fda625-27b6-4a4c-bb98-017a18a1405a" testId="290c080d-a865-7d5d-c2e7-52ce209aef84" testName="PlannerEvidenceCapture.Tests.CaptureOutputScopeTests.ApprovedParentMustAlreadyExist" computerName="DESKTOP-SR3Q9NW" duration="00:00:00.0005838" startTime="2026-09-07T19:30:34.5769678+09:00" endTime="2026-09-07T19:30:34.5769678+09:00" testType="13cdc9d9-ddb5-4fa4-a97d-d965ccfc6d4b" outcome="Passed" testListId="8c84fa94-04c1-424b-9868-57a2d4851a1d" relativeResultsDirectory="40fda625-27b6-4a4c-bb98-017a18a1405a" />
  </Results>
  <TestDefinitions>
    <UnitTest name="PlannerEvidenceCapture.Tests.CaptureOutputScopeTests.RejectsDotSegmentsInsteadOfNormalizingThemIntoApprovedRoot" storage="c:\users\123\desktop\dev\orand-overnight-overlay-20260907-111725\tools\plannerevidencecapture.tests\bin\debug\net8.0-windows\plannerevidencecapture.tests.dll" id="42ac3b77-9d75-99b9-2173-44f801b6b3e2">
      <Execution id="f58fed4b-7ebb-4ef4-941b-8eef93777c4f" />
      <TestMethod codeBase="C:\Users\123\Desktop\dev\orand-overnight-overlay-20260907-111725\tools\PlannerEvidenceCapture.Tests\bin\Debug\net8.0-windows\PlannerEvidenceCapture.Tests.dll" adapterTypeName="executor://xunit/VsTestRunner2/netcoreapp" className="PlannerEvidenceCapture.Tests.CaptureOutputScopeTests" name="RejectsDotSegmentsInsteadOfNormalizingThemIntoApprovedRoot" />
    </UnitTest>
    <UnitTest name="PlannerEvidenceCapture.Tests.CaptureOutputScopeTests.RejectsSymbolicLinkParentWithoutWritingToTarget" storage="c:\users\123\desktop\dev\orand-overnight-overlay-20260907-111725\tools\plannerevidencecapture.tests\bin\debug\net8.0-windows\plannerevidencecapture.tests.dll" id="37dd5e02-edb8-4635-d2da-22277fa36199">
      <Execution id="d4b7e341-a50a-4bf6-b27c-ff1de95b1c4e" />
      <TestMethod codeBase="C:\Users\123\Desktop\dev\orand-overnight-overlay-20260907-111725\tools\PlannerEvidenceCapture.Tests\bin\Debug\net8.0-windows\PlannerEvidenceCapture.Tests.dll" adapterTypeName="executor://xunit/VsTestRunner2/netcoreapp" className="PlannerEvidenceCapture.Tests.CaptureOutputScopeTests" name="RejectsSymbolicLinkParentWithoutWritingToTarget" />
    </UnitTest>
    <UnitTest name="PlannerEvidenceCapture.Tests.CaptureOutputScopeTests.ReservedDeviceNamesAreRejectedBeforeFileOpen(name: &quot;COM1.json&quot;)" storage="c:\users\123\desktop\dev\orand-overnight-overlay-20260907-111725\tools\plannerevidencecapture.tests\bin\debug\net8.0-windows\plannerevidencecapture.tests.dll" id="0e89d11e-3bc5-4781-7c2e-cb1dd9d0ce19">
      <Execution id="e84344fc-4ac1-4af1-9082-74a5aa2a7dab" />
      <TestMethod codeBase="C:\Users\123\Desktop\dev\orand-overnight-overlay-20260907-111725\tools\PlannerEvidenceCapture.Tests\bin\Debug\net8.0-windows\PlannerEvidenceCapture.Tests.dll" adapterTypeName="executor://xunit/VsTestRunner2/netcoreapp" className="PlannerEvidenceCapture.Tests.CaptureOutputScopeTests" name="ReservedDeviceNamesAreRejectedBeforeFileOpen" />
    </UnitTest>
    <UnitTest name="PlannerEvidenceCapture.Tests.CaptureOutputScopeTests.NestedOutputsAreOwnedAndPinnedAndScopeDisposalClosesWriters" storage="c:\users\123\desktop\dev\orand-overnight-overlay-20260907-111725\tools\plannerevidencecapture.tests\bin\debug\net8.0-windows\plannerevidencecapture.tests.dll" id="39d4295f-22df-487c-e998-caf3aaa8d445">
      <Execution id="d63ba26d-3a9a-4825-a47f-b7820d7d03ca" />
      <TestMethod codeBase="C:\Users\123\Desktop\dev\orand-overnight-overlay-20260907-111725\tools\PlannerEvidenceCapture.Tests\bin\Debug\net8.0-windows\PlannerEvidenceCapture.Tests.dll" adapterTypeName="executor://xunit/VsTestRunner2/netcoreapp" className="PlannerEvidenceCapture.Tests.CaptureOutputScopeTests" name="NestedOutputsAreOwnedAndPinnedAndScopeDisposalClosesWriters" />
    </UnitTest>
    <UnitTest name="PlannerEvidenceCapture.Tests.CaptureOutputScopeTests.JunctionAncestorAndInjectedJunctionSinkAreRejected" storage="c:\users\123\desktop\dev\orand-overnight-overlay-20260907-111725\tools\plannerevidencecapture.tests\bin\debug\net8.0-windows\plannerevidencecapture.tests.dll" id="848940b1-abab-d1dd-e2d4-4d08bbc9d04c">
      <Execution id="877a084d-61b3-4850-a10d-0db01e43169a" />
      <TestMethod codeBase="C:\Users\123\Desktop\dev\orand-overnight-overlay-20260907-111725\tools\PlannerEvidenceCapture.Tests\bin\Debug\net8.0-windows\PlannerEvidenceCapture.Tests.dll" adapterTypeName="executor://xunit/VsTestRunner2/netcoreapp" className="PlannerEvidenceCapture.Tests.CaptureOutputScopeTests" name="JunctionAncestorAndInjectedJunctionSinkAreRejected" />
    </UnitTest>
    <UnitTest name="PlannerEvidenceCapture.Tests.CaptureOutputScopeTests.ApprovedParentMustAlreadyExist" storage="c:\users\123\desktop\dev\orand-overnight-overlay-20260907-111725\tools\plannerevidencecapture.tests\bin\debug\net8.0-windows\plannerevidencecapture.tests.dll" id="290c080d-a865-7d5d-c2e7-52ce209aef84">
      <Execution id="40fda625-27b6-4a4c-bb98-017a18a1405a" />
      <TestMethod codeBase="C:\Users\123\Desktop\dev\orand-overnight-overlay-20260907-111725\tools\PlannerEvidenceCapture.Tests\bin\Debug\net8.0-windows\PlannerEvidenceCapture.Tests.dll" adapterTypeName="executor://xunit/VsTestRunner2/netcoreapp" className="PlannerEvidenceCapture.Tests.CaptureOutputScopeTests" name="ApprovedParentMustAlreadyExist" />
    </UnitTest>
    <UnitTest name="PlannerEvidenceCapture.Tests.CaptureOutputScopeTests.RejectsAllReparseTagsAndNonDirectoriesWithoutPathProbe(attributes: ReparsePoint)" storage="c:\users\123\desktop\dev\orand-overnight-overlay-20260907-111725\tools\plannerevidencecapture.tests\bin\debug\net8.0-windows\plannerevidencecapture.tests.dll" id="c28f37f5-7822-e649-7078-c9200360de70">
      <Execution id="a8b6f92b-5ba4-4a2f-843a-bda5043cae23" />
      <TestMethod codeBase="C:\Users\123\Desktop\dev\orand-overnight-overlay-20260907-111725\tools\PlannerEvidenceCapture.Tests\bin\Debug\net8.0-windows\PlannerEvidenceCapture.Tests.dll" adapterTypeName="executor://xunit/VsTestRunner2/netcoreapp" className="PlannerEvidenceCapture.Tests.CaptureOutputScopeTests" name="RejectsAllReparseTagsAndNonDirectoriesWithoutPathProbe" />
    </UnitTest>
    <UnitTest name="PlannerEvidenceCapture.Tests.CaptureOutputScopeTests.RejectsNonLocalAbsolutePathsBeforeIo(output: &quot;\\\\fake-server\\share\\out&quot;)" storage="c:\users\123\desktop\dev\orand-overnight-overlay-20260907-111725\tools\plannerevidencecapture.tests\bin\debug\net8.0-windows\plannerevidencecapture.tests.dll" id="78fd6c8f-41c2-d9ae-0a7c-58dafccdeeb4">
      <Execution id="5c05a721-626d-4449-9c96-26f039d77ce0" />
      <TestMethod codeBase="C:\Users\123\Desktop\dev\orand-overnight-overlay-20260907-111725\tools\PlannerEvidenceCapture.Tests\bin\Debug\net8.0-windows\PlannerEvidenceCapture.Tests.dll" adapterTypeName="executor://xunit/VsTestRunner2/netcoreapp" className="PlannerEvidenceCapture.Tests.CaptureOutputScopeTests" name="RejectsNonLocalAbsolutePathsBeforeIo" />
    </UnitTest>
    <UnitTest name="PlannerEvidenceCapture.Tests.CaptureOutputScopeTests.NewOwnedRunRejectsSiblingPrefixAndExistingOutput" storage="c:\users\123\desktop\dev\orand-overnight-overlay-20260907-111725\tools\plannerevidencecapture.tests\bin\debug\net8.0-windows\plannerevidencecapture.tests.dll" id="6b9cd6b8-ebb8-0fc3-846e-cfe7773f7448">
      <Execution id="8391f990-8e70-4b74-a4bf-05f2e82fa8e5" />
      <TestMethod codeBase="C:\Users\123\Desktop\dev\orand-overnight-overlay-20260907-111725\tools\PlannerEvidenceCapture.Tests\bin\Debug\net8.0-windows\PlannerEvidenceCapture.Tests.dll" adapterTypeName="executor://xunit/VsTestRunner2/netcoreapp" className="PlannerEvidenceCapture.Tests.CaptureOutputScopeTests" name="NewOwnedRunRejectsSiblingPrefixAndExistingOutput" />
    </UnitTest>
    <UnitTest name="PlannerEvidenceCapture.Tests.CaptureOutputScopeTests.RejectsAllReparseTagsAndNonDirectoriesWithoutPathProbe(attributes: Normal)" storage="c:\users\123\desktop\dev\orand-overnight-overlay-20260907-111725\tools\plannerevidencecapture.tests\bin\debug\net8.0-windows\plannerevidencecapture.tests.dll" id="67a98265-ad9b-ef1d-c7d7-f16f4034ea34">
      <Execution id="49f992b2-cc04-4ad4-a9b1-b17e766137ac" />
      <TestMethod codeBase="C:\Users\123\Desktop\dev\orand-overnight-overlay-20260907-111725\tools\PlannerEvidenceCapture.Tests\bin\Debug\net8.0-windows\PlannerEvidenceCapture.Tests.dll" adapterTypeName="executor://xunit/VsTestRunner2/netcoreapp" className="PlannerEvidenceCapture.Tests.CaptureOutputScopeTests" name="RejectsAllReparseTagsAndNonDirectoriesWithoutPathProbe" />
    </UnitTest>
    <UnitTest name="PlannerEvidenceCapture.Tests.CaptureOutputScopeTests.RejectsNonLocalAbsolutePathsBeforeIo(output: &quot;relative&quot;)" storage="c:\users\123\desktop\dev\orand-overnight-overlay-20260907-111725\tools\plannerevidencecapture.tests\bin\debug\net8.0-windows\plannerevidencecapture.tests.dll" id="5b2da5cb-41da-33f3-9d4e-55597e93b4bd">
      <Execution id="84491ad9-c5ee-4da7-93d2-cccc215ac012" />
      <TestMethod codeBase="C:\Users\123\Desktop\dev\orand-overnight-overlay-20260907-111725\tools\PlannerEvidenceCapture.Tests\bin\Debug\net8.0-windows\PlannerEvidenceCapture.Tests.dll" adapterTypeName="executor://xunit/VsTestRunner2/netcoreapp" className="PlannerEvidenceCapture.Tests.CaptureOutputScopeTests" name="RejectsNonLocalAbsolutePathsBeforeIo" />
    </UnitTest>
    <UnitTest name="PlannerEvidenceCapture.Tests.CaptureOutputScopeTests.InjectedExistingChildDirectoryIsNotAdopted" storage="c:\users\123\desktop\dev\orand-overnight-overlay-20260907-111725\tools\plannerevidencecapture.tests\bin\debug\net8.0-windows\plannerevidencecapture.tests.dll" id="feea68fb-9cf7-a25e-3b65-736063739f10">
      <Execution id="f24c8ddf-0862-4caf-8e8f-763927f18805" />
      <TestMethod codeBase="C:\Users\123\Desktop\dev\orand-overnight-overlay-20260907-111725\tools\PlannerEvidenceCapture.Tests\bin\Debug\net8.0-windows\PlannerEvidenceCapture.Tests.dll" adapterTypeName="executor://xunit/VsTestRunner2/netcoreapp" className="PlannerEvidenceCapture.Tests.CaptureOutputScopeTests" name="InjectedExistingChildDirectoryIsNotAdopted" />
    </UnitTest>
    <UnitTest name="PlannerEvidenceCapture.Tests.CaptureOutputScopeTests.RejectsAllReparseTagsAndNonDirectoriesWithoutPathProbe(attributes: Directory | ReparsePoint)" storage="c:\users\123\desktop\dev\orand-overnight-overlay-20260907-111725\tools\plannerevidencecapture.tests\bin\debug\net8.0-windows\plannerevidencecapture.tests.dll" id="e72cdd98-98cd-bd89-7754-50c05c7ce646">
      <Execution id="37825163-76c1-4959-bf0b-1211ecde5ec8" />
      <TestMethod codeBase="C:\Users\123\Desktop\dev\orand-overnight-overlay-20260907-111725\tools\PlannerEvidenceCapture.Tests\bin\Debug\net8.0-windows\PlannerEvidenceCapture.Tests.dll" adapterTypeName="executor://xunit/VsTestRunner2/netcoreapp" className="PlannerEvidenceCapture.Tests.CaptureOutputScopeTests" name="RejectsAllReparseTagsAndNonDirectoriesWithoutPathProbe" />
    </UnitTest>
    <UnitTest name="PlannerEvidenceCapture.Tests.CaptureOutputScopeTests.RejectsNonLocalAbsolutePathsBeforeIo(output: &quot;C:relative&quot;)" storage="c:\users\123\desktop\dev\orand-overnight-overlay-20260907-111725\tools\plannerevidencecapture.tests\bin\debug\net8.0-windows\plannerevidencecapture.tests.dll" id="7bfd89ec-7d28-9502-2349-8741c87554b7">
      <Execution id="148f82be-8f05-47f9-a2a9-b279b9c26dcb" />
      <TestMethod codeBase="C:\Users\123\Desktop\dev\orand-overnight-overlay-20260907-111725\tools\PlannerEvidenceCapture.Tests\bin\Debug\net8.0-windows\PlannerEvidenceCapture.Tests.dll" adapterTypeName="executor://xunit/VsTestRunner2/netcoreapp" className="PlannerEvidenceCapture.Tests.CaptureOutputScopeTests" name="RejectsNonLocalAbsolutePathsBeforeIo" />
    </UnitTest>
    <UnitTest name="PlannerEvidenceCapture.Tests.CaptureOutputScopeTests.ReservedDeviceNamesAreRejectedBeforeFileOpen(name: &quot;CON&quot;)" storage="c:\users\123\desktop\dev\orand-overnight-overlay-20260907-111725\tools\plannerevidencecapture.tests\bin\debug\net8.0-windows\plannerevidencecapture.tests.dll" id="d4d25310-0e6c-0c31-52d6-c89ff3f00ed8">
      <Execution id="ce1a4493-1654-44e7-b1e2-f58a0759d9e7" />
      <TestMethod codeBase="C:\Users\123\Desktop\dev\orand-overnight-overlay-20260907-111725\tools\PlannerEvidenceCapture.Tests\bin\Debug\net8.0-windows\PlannerEvidenceCapture.Tests.dll" adapterTypeName="executor://xunit/VsTestRunner2/netcoreapp" className="PlannerEvidenceCapture.Tests.CaptureOutputScopeTests" name="ReservedDeviceNamesAreRejectedBeforeFileOpen" />
    </UnitTest>
    <UnitTest name="PlannerEvidenceCapture.Tests.CaptureOutputScopeTests.OutputWritesAreCreateNewAndContained" storage="c:\users\123\desktop\dev\orand-overnight-overlay-20260907-111725\tools\plannerevidencecapture.tests\bin\debug\net8.0-windows\plannerevidencecapture.tests.dll" id="15a6d1c2-bc5b-c039-9599-f98f7a710f58">
      <Execution id="696bb37d-33ec-4e59-a829-22f4290a29f7" />
      <TestMethod codeBase="C:\Users\123\Desktop\dev\orand-overnight-overlay-20260907-111725\tools\PlannerEvidenceCapture.Tests\bin\Debug\net8.0-windows\PlannerEvidenceCapture.Tests.dll" adapterTypeName="executor://xunit/VsTestRunner2/netcoreapp" className="PlannerEvidenceCapture.Tests.CaptureOutputScopeTests" name="OutputWritesAreCreateNewAndContained" />
    </UnitTest>
    <UnitTest name="PlannerEvidenceCapture.Tests.CaptureOutputScopeTests.ReservedDeviceNamesAreRejectedBeforeFileOpen(name: &quot;LPT1.png&quot;)" storage="c:\users\123\desktop\dev\orand-overnight-overlay-20260907-111725\tools\plannerevidencecapture.tests\bin\debug\net8.0-windows\plannerevidencecapture.tests.dll" id="82ea1eb4-9142-b1fd-4dc5-bf24f901bfdd">
      <Execution id="0e5a4c91-7227-436b-baab-41954ab8150d" />
      <TestMethod codeBase="C:\Users\123\Desktop\dev\orand-overnight-overlay-20260907-111725\tools\PlannerEvidenceCapture.Tests\bin\Debug\net8.0-windows\PlannerEvidenceCapture.Tests.dll" adapterTypeName="executor://xunit/VsTestRunner2/netcoreapp" className="PlannerEvidenceCapture.Tests.CaptureOutputScopeTests" name="ReservedDeviceNamesAreRejectedBeforeFileOpen" />
    </UnitTest>
    <UnitTest name="PlannerEvidenceCapture.Tests.CaptureOutputScopeTests.ReservedDeviceNamesAreRejectedBeforeFileOpen(name: &quot;NUL.txt&quot;)" storage="c:\users\123\desktop\dev\orand-overnight-overlay-20260907-111725\tools\plannerevidencecapture.tests\bin\debug\net8.0-windows\plannerevidencecapture.tests.dll" id="9bd3e4dc-7b3c-a04a-004f-400663de7e2a">
      <Execution id="564af83f-1eaa-49e9-bf83-f83ff2dfb329" />
      <TestMethod codeBase="C:\Users\123\Desktop\dev\orand-overnight-overlay-20260907-111725\tools\PlannerEvidenceCapture.Tests\bin\Debug\net8.0-windows\PlannerEvidenceCapture.Tests.dll" adapterTypeName="executor://xunit/VsTestRunner2/netcoreapp" className="PlannerEvidenceCapture.Tests.CaptureOutputScopeTests" name="ReservedDeviceNamesAreRejectedBeforeFileOpen" />
    </UnitTest>
    <UnitTest name="PlannerEvidenceCapture.Tests.CaptureOutputScopeTests.RunDirectoryCannotBeRenamedWhileScopeIsAlive" storage="c:\users\123\desktop\dev\orand-overnight-overlay-20260907-111725\tools\plannerevidencecapture.tests\bin\debug\net8.0-windows\plannerevidencecapture.tests.dll" id="80ed0787-6303-b04d-e553-2b9f024bce55">
      <Execution id="e6523563-89e4-43b8-bf4f-db5317faf46d" />
      <TestMethod codeBase="C:\Users\123\Desktop\dev\orand-overnight-overlay-20260907-111725\tools\PlannerEvidenceCapture.Tests\bin\Debug\net8.0-windows\PlannerEvidenceCapture.Tests.dll" adapterTypeName="executor://xunit/VsTestRunner2/netcoreapp" className="PlannerEvidenceCapture.Tests.CaptureOutputScopeTests" name="RunDirectoryCannotBeRenamedWhileScopeIsAlive" />
    </UnitTest>
  </TestDefinitions>
  <TestEntries>
    <TestEntry testId="d4d25310-0e6c-0c31-52d6-c89ff3f00ed8" executionId="ce1a4493-1654-44e7-b1e2-f58a0759d9e7" testListId="8c84fa94-04c1-424b-9868-57a2d4851a1d" />
    <TestEntry testId="c28f37f5-7822-e649-7078-c9200360de70" executionId="a8b6f92b-5ba4-4a2f-843a-bda5043cae23" testListId="8c84fa94-04c1-424b-9868-57a2d4851a1d" />
    <TestEntry testId="5b2da5cb-41da-33f3-9d4e-55597e93b4bd" executionId="84491ad9-c5ee-4da7-93d2-cccc215ac012" testListId="8c84fa94-04c1-424b-9868-57a2d4851a1d" />
    <TestEntry testId="7bfd89ec-7d28-9502-2349-8741c87554b7" executionId="148f82be-8f05-47f9-a2a9-b279b9c26dcb" testListId="8c84fa94-04c1-424b-9868-57a2d4851a1d" />
    <TestEntry testId="82ea1eb4-9142-b1fd-4dc5-bf24f901bfdd" executionId="0e5a4c91-7227-436b-baab-41954ab8150d" testListId="8c84fa94-04c1-424b-9868-57a2d4851a1d" />
    <TestEntry testId="15a6d1c2-bc5b-c039-9599-f98f7a710f58" executionId="696bb37d-33ec-4e59-a829-22f4290a29f7" testListId="8c84fa94-04c1-424b-9868-57a2d4851a1d" />
    <TestEntry testId="80ed0787-6303-b04d-e553-2b9f024bce55" executionId="e6523563-89e4-43b8-bf4f-db5317faf46d" testListId="8c84fa94-04c1-424b-9868-57a2d4851a1d" />
    <TestEntry testId="9bd3e4dc-7b3c-a04a-004f-400663de7e2a" executionId="564af83f-1eaa-49e9-bf83-f83ff2dfb329" testListId="8c84fa94-04c1-424b-9868-57a2d4851a1d" />
    <TestEntry testId="6b9cd6b8-ebb8-0fc3-846e-cfe7773f7448" executionId="8391f990-8e70-4b74-a4bf-05f2e82fa8e5" testListId="8c84fa94-04c1-424b-9868-57a2d4851a1d" />
    <TestEntry testId="feea68fb-9cf7-a25e-3b65-736063739f10" executionId="f24c8ddf-0862-4caf-8e8f-763927f18805" testListId="8c84fa94-04c1-424b-9868-57a2d4851a1d" />
    <TestEntry testId="67a98265-ad9b-ef1d-c7d7-f16f4034ea34" executionId="49f992b2-cc04-4ad4-a9b1-b17e766137ac" testListId="8c84fa94-04c1-424b-9868-57a2d4851a1d" />
    <TestEntry testId="0e89d11e-3bc5-4781-7c2e-cb1dd9d0ce19" executionId="e84344fc-4ac1-4af1-9082-74a5aa2a7dab" testListId="8c84fa94-04c1-424b-9868-57a2d4851a1d" />
    <TestEntry testId="78fd6c8f-41c2-d9ae-0a7c-58dafccdeeb4" executionId="5c05a721-626d-4449-9c96-26f039d77ce0" testListId="8c84fa94-04c1-424b-9868-57a2d4851a1d" />
    <TestEntry testId="e72cdd98-98cd-bd89-7754-50c05c7ce646" executionId="37825163-76c1-4959-bf0b-1211ecde5ec8" testListId="8c84fa94-04c1-424b-9868-57a2d4851a1d" />
    <TestEntry testId="37dd5e02-edb8-4635-d2da-22277fa36199" executionId="d4b7e341-a50a-4bf6-b27c-ff1de95b1c4e" testListId="8c84fa94-04c1-424b-9868-57a2d4851a1d" />
    <TestEntry testId="42ac3b77-9d75-99b9-2173-44f801b6b3e2" executionId="f58fed4b-7ebb-4ef4-941b-8eef93777c4f" testListId="8c84fa94-04c1-424b-9868-57a2d4851a1d" />
    <TestEntry testId="39d4295f-22df-487c-e998-caf3aaa8d445" executionId="d63ba26d-3a9a-4825-a47f-b7820d7d03ca" testListId="8c84fa94-04c1-424b-9868-57a2d4851a1d" />
    <TestEntry testId="848940b1-abab-d1dd-e2d4-4d08bbc9d04c" executionId="877a084d-61b3-4850-a10d-0db01e43169a" testListId="8c84fa94-04c1-424b-9868-57a2d4851a1d" />
    <TestEntry testId="290c080d-a865-7d5d-c2e7-52ce209aef84" executionId="40fda625-27b6-4a4c-bb98-017a18a1405a" testListId="8c84fa94-04c1-424b-9868-57a2d4851a1d" />
  </TestEntries>
  <TestLists>
    <TestList name="목록에 없는 결과" id="8c84fa94-04c1-424b-9868-57a2d4851a1d" />
    <TestList name="로드된 모든 결과" id="19431567-8539-422a-85d7-44ee4e166bda" />
  </TestLists>
  <ResultSummary outcome="Completed">
    <Counters total="19" executed="18" passed="18" failed="0" error="0" timeout="0" aborted="0" inconclusive="0" passedButRunAborted="0" notRunnable="0" notExecuted="0" disconnected="0" warning="0" completed="0" inProgress="0" pending="0" />
    <Output>
      <StdOut>[xUnit.net 00:00:00.00] xUnit.net VSTest Adapter v2.8.2+699d445a1a (64-bit .NET 8.0.24)&#xD;
[xUnit.net 00:00:00.03]   Discovering: PlannerEvidenceCapture.Tests&#xD;
[xUnit.net 00:00:00.05]   Discovered:  PlannerEvidenceCapture.Tests&#xD;
[xUnit.net 00:00:00.06]   Starting:    PlannerEvidenceCapture.Tests&#xD;
[xUnit.net 00:00:00.10]       Host lacks CreateSymbolicLink privilege; no elevation or policy change. Reparse mask is covered with fake attributes.&#xD;
테스트 실행에서 ‘PlannerEvidenceCapture.Tests.CaptureOutputScopeTests.RejectsSymbolicLinkParentWithoutWritingToTarget’ 테스트를 건너뛰었습니다.&#xD;
[xUnit.net 00:00:00.11]   Finished:    PlannerEvidenceCapture.Tests&#xD;
</StdOut>
    </Output>
    <RunInfos>
      <RunInfo computerName="DESKTOP-SR3Q9NW" outcome="Warning" timestamp="2026-09-07T19:30:34.6081788+09:00">
        <Text>[xUnit.net 00:00:00.10]     PlannerEvidenceCapture.Tests.CaptureOutputScopeTests.RejectsSymbolicLinkParentWithoutWritingToTarget [SKIP]</Text>
      </RunInfo>
    </RunInfos>
  </ResultSummary>
</TestRun>