<?xml version="1.0" encoding="utf-8"?>
<TestRun id="35bc2865-4ca6-41ba-9a3b-d144ae8d0be2" name="123@DESKTOP-SR3Q9NW 2026-09-07 18:50:18" runUser="DESKTOP-SR3Q9NW\123" xmlns="http://microsoft.com/schemas/VisualStudio/TeamTest/2010">
  <Times creation="2026-09-07T18:50:18.8918396+09:00" queuing="2026-09-07T18:50:18.8918397+09:00" start="2026-09-07T18:50:18.3987189+09:00" finish="2026-09-07T18:50:18.9661385+09:00" />
  <TestSettings name="default" id="b755bb68-35d6-498a-b535-b58c9cc4abd9">
    <Deployment runDeploymentRoot="123_DESKTOP-SR3Q9NW_2026-09-07_18_50_18" />
  </TestSettings>
  <Results>
    <UnitTestResult executionId="8401c844-2987-488c-a46b-9e346eab67b1" testId="b49e2277-8c0e-8b2e-c8e8-b920e8769d25" testName="OrandOverlay.Tests.ExecutionContextBehaviorTests.Diagnostics_NonemptyResultsAreDeduplicatedAndSinkFailureIsNonfatal" computerName="DESKTOP-SR3Q9NW" duration="00:00:00.0005078" startTime="2026-09-07T18:50:18.9294886+09:00" endTime="2026-09-07T18:50:18.9294887+09:00" testType="13cdc9d9-ddb5-4fa4-a97d-d965ccfc6d4b" outcome="Passed" testListId="8c84fa94-04c1-424b-9868-57a2d4851a1d" relativeResultsDirectory="8401c844-2987-488c-a46b-9e346eab67b1" />
    <UnitTestResult executionId="dd22da83-5cf0-4c25-825c-2abc56d2bd18" testId="bf65c335-6b58-5c12-1c3c-cc790c22a95a" testName="OrandOverlay.Tests.ExecutionContextIsolationTests.AppPaths_GettersMustNotCreateDirectories" computerName="DESKTOP-SR3Q9NW" duration="00:00:00.0044240" startTime="2026-09-07T18:50:18.8744420+09:00" endTime="2026-09-07T18:50:18.8744422+09:00" testType="13cdc9d9-ddb5-4fa4-a97d-d965ccfc6d4b" outcome="Passed" testListId="8c84fa94-04c1-424b-9868-57a2d4851a1d" relativeResultsDirectory="dd22da83-5cf0-4c25-825c-2abc56d2bd18" />
    <UnitTestResult executionId="cf96888f-d570-436f-b88d-e86c3f565fbf" testId="a8a33dc0-a326-fa7d-0f89-9a203a3313be" testName="OrandOverlay.Tests.SettingsStoreTests.SaveLoad_PreservesValuesAndNormalizesAutomaticNavigation" computerName="DESKTOP-SR3Q9NW" duration="00:00:00.0023887" startTime="2026-09-07T18:50:18.8745327+09:00" endTime="2026-09-07T18:50:18.8745327+09:00" testType="13cdc9d9-ddb5-4fa4-a97d-d965ccfc6d4b" outcome="Passed" testListId="8c84fa94-04c1-424b-9868-57a2d4851a1d" relativeResultsDirectory="cf96888f-d570-436f-b88d-e86c3f565fbf" />
    <UnitTestResult executionId="cd6613b1-9654-44c9-862d-31006597e55f" testId="faac4a4b-e1b0-2b53-d2e1-bcff6552a83f" testName="OrandOverlay.Tests.ExecutionContextBehaviorTests.ProductionAdapters_UseOnlyExplicitTemporaryRootAndRetainBehavior" computerName="DESKTOP-SR3Q9NW" duration="00:00:00.0117361" startTime="2026-09-07T18:50:18.9286855+09:00" endTime="2026-09-07T18:50:18.9286857+09:00" testType="13cdc9d9-ddb5-4fa4-a97d-d965ccfc6d4b" outcome="Passed" testListId="8c84fa94-04c1-424b-9868-57a2d4851a1d" relativeResultsDirectory="cd6613b1-9654-44c9-862d-31006597e55f" />
    <UnitTestResult executionId="caccedee-2da1-4735-add1-df752acd7931" testId="275a5635-cc77-46d2-1cef-28cd6cc922dc" testName="OrandOverlay.Tests.SettingsStoreTests.Save_LeavesNoTempFileBehind" computerName="DESKTOP-SR3Q9NW" duration="00:00:00.0011520" startTime="2026-09-07T18:50:18.8625680+09:00" endTime="2026-09-07T18:50:18.8625681+09:00" testType="13cdc9d9-ddb5-4fa4-a97d-d965ccfc6d4b" outcome="Passed" testListId="8c84fa94-04c1-424b-9868-57a2d4851a1d" relativeResultsDirectory="caccedee-2da1-4735-add1-df752acd7931" />
    <UnitTestResult executionId="ac37c1c9-8430-4290-b0d4-b13ae7ceb4bf" testId="e232cdb1-9489-a6ba-68d9-d4ca50dce234" testName="OrandOverlay.Tests.RuntimeIsolationTests.InertTelemetryNeverTouchesQueueOrTransportEvenAfterEnable" computerName="DESKTOP-SR3Q9NW" duration="00:00:00.0078403" startTime="2026-09-07T18:50:18.8404447+09:00" endTime="2026-09-07T18:50:18.8404447+09:00" testType="13cdc9d9-ddb5-4fa4-a97d-d965ccfc6d4b" outcome="Passed" testListId="8c84fa94-04c1-424b-9868-57a2d4851a1d" relativeResultsDirectory="ac37c1c9-8430-4290-b0d4-b13ae7ceb4bf" />
    <UnitTestResult executionId="30a0517c-39df-4e70-86f5-53a8244955f4" testId="0e7444e6-81a3-c448-e743-ee763b2c1c51" testName="OrandOverlay.Tests.ExecutionContextIsolationTests.UnitSuite_MustNotAutomaticallyRunLocalArchiveIntegration" computerName="DESKTOP-SR3Q9NW" duration="00:00:00.0003503" startTime="2026-09-07T18:50:18.8745755+09:00" endTime="2026-09-07T18:50:18.8745755+09:00" testType="13cdc9d9-ddb5-4fa4-a97d-d965ccfc6d4b" outcome="Passed" testListId="8c84fa94-04c1-424b-9868-57a2d4851a1d" relativeResultsDirectory="30a0517c-39df-4e70-86f5-53a8244955f4" />
    <UnitTestResult executionId="6f6c0da7-c2de-4c78-9a2b-38adaddd27b6" testId="9dce6d8f-52d7-dbb7-6b3e-f6a9aebe1bcf" testName="OrandOverlay.Tests.ExecutionContextIsolationTests.LiveReader_CacheAndProfilesMustBeInstanceOwned" computerName="DESKTOP-SR3Q9NW" duration="00:00:00.0013610" startTime="2026-09-07T18:50:18.8768819+09:00" endTime="2026-09-07T18:50:18.8768820+09:00" testType="13cdc9d9-ddb5-4fa4-a97d-d965ccfc6d4b" outcome="Passed" testListId="8c84fa94-04c1-424b-9868-57a2d4851a1d" relativeResultsDirectory="6f6c0da7-c2de-4c78-9a2b-38adaddd27b6" />
    <UnitTestResult executionId="ba24bf2a-66a7-406b-b7af-8ba584cd0009" testId="7ad6a2eb-a531-dec3-9d7d-c963ae16501b" testName="OrandOverlay.Tests.ExecutionContextIsolationTests.WindowAndApp_RequireExplicitExecutionContext" computerName="DESKTOP-SR3Q9NW" duration="00:00:00.0056676" startTime="2026-09-07T18:50:18.8745457+09:00" endTime="2026-09-07T18:50:18.8745457+09:00" testType="13cdc9d9-ddb5-4fa4-a97d-d965ccfc6d4b" outcome="Passed" testListId="8c84fa94-04c1-424b-9868-57a2d4851a1d" relativeResultsDirectory="ba24bf2a-66a7-406b-b7af-8ba584cd0009" />
    <UnitTestResult executionId="59d639ce-6f63-4740-bced-a3b7ac2f5c81" testId="12091d11-e89c-480e-2df9-848ffc995c5f" testName="OrandOverlay.Tests.ExecutionContextIsolationTests.FixtureSettings_SaveAndReloadRemainInMemoryAndDetached" computerName="DESKTOP-SR3Q9NW" duration="00:00:00.0266066" startTime="2026-09-07T18:50:18.8591648+09:00" endTime="2026-09-07T18:50:18.8591650+09:00" testType="13cdc9d9-ddb5-4fa4-a97d-d965ccfc6d4b" outcome="Passed" testListId="8c84fa94-04c1-424b-9868-57a2d4851a1d" relativeResultsDirectory="59d639ce-6f63-4740-bced-a3b7ac2f5c81" />
    <UnitTestResult executionId="d847c155-792d-42af-9364-bfad5ce04b0a" testId="c273f980-0bf7-77a7-df90-fbd6fdf1275c" testName="OrandOverlay.Tests.ExecutionContextIsolationTests.NativeAndNetworkEntryPointsMustUseContextAuthority" computerName="DESKTOP-SR3Q9NW" duration="00:00:00.0051336" startTime="2026-09-07T18:50:18.8754958+09:00" endTime="2026-09-07T18:50:18.8754959+09:00" testType="13cdc9d9-ddb5-4fa4-a97d-d965ccfc6d4b" outcome="Passed" testListId="8c84fa94-04c1-424b-9868-57a2d4851a1d" relativeResultsDirectory="d847c155-792d-42af-9364-bfad5ce04b0a" />
    <UnitTestResult executionId="b14b5f72-9e6a-4e0d-af2a-b369f088811a" testId="faf00dfb-c193-0e00-37a6-e35337153399" testName="OrandOverlay.Tests.SettingsStoreTests.Load_ValidFile_IsNotQuarantined" computerName="DESKTOP-SR3Q9NW" duration="00:00:00.0061307" startTime="2026-09-07T18:50:18.8599372+09:00" endTime="2026-09-07T18:50:18.8599373+09:00" testType="13cdc9d9-ddb5-4fa4-a97d-d965ccfc6d4b" outcome="Passed" testListId="8c84fa94-04c1-424b-9868-57a2d4851a1d" relativeResultsDirectory="b14b5f72-9e6a-4e0d-af2a-b369f088811a" />
    <UnitTestResult executionId="647cb889-50c4-4610-bdcf-9b01fb55527c" testId="1e0689ca-e13e-1fe3-c86c-841a932cc250" testName="OrandOverlay.Tests.ExecutionContextBehaviorTests.FixtureComposition_HasNoPersistentOrRuntimeCapabilities" computerName="DESKTOP-SR3Q9NW" duration="00:00:00.0842680" startTime="2026-09-07T18:50:18.9168583+09:00" endTime="2026-09-07T18:50:18.9168585+09:00" testType="13cdc9d9-ddb5-4fa4-a97d-d965ccfc6d4b" outcome="Passed" testListId="8c84fa94-04c1-424b-9868-57a2d4851a1d" relativeResultsDirectory="647cb889-50c4-4610-bdcf-9b01fb55527c" />
    <UnitTestResult executionId="7b1ab2f2-71d0-40ea-8958-43ad280c3313" testId="0b3071b9-a6d0-cee5-58a4-09316c5a734b" testName="OrandOverlay.Tests.ControlledRecognitionSeamTests.NonRuntimeRecognitionHasExplicitControlledResultEntryPoint" computerName="DESKTOP-SR3Q9NW" duration="00:00:00.0051856" startTime="2026-09-07T18:50:18.8391481+09:00" endTime="2026-09-07T18:50:18.8391567+09:00" testType="13cdc9d9-ddb5-4fa4-a97d-d965ccfc6d4b" outcome="Passed" testListId="8c84fa94-04c1-424b-9868-57a2d4851a1d" relativeResultsDirectory="7b1ab2f2-71d0-40ea-8958-43ad280c3313" />
    <UnitTestResult executionId="ea85845b-0ebb-4813-98a8-613286b45eb8" testId="593634d1-60ef-3de1-8276-eddb47eea3bc" testName="OrandOverlay.Tests.SettingsStoreTests.Save_ToInvalidDirectory_ThrowsLikeBefore" computerName="DESKTOP-SR3Q9NW" duration="00:00:00.0013619" startTime="2026-09-07T18:50:18.8613678+09:00" endTime="2026-09-07T18:50:18.8613678+09:00" testType="13cdc9d9-ddb5-4fa4-a97d-d965ccfc6d4b" outcome="Passed" testListId="8c84fa94-04c1-424b-9868-57a2d4851a1d" relativeResultsDirectory="ea85845b-0ebb-4813-98a8-613286b45eb8" />
    <UnitTestResult executionId="1234f908-d559-4c15-9448-c4a1c67aa99f" testId="06120ac9-990d-e780-e525-1b994db3f952" testName="OrandOverlay.Tests.SettingsStoreTests.Load_CorruptFile_ReturnsDefaults_AndQuarantinesOriginal" computerName="DESKTOP-SR3Q9NW" duration="00:00:00.0215621" startTime="2026-09-07T18:50:18.8537466+09:00" endTime="2026-09-07T18:50:18.8537468+09:00" testType="13cdc9d9-ddb5-4fa4-a97d-d965ccfc6d4b" outcome="Passed" testListId="8c84fa94-04c1-424b-9868-57a2d4851a1d" relativeResultsDirectory="1234f908-d559-4c15-9448-c4a1c67aa99f" />
    <UnitTestResult executionId="81742580-1026-4603-be1a-25ae8b3c485d" testId="be40df1e-a301-063a-646a-6a04a10e6dd3" testName="OrandOverlay.Tests.ExecutionContextIsolationTests.Catalog_DefaultLoadingMustNotResolveSharedOverrides" computerName="DESKTOP-SR3Q9NW" duration="00:00:00.0005572" startTime="2026-09-07T18:50:18.8745591+09:00" endTime="2026-09-07T18:50:18.8745591+09:00" testType="13cdc9d9-ddb5-4fa4-a97d-d965ccfc6d4b" outcome="Passed" testListId="8c84fa94-04c1-424b-9868-57a2d4851a1d" relativeResultsDirectory="81742580-1026-4603-be1a-25ae8b3c485d" />
  </Results>
  <TestDefinitions>
    <UnitTest name="OrandOverlay.Tests.SettingsStoreTests.Save_LeavesNoTempFileBehind" storage="c:\users\123\desktop\dev\orand-overnight-overlay-20260907-111725\orandoverlay.tests\bin\debug\net8.0-windows\orandoverlay.tests.dll" id="275a5635-cc77-46d2-1cef-28cd6cc922dc">
      <Execution id="caccedee-2da1-4735-add1-df752acd7931" />
      <TestMethod codeBase="C:\Users\123\Desktop\dev\orand-overnight-overlay-20260907-111725\OrandOverlay.Tests\bin\Debug\net8.0-windows\OrandOverlay.Tests.dll" adapterTypeName="executor://xunit/VsTestRunner2/netcoreapp" className="OrandOverlay.Tests.SettingsStoreTests" name="Save_LeavesNoTempFileBehind" />
    </UnitTest>
    <UnitTest name="OrandOverlay.Tests.RuntimeIsolationTests.InertTelemetryNeverTouchesQueueOrTransportEvenAfterEnable" storage="c:\users\123\desktop\dev\orand-overnight-overlay-20260907-111725\orandoverlay.tests\bin\debug\net8.0-windows\orandoverlay.tests.dll" id="e232cdb1-9489-a6ba-68d9-d4ca50dce234">
      <Execution id="ac37c1c9-8430-4290-b0d4-b13ae7ceb4bf" />
      <TestMethod codeBase="C:\Users\123\Desktop\dev\orand-overnight-overlay-20260907-111725\OrandOverlay.Tests\bin\Debug\net8.0-windows\OrandOverlay.Tests.dll" adapterTypeName="executor://xunit/VsTestRunner2/netcoreapp" className="OrandOverlay.Tests.RuntimeIsolationTests" name="InertTelemetryNeverTouchesQueueOrTransportEvenAfterEnable" />
    </UnitTest>
    <UnitTest name="OrandOverlay.Tests.ExecutionContextIsolationTests.WindowAndApp_RequireExplicitExecutionContext" storage="c:\users\123\desktop\dev\orand-overnight-overlay-20260907-111725\orandoverlay.tests\bin\debug\net8.0-windows\orandoverlay.tests.dll" id="7ad6a2eb-a531-dec3-9d7d-c963ae16501b">
      <Execution id="ba24bf2a-66a7-406b-b7af-8ba584cd0009" />
      <TestMethod codeBase="C:\Users\123\Desktop\dev\orand-overnight-overlay-20260907-111725\OrandOverlay.Tests\bin\Debug\net8.0-windows\OrandOverlay.Tests.dll" adapterTypeName="executor://xunit/VsTestRunner2/netcoreapp" className="OrandOverlay.Tests.ExecutionContextIsolationTests" name="WindowAndApp_RequireExplicitExecutionContext" />
    </UnitTest>
    <UnitTest name="OrandOverlay.Tests.SettingsStoreTests.Load_ValidFile_IsNotQuarantined" storage="c:\users\123\desktop\dev\orand-overnight-overlay-20260907-111725\orandoverlay.tests\bin\debug\net8.0-windows\orandoverlay.tests.dll" id="faf00dfb-c193-0e00-37a6-e35337153399">
      <Execution id="b14b5f72-9e6a-4e0d-af2a-b369f088811a" />
      <TestMethod codeBase="C:\Users\123\Desktop\dev\orand-overnight-overlay-20260907-111725\OrandOverlay.Tests\bin\Debug\net8.0-windows\OrandOverlay.Tests.dll" adapterTypeName="executor://xunit/VsTestRunner2/netcoreapp" className="OrandOverlay.Tests.SettingsStoreTests" name="Load_ValidFile_IsNotQuarantined" />
    </UnitTest>
    <UnitTest name="OrandOverlay.Tests.SettingsStoreTests.SaveLoad_PreservesValuesAndNormalizesAutomaticNavigation" storage="c:\users\123\desktop\dev\orand-overnight-overlay-20260907-111725\orandoverlay.tests\bin\debug\net8.0-windows\orandoverlay.tests.dll" id="a8a33dc0-a326-fa7d-0f89-9a203a3313be">
      <Execution id="cf96888f-d570-436f-b88d-e86c3f565fbf" />
      <TestMethod codeBase="C:\Users\123\Desktop\dev\orand-overnight-overlay-20260907-111725\OrandOverlay.Tests\bin\Debug\net8.0-windows\OrandOverlay.Tests.dll" adapterTypeName="executor://xunit/VsTestRunner2/netcoreapp" className="OrandOverlay.Tests.SettingsStoreTests" name="SaveLoad_PreservesValuesAndNormalizesAutomaticNavigation" />
    </UnitTest>
    <UnitTest name="OrandOverlay.Tests.SettingsStoreTests.Load_CorruptFile_ReturnsDefaults_AndQuarantinesOriginal" storage="c:\users\123\desktop\dev\orand-overnight-overlay-20260907-111725\orandoverlay.tests\bin\debug\net8.0-windows\orandoverlay.tests.dll" id="06120ac9-990d-e780-e525-1b994db3f952">
      <Execution id="1234f908-d559-4c15-9448-c4a1c67aa99f" />
      <TestMethod codeBase="C:\Users\123\Desktop\dev\orand-overnight-overlay-20260907-111725\OrandOverlay.Tests\bin\Debug\net8.0-windows\OrandOverlay.Tests.dll" adapterTypeName="executor://xunit/VsTestRunner2/netcoreapp" className="OrandOverlay.Tests.SettingsStoreTests" name="Load_CorruptFile_ReturnsDefaults_AndQuarantinesOriginal" />
    </UnitTest>
    <UnitTest name="OrandOverlay.Tests.ExecutionContextBehaviorTests.Diagnostics_NonemptyResultsAreDeduplicatedAndSinkFailureIsNonfatal" storage="c:\users\123\desktop\dev\orand-overnight-overlay-20260907-111725\orandoverlay.tests\bin\debug\net8.0-windows\orandoverlay.tests.dll" id="b49e2277-8c0e-8b2e-c8e8-b920e8769d25">
      <Execution id="8401c844-2987-488c-a46b-9e346eab67b1" />
      <TestMethod codeBase="C:\Users\123\Desktop\dev\orand-overnight-overlay-20260907-111725\OrandOverlay.Tests\bin\Debug\net8.0-windows\OrandOverlay.Tests.dll" adapterTypeName="executor://xunit/VsTestRunner2/netcoreapp" className="OrandOverlay.Tests.ExecutionContextBehaviorTests" name="Diagnostics_NonemptyResultsAreDeduplicatedAndSinkFailureIsNonfatal" />
    </UnitTest>
    <UnitTest name="OrandOverlay.Tests.SettingsStoreTests.Save_ToInvalidDirectory_ThrowsLikeBefore" storage="c:\users\123\desktop\dev\orand-overnight-overlay-20260907-111725\orandoverlay.tests\bin\debug\net8.0-windows\orandoverlay.tests.dll" id="593634d1-60ef-3de1-8276-eddb47eea3bc">
      <Execution id="ea85845b-0ebb-4813-98a8-613286b45eb8" />
      <TestMethod codeBase="C:\Users\123\Desktop\dev\orand-overnight-overlay-20260907-111725\OrandOverlay.Tests\bin\Debug\net8.0-windows\OrandOverlay.Tests.dll" adapterTypeName="executor://xunit/VsTestRunner2/netcoreapp" className="OrandOverlay.Tests.SettingsStoreTests" name="Save_ToInvalidDirectory_ThrowsLikeBefore" />
    </UnitTest>
    <UnitTest name="OrandOverlay.Tests.ExecutionContextIsolationTests.NativeAndNetworkEntryPointsMustUseContextAuthority" storage="c:\users\123\desktop\dev\orand-overnight-overlay-20260907-111725\orandoverlay.tests\bin\debug\net8.0-windows\orandoverlay.tests.dll" id="c273f980-0bf7-77a7-df90-fbd6fdf1275c">
      <Execution id="d847c155-792d-42af-9364-bfad5ce04b0a" />
      <TestMethod codeBase="C:\Users\123\Desktop\dev\orand-overnight-overlay-20260907-111725\OrandOverlay.Tests\bin\Debug\net8.0-windows\OrandOverlay.Tests.dll" adapterTypeName="executor://xunit/VsTestRunner2/netcoreapp" className="OrandOverlay.Tests.ExecutionContextIsolationTests" name="NativeAndNetworkEntryPointsMustUseContextAuthority" />
    </UnitTest>
    <UnitTest name="OrandOverlay.Tests.ExecutionContextIsolationTests.Catalog_DefaultLoadingMustNotResolveSharedOverrides" storage="c:\users\123\desktop\dev\orand-overnight-overlay-20260907-111725\orandoverlay.tests\bin\debug\net8.0-windows\orandoverlay.tests.dll" id="be40df1e-a301-063a-646a-6a04a10e6dd3">
      <Execution id="81742580-1026-4603-be1a-25ae8b3c485d" />
      <TestMethod codeBase="C:\Users\123\Desktop\dev\orand-overnight-overlay-20260907-111725\OrandOverlay.Tests\bin\Debug\net8.0-windows\OrandOverlay.Tests.dll" adapterTypeName="executor://xunit/VsTestRunner2/netcoreapp" className="OrandOverlay.Tests.ExecutionContextIsolationTests" name="Catalog_DefaultLoadingMustNotResolveSharedOverrides" />
    </UnitTest>
    <UnitTest name="OrandOverlay.Tests.ControlledRecognitionSeamTests.NonRuntimeRecognitionHasExplicitControlledResultEntryPoint" storage="c:\users\123\desktop\dev\orand-overnight-overlay-20260907-111725\orandoverlay.tests\bin\debug\net8.0-windows\orandoverlay.tests.dll" id="0b3071b9-a6d0-cee5-58a4-09316c5a734b">
      <Execution id="7b1ab2f2-71d0-40ea-8958-43ad280c3313" />
      <TestMethod codeBase="C:\Users\123\Desktop\dev\orand-overnight-overlay-20260907-111725\OrandOverlay.Tests\bin\Debug\net8.0-windows\OrandOverlay.Tests.dll" adapterTypeName="executor://xunit/VsTestRunner2/netcoreapp" className="OrandOverlay.Tests.ControlledRecognitionSeamTests" name="NonRuntimeRecognitionHasExplicitControlledResultEntryPoint" />
    </UnitTest>
    <UnitTest name="OrandOverlay.Tests.ExecutionContextBehaviorTests.FixtureComposition_HasNoPersistentOrRuntimeCapabilities" storage="c:\users\123\desktop\dev\orand-overnight-overlay-20260907-111725\orandoverlay.tests\bin\debug\net8.0-windows\orandoverlay.tests.dll" id="1e0689ca-e13e-1fe3-c86c-841a932cc250">
      <Execution id="647cb889-50c4-4610-bdcf-9b01fb55527c" />
      <TestMethod codeBase="C:\Users\123\Desktop\dev\orand-overnight-overlay-20260907-111725\OrandOverlay.Tests\bin\Debug\net8.0-windows\OrandOverlay.Tests.dll" adapterTypeName="executor://xunit/VsTestRunner2/netcoreapp" className="OrandOverlay.Tests.ExecutionContextBehaviorTests" name="FixtureComposition_HasNoPersistentOrRuntimeCapabilities" />
    </UnitTest>
    <UnitTest name="OrandOverlay.Tests.ExecutionContextIsolationTests.LiveReader_CacheAndProfilesMustBeInstanceOwned" storage="c:\users\123\desktop\dev\orand-overnight-overlay-20260907-111725\orandoverlay.tests\bin\debug\net8.0-windows\orandoverlay.tests.dll" id="9dce6d8f-52d7-dbb7-6b3e-f6a9aebe1bcf">
      <Execution id="6f6c0da7-c2de-4c78-9a2b-38adaddd27b6" />
      <TestMethod codeBase="C:\Users\123\Desktop\dev\orand-overnight-overlay-20260907-111725\OrandOverlay.Tests\bin\Debug\net8.0-windows\OrandOverlay.Tests.dll" adapterTypeName="executor://xunit/VsTestRunner2/netcoreapp" className="OrandOverlay.Tests.ExecutionContextIsolationTests" name="LiveReader_CacheAndProfilesMustBeInstanceOwned" />
    </UnitTest>
    <UnitTest name="OrandOverlay.Tests.ExecutionContextIsolationTests.UnitSuite_MustNotAutomaticallyRunLocalArchiveIntegration" storage="c:\users\123\desktop\dev\orand-overnight-overlay-20260907-111725\orandoverlay.tests\bin\debug\net8.0-windows\orandoverlay.tests.dll" id="0e7444e6-81a3-c448-e743-ee763b2c1c51">
      <Execution id="30a0517c-39df-4e70-86f5-53a8244955f4" />
      <TestMethod codeBase="C:\Users\123\Desktop\dev\orand-overnight-overlay-20260907-111725\OrandOverlay.Tests\bin\Debug\net8.0-windows\OrandOverlay.Tests.dll" adapterTypeName="executor://xunit/VsTestRunner2/netcoreapp" className="OrandOverlay.Tests.ExecutionContextIsolationTests" name="UnitSuite_MustNotAutomaticallyRunLocalArchiveIntegration" />
    </UnitTest>
    <UnitTest name="OrandOverlay.Tests.ExecutionContextBehaviorTests.ProductionAdapters_UseOnlyExplicitTemporaryRootAndRetainBehavior" storage="c:\users\123\desktop\dev\orand-overnight-overlay-20260907-111725\orandoverlay.tests\bin\debug\net8.0-windows\orandoverlay.tests.dll" id="faac4a4b-e1b0-2b53-d2e1-bcff6552a83f">
      <Execution id="cd6613b1-9654-44c9-862d-31006597e55f" />
      <TestMethod codeBase="C:\Users\123\Desktop\dev\orand-overnight-overlay-20260907-111725\OrandOverlay.Tests\bin\Debug\net8.0-windows\OrandOverlay.Tests.dll" adapterTypeName="executor://xunit/VsTestRunner2/netcoreapp" className="OrandOverlay.Tests.ExecutionContextBehaviorTests" name="ProductionAdapters_UseOnlyExplicitTemporaryRootAndRetainBehavior" />
    </UnitTest>
    <UnitTest name="OrandOverlay.Tests.ExecutionContextIsolationTests.AppPaths_GettersMustNotCreateDirectories" storage="c:\users\123\desktop\dev\orand-overnight-overlay-20260907-111725\orandoverlay.tests\bin\debug\net8.0-windows\orandoverlay.tests.dll" id="bf65c335-6b58-5c12-1c3c-cc790c22a95a">
      <Execution id="dd22da83-5cf0-4c25-825c-2abc56d2bd18" />
      <TestMethod codeBase="C:\Users\123\Desktop\dev\orand-overnight-overlay-20260907-111725\OrandOverlay.Tests\bin\Debug\net8.0-windows\OrandOverlay.Tests.dll" adapterTypeName="executor://xunit/VsTestRunner2/netcoreapp" className="OrandOverlay.Tests.ExecutionContextIsolationTests" name="AppPaths_GettersMustNotCreateDirectories" />
    </UnitTest>
    <UnitTest name="OrandOverlay.Tests.ExecutionContextIsolationTests.FixtureSettings_SaveAndReloadRemainInMemoryAndDetached" storage="c:\users\123\desktop\dev\orand-overnight-overlay-20260907-111725\orandoverlay.tests\bin\debug\net8.0-windows\orandoverlay.tests.dll" id="12091d11-e89c-480e-2df9-848ffc995c5f">
      <Execution id="59d639ce-6f63-4740-bced-a3b7ac2f5c81" />
      <TestMethod codeBase="C:\Users\123\Desktop\dev\orand-overnight-overlay-20260907-111725\OrandOverlay.Tests\bin\Debug\net8.0-windows\OrandOverlay.Tests.dll" adapterTypeName="executor://xunit/VsTestRunner2/netcoreapp" className="OrandOverlay.Tests.ExecutionContextIsolationTests" name="FixtureSettings_SaveAndReloadRemainInMemoryAndDetached" />
    </UnitTest>
  </TestDefinitions>
  <TestEntries>
    <TestEntry testId="b49e2277-8c0e-8b2e-c8e8-b920e8769d25" executionId="8401c844-2987-488c-a46b-9e346eab67b1" testListId="8c84fa94-04c1-424b-9868-57a2d4851a1d" />
    <TestEntry testId="bf65c335-6b58-5c12-1c3c-cc790c22a95a" executionId="dd22da83-5cf0-4c25-825c-2abc56d2bd18" testListId="8c84fa94-04c1-424b-9868-57a2d4851a1d" />
    <TestEntry testId="a8a33dc0-a326-fa7d-0f89-9a203a3313be" executionId="cf96888f-d570-436f-b88d-e86c3f565fbf" testListId="8c84fa94-04c1-424b-9868-57a2d4851a1d" />
    <TestEntry testId="faac4a4b-e1b0-2b53-d2e1-bcff6552a83f" executionId="cd6613b1-9654-44c9-862d-31006597e55f" testListId="8c84fa94-04c1-424b-9868-57a2d4851a1d" />
    <TestEntry testId="275a5635-cc77-46d2-1cef-28cd6cc922dc" executionId="caccedee-2da1-4735-add1-df752acd7931" testListId="8c84fa94-04c1-424b-9868-57a2d4851a1d" />
    <TestEntry testId="e232cdb1-9489-a6ba-68d9-d4ca50dce234" executionId="ac37c1c9-8430-4290-b0d4-b13ae7ceb4bf" testListId="8c84fa94-04c1-424b-9868-57a2d4851a1d" />
    <TestEntry testId="0e7444e6-81a3-c448-e743-ee763b2c1c51" executionId="30a0517c-39df-4e70-86f5-53a8244955f4" testListId="8c84fa94-04c1-424b-9868-57a2d4851a1d" />
    <TestEntry testId="9dce6d8f-52d7-dbb7-6b3e-f6a9aebe1bcf" executionId="6f6c0da7-c2de-4c78-9a2b-38adaddd27b6" testListId="8c84fa94-04c1-424b-9868-57a2d4851a1d" />
    <TestEntry testId="7ad6a2eb-a531-dec3-9d7d-c963ae16501b" executionId="ba24bf2a-66a7-406b-b7af-8ba584cd0009" testListId="8c84fa94-04c1-424b-9868-57a2d4851a1d" />
    <TestEntry testId="12091d11-e89c-480e-2df9-848ffc995c5f" executionId="59d639ce-6f63-4740-bced-a3b7ac2f5c81" testListId="8c84fa94-04c1-424b-9868-57a2d4851a1d" />
    <TestEntry testId="c273f980-0bf7-77a7-df90-fbd6fdf1275c" executionId="d847c155-792d-42af-9364-bfad5ce04b0a" testListId="8c84fa94-04c1-424b-9868-57a2d4851a1d" />
    <TestEntry testId="faf00dfb-c193-0e00-37a6-e35337153399" executionId="b14b5f72-9e6a-4e0d-af2a-b369f088811a" testListId="8c84fa94-04c1-424b-9868-57a2d4851a1d" />
    <TestEntry testId="1e0689ca-e13e-1fe3-c86c-841a932cc250" executionId="647cb889-50c4-4610-bdcf-9b01fb55527c" testListId="8c84fa94-04c1-424b-9868-57a2d4851a1d" />
    <TestEntry testId="0b3071b9-a6d0-cee5-58a4-09316c5a734b" executionId="7b1ab2f2-71d0-40ea-8958-43ad280c3313" testListId="8c84fa94-04c1-424b-9868-57a2d4851a1d" />
    <TestEntry testId="593634d1-60ef-3de1-8276-eddb47eea3bc" executionId="ea85845b-0ebb-4813-98a8-613286b45eb8" testListId="8c84fa94-04c1-424b-9868-57a2d4851a1d" />
    <TestEntry testId="06120ac9-990d-e780-e525-1b994db3f952" executionId="1234f908-d559-4c15-9448-c4a1c67aa99f" testListId="8c84fa94-04c1-424b-9868-57a2d4851a1d" />
    <TestEntry testId="be40df1e-a301-063a-646a-6a04a10e6dd3" executionId="81742580-1026-4603-be1a-25ae8b3c485d" testListId="8c84fa94-04c1-424b-9868-57a2d4851a1d" />
  </TestEntries>
  <TestLists>
    <TestList name="목록에 없는 결과" id="8c84fa94-04c1-424b-9868-57a2d4851a1d" />
    <TestList name="로드된 모든 결과" id="19431567-8539-422a-85d7-44ee4e166bda" />
  </TestLists>
  <ResultSummary outcome="Completed">
    <Counters total="17" executed="17" passed="17" failed="0" error="0" timeout="0" aborted="0" inconclusive="0" passedButRunAborted="0" notRunnable="0" notExecuted="0" disconnected="0" warning="0" completed="0" inProgress="0" pending="0" />
    <Output>
      <StdOut>[xUnit.net 00:00:00.00] xUnit.net VSTest Adapter v2.8.2+699d445a1a (64-bit .NET 8.0.24)&#xD;
[xUnit.net 00:00:00.04]   Discovering: OrandOverlay.Tests&#xD;
[xUnit.net 00:00:00.14]   Discovered:  OrandOverlay.Tests&#xD;
[xUnit.net 00:00:00.15]   Starting:    OrandOverlay.Tests&#xD;
[xUnit.net 00:00:00.27]   Finished:    OrandOverlay.Tests&#xD;
</StdOut>
    </Output>
  </ResultSummary>
</TestRun>